
 Start         Length     Name                   Class
 0001:00401000 000F8F14H .text                   CODE
 0002:004FA000 00000FB0H .itext                  ICODE
 0003:004FB000 00002B74H .data                   DATA
 0004:004FE000 00005330H .bss                    BSS
 0005:00000000 00000044H .tls                    TLS


Detailed map of segments

 0001:00000000 00009031 C=CODE     S=.text    G=(none)   M=System   ACBP=A9
 0001:00009034 0000010D C=CODE     S=.text    G=(none)   M=SysInit  ACBP=A9
 0001:00009144 00000428 C=CODE     S=.text    G=(none)   M=Types    ACBP=A9
 0001:0000956C 00001A01 C=CODE     S=.text    G=(none)   M=Windows  ACBP=A9
 0001:0000AF70 000001E1 C=CODE     S=.text    G=(none)   M=Messages ACBP=A9
 0001:0000B154 00000172 C=CODE     S=.text    G=(none)   M=ActiveX  ACBP=A9
 0001:0000B2C8 00000116 C=CODE     S=.text    G=(none)   M=CommCtrl ACBP=A9
 0001:0000B3E0 00000358 C=CODE     S=.text    G=(none)   M=SysConst ACBP=A9
 0001:0000B738 00000238 C=CODE     S=.text    G=(none)   M=RTLConsts ACBP=A9
 0001:0000B970 0000066E C=CODE     S=.text    G=(none)   M=Character ACBP=A9
 0001:0000BFE0 00000131 C=CODE     S=.text    G=(none)   M=StrUtils ACBP=A9
 0001:0000C114 0000EB1F C=CODE     S=.text    G=(none)   M=SysUtils ACBP=A9
 0001:0001AC34 000007D3 C=CODE     S=.text    G=(none)   M=VarUtils ACBP=A9
 0001:0001B408 0000818C C=CODE     S=.text    G=(none)   M=Variants ACBP=A9
 0001:00023594 0000180B C=CODE     S=.text    G=(none)   M=TypInfo  ACBP=A9
 0001:00024DA0 0001C090 C=CODE     S=.text    G=(none)   M=Classes  ACBP=A9
 0001:00040E30 000002B0 C=CODE     S=.text    G=(none)   M=TimeSpan ACBP=A9
 0001:000410E0 000014EB C=CODE     S=.text    G=(none)   M=SyncObjs ACBP=A9
 0001:000425CC 00000D46 C=CODE     S=.text    G=(none)   M=UxTheme  ACBP=A9
 0001:00043314 0000005B C=CODE     S=.text    G=(none)   M=Dwmapi   ACBP=A9
 0001:00043370 00001409 C=CODE     S=.text    G=(none)   M=Contnrs  ACBP=A9
 0001:0004477C 00001FDE C=CODE     S=.text    G=(none)   M=HelpIntfs ACBP=A9
 0001:0004675C 0000086B C=CODE     S=.text    G=(none)   M=MultiMon ACBP=A9
 0001:00046FC8 00000268 C=CODE     S=.text    G=(none)   M=Consts   ACBP=A9
 0001:00047230 00000A36 C=CODE     S=.text    G=(none)   M=Masks    ACBP=A9
 0001:00047C68 000000FC C=CODE     S=.text    G=(none)   M=IOUtils  ACBP=A9
 0001:00047D64 0000188F C=CODE     S=.text    G=(none)   M=IniFiles ACBP=A9
 0001:000495F4 000056DA C=CODE     S=.text    G=(none)   M=Registry ACBP=A9
 0001:0004ECD0 0000D524 C=CODE     S=.text    G=(none)   M=Graphics ACBP=A9
 0001:0005C1F4 0000178A C=CODE     S=.text    G=(none)   M=GraphUtil ACBP=A9
 0001:0005D980 000017F3 C=CODE     S=.text    G=(none)   M=StdCtrls ACBP=A9
 0001:0005F174 00000026 C=CODE     S=.text    G=(none)   M=WinSpool ACBP=A9
 0001:0005F19C 00001DDB C=CODE     S=.text    G=(none)   M=Printers ACBP=A9
 0001:00060F78 00000013 C=CODE     S=.text    G=(none)   M=Clipbrd  ACBP=A9
 0001:00060F8C 000003E7 C=CODE     S=.text    G=(none)   M=ExtCtrls ACBP=A9
 0001:00061374 00000415 C=CODE     S=.text    G=(none)   M=ComCtrls ACBP=A9
 0001:0006178C 000009E4 C=CODE     S=.text    G=(none)   M=Dialogs  ACBP=A9
 0001:00062170 00000189 C=CODE     S=.text    G=(none)   M=StdActns ACBP=A9
 0001:000622FC 00000387 C=CODE     S=.text    G=(none)   M=FlatSB   ACBP=A9
 0001:00062684 00009E75 C=CODE     S=.text    G=(none)   M=Menus    ACBP=A9
 0001:0006C4FC 0001F7A8 C=CODE     S=.text    G=(none)   M=Controls ACBP=A9
 0001:0008BCA4 0000580E C=CODE     S=.text    G=(none)   M=Themes   ACBP=A9
 0001:000914B4 00003961 C=CODE     S=.text    G=(none)   M=ImgList  ACBP=A9
 0001:00094E18 0000235F C=CODE     S=.text    G=(none)   M=ActnList ACBP=A9
 0001:00097178 00015771 C=CODE     S=.text    G=(none)   M=Forms    ACBP=A9
 0001:000AC8EC 000007EF C=CODE     S=.text    G=(none)   M=IdException ACBP=A9
 0001:000AD0DC 000004B3 C=CODE     S=.text    G=(none)   M=IdStreamVCL ACBP=A9
 0001:000AD590 000001F8 C=CODE     S=.text    G=(none)   M=IdResourceStrings ACBP=A9
 0001:000AD788 00003612 C=CODE     S=.text    G=(none)   M=IdGlobal ACBP=A9
 0001:000B0D9C 00000394 C=CODE     S=.text    G=(none)   M=IdBaseComponent ACBP=A9
 0001:000B1130 00008DAB C=CODE     S=.text    G=(none)   M=IdWinsock2 ACBP=A9
 0001:000B9EDC 00000532 C=CODE     S=.text    G=(none)   M=IdWship6 ACBP=A9
 0001:000BA410 00001456 C=CODE     S=.text    G=(none)   M=IdStackBSDBase ACBP=A9
 0001:000BB868 00003568 C=CODE     S=.text    G=(none)   M=IdStackWindows ACBP=A9
 0001:000BEDD0 00002E53 C=CODE     S=.text    G=(none)   M=IdStack  ACBP=A9
 0001:000C1C24 000008EC C=CODE     S=.text    G=(none)   M=IdComponent ACBP=A9
 0001:000C2510 00000084 C=CODE     S=.text    G=(none)   M=IdYarn   ACBP=A9
 0001:000C2594 00000342 C=CODE     S=.text    G=(none)   M=IdTask   ACBP=A9
 0001:000C28D8 00000C11 C=CODE     S=.text    G=(none)   M=IdThreadSafe ACBP=A9
 0001:000C34EC 00000170 C=CODE     S=.text    G=(none)   M=IdResourceStringsCore ACBP=A9
 0001:000C365C 000012A7 C=CODE     S=.text    G=(none)   M=IdThread ACBP=A9
 0001:000C4904 000004D2 C=CODE     S=.text    G=(none)   M=IdAntiFreezeBase ACBP=A9
 0001:000C4DD8 0000184E C=CODE     S=.text    G=(none)   M=IdSocketHandle ACBP=A9
 0001:000C6628 00000D1A C=CODE     S=.text    G=(none)   M=IdReply  ACBP=A9
 0001:000C7344 00001E9A C=CODE     S=.text    G=(none)   M=IdBuffer ACBP=A9
 0001:000C91E0 00000888 C=CODE     S=.text    G=(none)   M=IdIntercept ACBP=A9
 0001:000C9A68 000018EB C=CODE     S=.text    G=(none)   M=IdExceptionCore ACBP=A9
 0001:000CB354 0000507F C=CODE     S=.text    G=(none)   M=IdIOHandler ACBP=A9
 0001:000D03D4 00000C60 C=CODE     S=.text    G=(none)   M=IdCustomTransparentProxy ACBP=A9
 0001:000D1034 00000741 C=CODE     S=.text    G=(none)   M=IdReplyRFC ACBP=A9
 0001:000D1778 00001012 C=CODE     S=.text    G=(none)   M=IdTCPClient ACBP=A9
 0001:000D278C 000007EC C=CODE     S=.text    G=(none)   M=IdIPAddress ACBP=A9
 0001:000D2F78 00003814 C=CODE     S=.text    G=(none)   M=IdSocks  ACBP=A9
 0001:000D678C 00000C52 C=CODE     S=.text    G=(none)   M=IdIOHandlerSocket ACBP=A9
 0001:000D73E0 00000B87 C=CODE     S=.text    G=(none)   M=IdIOHandlerStack ACBP=A9
 0001:000D7F68 000013DD C=CODE     S=.text    G=(none)   M=IdTCPConnection ACBP=A9
 0001:000D9348 00000494 C=CODE     S=.text    G=(none)   M=IdScheduler ACBP=A9
 0001:000D97DC 000002F1 C=CODE     S=.text    G=(none)   M=IdServerIOHandler ACBP=A9
 0001:000D9AD0 000003A7 C=CODE     S=.text    G=(none)   M=IdServerIOHandlerSocket ACBP=A9
 0001:000D9E78 00000188 C=CODE     S=.text    G=(none)   M=IdServerIOHandlerStack ACBP=A9
 0001:000DA000 00000582 C=CODE     S=.text    G=(none)   M=IdContext ACBP=A9
 0001:000DA584 000001AE C=CODE     S=.text    G=(none)   M=IdSchedulerOfThreadDefault ACBP=A9
 0001:000DA734 0000089F C=CODE     S=.text    G=(none)   M=IdSchedulerOfThread ACBP=A9
 0001:000DAFD4 00001CD0 C=CODE     S=.text    G=(none)   M=IdCustomTCPServer ACBP=A9
 0001:000DCCA4 00000272 C=CODE     S=.text    G=(none)   M=IdTCPServer ACBP=A9
 0001:000DCF18 00000CF4 C=CODE     S=.text    G=(none)   M=IdUDPBase ACBP=A9
 0001:000DDC0C 00001223 C=CODE     S=.text    G=(none)   M=IdUDPClient ACBP=A9
 0001:000DEE30 00000030 C=CODE     S=.text    G=(none)   M=BrkrConst ACBP=A9
 0001:000DEE60 00000070 C=CODE     S=.text    G=(none)   M=WebConst ACBP=A9
 0001:000DEED0 00007B0C C=CODE     S=.text    G=(none)   M=HTTPApp  ACBP=A9
 0001:000E69DC 00000FD1 C=CODE     S=.text    G=(none)   M=SockTransport ACBP=A9
 0001:000E79B0 0000022C C=CODE     S=.text    G=(none)   M=IdTCPStream ACBP=A9
 0001:000E7BDC 00000426 C=CODE     S=.text    G=(none)   M=IndySockTransport ACBP=A9
 0001:000E8004 00001A37 C=CODE     S=.text    G=(none)   M=SockRequestInterpreter ACBP=A9
 0001:000E9A3C 00001AEB C=CODE     S=.text    G=(none)   M=WebReq   ACBP=A9
 0001:000EB528 00001CFC C=CODE     S=.text    G=(none)   M=SockHTTP ACBP=A9
 0001:000ED224 0000027C C=CODE     S=.text    G=(none)   M=SockAppReg ACBP=A9
 0001:000ED4A0 00000808 C=CODE     S=.text    G=(none)   M=SockAppNotify ACBP=A9
 0001:000EDCA8 00000DE3 C=CODE     S=.text    G=(none)   M=SockApp  ACBP=A9
 0001:000EEA8C 000001E3 C=CODE     S=.text    G=(none)   M=UDUnitServer ACBP=A9
 0001:000EEC70 0000137C C=CODE     S=.text    G=(none)   M=CopyPrsr ACBP=A9
 0001:000EFFEC 00001F71 C=CODE     S=.text    G=(none)   M=HTTPProd ACBP=A9
 0001:000F1F60 000003C0 C=CODE     S=.text    G=(none)   M=UModelo  ACBP=A9
 0001:000F2320 000000C4 C=CODE     S=.text    G=(none)   M=UParcelasMaximasException ACBP=A9
 0001:000F23E4 000000D4 C=CODE     S=.text    G=(none)   M=UValorMaximoEstagiarioException ACBP=A9
 0001:000F24B8 00000318 C=CODE     S=.text    G=(none)   M=UDMSimulaCredito ACBP=A9
 0001:000F27D0 00000394 C=CODE     S=.text    G=(none)   M=UDMSimulaCreditoEstagiario ACBP=A9
 0001:000F2B64 00000120 C=CODE     S=.text    G=(none)   M=UFabricaDataModules ACBP=A9
 0001:000F2C84 00000527 C=CODE     S=.text    G=(none)   M=UDMWebBroker ACBP=A9
 0001:000F31AC 00005D67 C=CODE     S=.text    G=(none)   M=SimuladorCreditoWeb ACBP=A9
 0002:00000000 000000AA C=ICODE    S=.itext   G=(none)   M=System   ACBP=A9
 0002:000000AC 00000016 C=ICODE    S=.itext   G=(none)   M=Windows  ACBP=A9
 0002:000000C4 000000B4 C=ICODE    S=.itext   G=(none)   M=SysUtils ACBP=A9
 0002:00000178 0000000F C=ICODE    S=.itext   G=(none)   M=VarUtils ACBP=A9
 0002:00000188 000000AA C=ICODE    S=.itext   G=(none)   M=Variants ACBP=A9
 0002:00000234 00000008 C=ICODE    S=.itext   G=(none)   M=TypInfo  ACBP=A9
 0002:0000023C 0000009D C=ICODE    S=.itext   G=(none)   M=Classes  ACBP=A9
 0002:000002DC 00000032 C=ICODE    S=.itext   G=(none)   M=TimeSpan ACBP=A9
 0002:00000310 0000000F C=ICODE    S=.itext   G=(none)   M=SyncObjs ACBP=A9
 0002:00000320 0000001B C=ICODE    S=.itext   G=(none)   M=UxTheme  ACBP=A9
 0002:0000033C 00000008 C=ICODE    S=.itext   G=(none)   M=HelpIntfs ACBP=A9
 0002:00000344 0000000F C=ICODE    S=.itext   G=(none)   M=MultiMon ACBP=A9
 0002:00000354 00000460 C=ICODE    S=.itext   G=(none)   M=IOUtils  ACBP=A9
 0002:000007B4 00000008 C=ICODE    S=.itext   G=(none)   M=IniFiles ACBP=A9
 0002:000007BC 00000008 C=ICODE    S=.itext   G=(none)   M=Registry ACBP=A9
 0002:000007C4 000000FB C=ICODE    S=.itext   G=(none)   M=Graphics ACBP=A9
 0002:000008C0 00000086 C=ICODE    S=.itext   G=(none)   M=GraphUtil ACBP=A9
 0002:00000948 00000008 C=ICODE    S=.itext   G=(none)   M=Printers ACBP=A9
 0002:00000950 00000078 C=ICODE    S=.itext   G=(none)   M=Clipbrd  ACBP=A9
 0002:000009C8 00000054 C=ICODE    S=.itext   G=(none)   M=ExtCtrls ACBP=A9
 0002:00000A1C 00000039 C=ICODE    S=.itext   G=(none)   M=ComCtrls ACBP=A9
 0002:00000A58 0000003D C=ICODE    S=.itext   G=(none)   M=Dialogs  ACBP=A9
 0002:00000A98 0000000F C=ICODE    S=.itext   G=(none)   M=FlatSB   ACBP=A9
 0002:00000AA8 00000085 C=ICODE    S=.itext   G=(none)   M=Menus    ACBP=A9
 0002:00000B30 00000088 C=ICODE    S=.itext   G=(none)   M=Controls ACBP=A9
 0002:00000BB8 00000008 C=ICODE    S=.itext   G=(none)   M=Themes   ACBP=A9
 0002:00000BC0 0000002A C=ICODE    S=.itext   G=(none)   M=ActnList ACBP=A9
 0002:00000BEC 0000005C C=ICODE    S=.itext   G=(none)   M=Forms    ACBP=A9
 0002:00000C48 00000054 C=ICODE    S=.itext   G=(none)   M=IdGlobal ACBP=A9
 0002:00000C9C 00000056 C=ICODE    S=.itext   G=(none)   M=IdWinsock2 ACBP=A9
 0002:00000CF4 00000008 C=ICODE    S=.itext   G=(none)   M=IdWship6 ACBP=A9
 0002:00000CFC 00000080 C=ICODE    S=.itext   G=(none)   M=IdStackWindows ACBP=A9
 0002:00000D7C 0000002F C=ICODE    S=.itext   G=(none)   M=IdStack  ACBP=A9
 0002:00000DAC 00000014 C=ICODE    S=.itext   G=(none)   M=IdComponent ACBP=A9
 0002:00000DC0 00000054 C=ICODE    S=.itext   G=(none)   M=IdThread ACBP=A9
 0002:00000E14 00000008 C=ICODE    S=.itext   G=(none)   M=IdIOHandler ACBP=A9
 0002:00000E1C 00000014 C=ICODE    S=.itext   G=(none)   M=IdIOHandlerStack ACBP=A9
 0002:00000E30 00000008 C=ICODE    S=.itext   G=(none)   M=HTTPApp  ACBP=A9
 0002:00000E38 00000049 C=ICODE    S=.itext   G=(none)   M=WebReq   ACBP=A9
 0002:00000E84 00000043 C=ICODE    S=.itext   G=(none)   M=SockApp  ACBP=A9
 0002:00000EC8 00000044 C=ICODE    S=.itext   G=(none)   M=UDUnitServer ACBP=A9
 0002:00000F0C 00000008 C=ICODE    S=.itext   G=(none)   M=HTTPProd ACBP=A9
 0002:00000F14 00000021 C=ICODE    S=.itext   G=(none)   M=UDMWebBroker ACBP=A9
 0002:00000F38 00000075 C=ICODE    S=.itext   G=(none)   M=SimuladorCreditoWeb ACBP=A9
 0003:00000000 000009E4 C=DATA     S=.data    G=DGROUP   M=System   ACBP=A9
 0003:000009E4 00000024 C=DATA     S=.data    G=DGROUP   M=SysInit  ACBP=A9
 0003:00000A08 0000000C C=DATA     S=.data    G=DGROUP   M=Windows  ACBP=A9
 0003:00000A14 00000100 C=DATA     S=.data    G=DGROUP   M=Character ACBP=A9
 0003:00000B14 00000300 C=DATA     S=.data    G=DGROUP   M=SysUtils ACBP=A9
 0003:00000E14 00000008 C=DATA     S=.data    G=DGROUP   M=VarUtils ACBP=A9
 0003:00000E1C 00000152 C=DATA     S=.data    G=DGROUP   M=Variants ACBP=A9
 0003:00000F70 0000000C C=DATA     S=.data    G=DGROUP   M=TypInfo  ACBP=A9
 0003:00000F7C 000001A4 C=DATA     S=.data    G=DGROUP   M=Classes  ACBP=A9
 0003:00001120 00000010 C=DATA     S=.data    G=DGROUP   M=IOUtils  ACBP=A9
 0003:00001130 0000000C C=DATA     S=.data    G=DGROUP   M=IniFiles ACBP=A9
 0003:0000113C 00000024 C=DATA     S=.data    G=DGROUP   M=Registry ACBP=A9
 0003:00001160 000003C8 C=DATA     S=.data    G=DGROUP   M=Graphics ACBP=A9
 0003:00001528 00000450 C=DATA     S=.data    G=DGROUP   M=GraphUtil ACBP=A9
 0003:00001978 00000020 C=DATA     S=.data    G=DGROUP   M=StdCtrls ACBP=A9
 0003:00001998 0000000C C=DATA     S=.data    G=DGROUP   M=Printers ACBP=A9
 0003:000019A4 00000010 C=DATA     S=.data    G=DGROUP   M=ComCtrls ACBP=A9
 0003:000019B4 0000007C C=DATA     S=.data    G=DGROUP   M=Dialogs  ACBP=A9
 0003:00001A30 00000144 C=DATA     S=.data    G=DGROUP   M=Menus    ACBP=A9
 0003:00001B74 000001BC C=DATA     S=.data    G=DGROUP   M=Controls ACBP=A9
 0003:00001D30 00000068 C=DATA     S=.data    G=DGROUP   M=Themes   ACBP=A9
 0003:00001D98 00000048 C=DATA     S=.data    G=DGROUP   M=ImgList  ACBP=A9
 0003:00001DE0 00000144 C=DATA     S=.data    G=DGROUP   M=Forms    ACBP=A9
 0003:00001F24 00000058 C=DATA     S=.data    G=DGROUP   M=IdGlobal ACBP=A9
 0003:00001F7C 00000278 C=DATA     S=.data    G=DGROUP   M=IdWinsock2 ACBP=A9
 0003:000021F4 00000044 C=DATA     S=.data    G=DGROUP   M=IdWship6 ACBP=A9
 0003:00002238 00000004 C=DATA     S=.data    G=DGROUP   M=IdStackConsts ACBP=A9
 0003:0000223C 0000000C C=DATA     S=.data    G=DGROUP   M=IdStackBSDBase ACBP=A9
 0003:00002248 0000000C C=DATA     S=.data    G=DGROUP   M=IdStackWindows ACBP=A9
 0003:00002254 00000014 C=DATA     S=.data    G=DGROUP   M=IdStack  ACBP=A9
 0003:00002268 00000024 C=DATA     S=.data    G=DGROUP   M=IdComponent ACBP=A9
 0003:0000228C 00000004 C=DATA     S=.data    G=DGROUP   M=IdThread ACBP=A9
 0003:00002290 00000004 C=DATA     S=.data    G=DGROUP   M=IdAntiFreezeBase ACBP=A9
 0003:00002294 00000008 C=DATA     S=.data    G=DGROUP   M=IdIOHandler ACBP=A9
 0003:0000229C 0000004C C=DATA     S=.data    G=DGROUP   M=HTTPApp  ACBP=A9
 0003:000022E8 00000028 C=DATA     S=.data    G=DGROUP   M=SockTransport ACBP=A9
 0003:00002310 00000004 C=DATA     S=.data    G=DGROUP   M=WebCntxt ACBP=A9
 0003:00002314 00000004 C=DATA     S=.data    G=DGROUP   M=WebReq   ACBP=A9
 0003:00002318 00000008 C=DATA     S=.data    G=DGROUP   M=SockApp  ACBP=A9
 0003:00002320 00000048 C=DATA     S=.data    G=DGROUP   M=HTTPProd ACBP=A9
 0004:00000000 00002C38 C=BSS      S=.bss     G=DGROUP   M=System   ACBP=A9
 0004:00002C38 0000000C C=BSS      S=.bss     G=DGROUP   M=SysInit  ACBP=A9
 0004:00002C44 00000008 C=BSS      S=.bss     G=DGROUP   M=Windows  ACBP=A9
 0004:00002C4C 0000001C C=BSS      S=.bss     G=DGROUP   M=Character ACBP=A9
 0004:00002C68 00002240 C=BSS      S=.bss     G=DGROUP   M=SysUtils ACBP=A9
 0004:00004EA8 0000005C C=BSS      S=.bss     G=DGROUP   M=VarUtils ACBP=A9
 0004:00004F04 00000040 C=BSS      S=.bss     G=DGROUP   M=Variants ACBP=A9
 0004:00004F44 00000004 C=BSS      S=.bss     G=DGROUP   M=TypInfo  ACBP=A9
 0004:00004F48 00000048 C=BSS      S=.bss     G=DGROUP   M=Classes  ACBP=A9
 0004:00004F90 00000014 C=BSS      S=.bss     G=DGROUP   M=TimeSpan ACBP=A9
 0004:00004FA4 00000018 C=BSS      S=.bss     G=DGROUP   M=SyncObjs ACBP=A9
 0004:00004FBC 000000CC C=BSS      S=.bss     G=DGROUP   M=UxTheme  ACBP=A9
 0004:00005088 00000008 C=BSS      S=.bss     G=DGROUP   M=HelpIntfs ACBP=A9
 0004:00005090 00000031 C=BSS      S=.bss     G=DGROUP   M=MultiMon ACBP=A9
 0004:000050C4 00000024 C=BSS      S=.bss     G=DGROUP   M=IOUtils  ACBP=A9
 0004:000050E8 00000004 C=BSS      S=.bss     G=DGROUP   M=IniFiles ACBP=A9
 0004:000050EC 00000004 C=BSS      S=.bss     G=DGROUP   M=Registry ACBP=A9
 0004:000050F0 00000064 C=BSS      S=.bss     G=DGROUP   M=Graphics ACBP=A9
 0004:00005154 00000010 C=BSS      S=.bss     G=DGROUP   M=GraphUtil ACBP=A9
 0004:00005164 00000004 C=BSS      S=.bss     G=DGROUP   M=Printers ACBP=A9
 0004:00005168 0000000C C=BSS      S=.bss     G=DGROUP   M=Clipbrd  ACBP=A9
 0004:00005174 00000008 C=BSS      S=.bss     G=DGROUP   M=ExtCtrls ACBP=A9
 0004:0000517C 00000010 C=BSS      S=.bss     G=DGROUP   M=ComCtrls ACBP=A9
 0004:0000518C 0000000C C=BSS      S=.bss     G=DGROUP   M=Dialogs  ACBP=A9
 0004:00005198 00000034 C=BSS      S=.bss     G=DGROUP   M=FlatSB   ACBP=A9
 0004:000051CC 00000010 C=BSS      S=.bss     G=DGROUP   M=Menus    ACBP=A9
 0004:000051DC 0000008C C=BSS      S=.bss     G=DGROUP   M=Controls ACBP=A9
 0004:00005268 0000000C C=BSS      S=.bss     G=DGROUP   M=Themes   ACBP=A9
 0004:00005274 00000008 C=BSS      S=.bss     G=DGROUP   M=ImgList  ACBP=A9
 0004:0000527C 00000004 C=BSS      S=.bss     G=DGROUP   M=ActnList ACBP=A9
 0004:00005280 00000028 C=BSS      S=.bss     G=DGROUP   M=Forms    ACBP=A9
 0004:000052A8 00000004 C=BSS      S=.bss     G=DGROUP   M=IdGlobal ACBP=A9
 0004:000052AC 00000024 C=BSS      S=.bss     G=DGROUP   M=IdWinsock2 ACBP=A9
 0004:000052D0 00000004 C=BSS      S=.bss     G=DGROUP   M=IdWship6 ACBP=A9
 0004:000052D4 00000004 C=BSS      S=.bss     G=DGROUP   M=IdStackWindows ACBP=A9
 0004:000052D8 00000008 C=BSS      S=.bss     G=DGROUP   M=IdStack  ACBP=A9
 0004:000052E0 00000004 C=BSS      S=.bss     G=DGROUP   M=IdComponent ACBP=A9
 0004:000052E4 00000004 C=BSS      S=.bss     G=DGROUP   M=IdThread ACBP=A9
 0004:000052E8 00000004 C=BSS      S=.bss     G=DGROUP   M=IdIOHandler ACBP=A9
 0004:000052EC 00000004 C=BSS      S=.bss     G=DGROUP   M=IdIOHandlerStack ACBP=A9
 0004:000052F0 00000008 C=BSS      S=.bss     G=DGROUP   M=HTTPApp  ACBP=A9
 0004:000052F8 00000008 C=BSS      S=.bss     G=DGROUP   M=WebCntxt ACBP=A9
 0004:00005300 00000004 C=BSS      S=.bss     G=DGROUP   M=WebReq   ACBP=A9
 0004:00005304 00000014 C=BSS      S=.bss     G=DGROUP   M=SockApp  ACBP=A9
 0004:00005318 00000008 C=BSS      S=.bss     G=DGROUP   M=UDUnitServer ACBP=A9
 0004:00005320 00000004 C=BSS      S=.bss     G=DGROUP   M=HTTPProd ACBP=A9
 0004:00005324 00000004 C=BSS      S=.bss     G=DGROUP   M=UDMSimulaCreditoEstagiario ACBP=A9
 0004:00005328 00000008 C=BSS      S=.bss     G=DGROUP   M=UDMWebBroker ACBP=A9
 0005:00000000 00000008 C=TLS      S=.tls     G=(none)   M=System   ACBP=A9
 0005:00000008 0000000C C=TLS      S=.tls     G=(none)   M=Classes  ACBP=A9
 0005:00000014 00000004 C=TLS      S=.tls     G=(none)   M=SyncObjs ACBP=A9
 0005:00000018 00000024 C=TLS      S=.tls     G=(none)   M=GraphUtil ACBP=A9
 0005:0000003C 00000008 C=TLS      S=.tls     G=(none)   M=WebReq   ACBP=A9


  Address             Publics by Name

 0001:0000B2B8       ActiveX.OleInitialize
 0001:0000B2C0       ActiveX.OleUninitialize
 0004:0000527C       ActnList..9
 0001:00096000       ActnList..TActionLink
 0001:00095120       ActnList..TActionListEnumerator
 0001:00094E18       ActnList..TContainedAction
 0001:000959CC       ActnList..TCustomAction
 0001:00095390       ActnList..TCustomActionList
 0001:000957A4       ActnList..TShortCutList
 0002:00000BC0       ActnList.ActnList
 0001:00097170       ActnList.Finalization
 0001:000967B8       ActnList.TActionLink.IsCaptionLinked
 0001:000967CC       ActnList.TActionLink.IsCheckedLinked
 0001:000967E0       ActnList.TActionLink.IsEnabledLinked
 0001:000967F4       ActnList.TActionLink.IsGroupIndexLinked
 0001:00096808       ActnList.TActionLink.IsHelpContextLinked
 0001:0009681C       ActnList.TActionLink.IsHelpLinked
 0001:00096830       ActnList.TActionLink.IsHintLinked
 0001:00096844       ActnList.TActionLink.IsImageIndexLinked
 0001:00096858       ActnList.TActionLink.IsShortCutLinked
 0001:0009686C       ActnList.TActionLink.IsVisibleLinked
 0001:00096880       ActnList.TActionLink.SetAutoCheck
 0001:00096884       ActnList.TActionLink.SetCaption
 0001:00096888       ActnList.TActionLink.SetChecked
 0001:0009688C       ActnList.TActionLink.SetEnabled
 0001:00096890       ActnList.TActionLink.SetGroupIndex
 0001:00096894       ActnList.TActionLink.SetHelpContext
 0001:00096898       ActnList.TActionLink.SetHelpKeyword
 0001:0009689C       ActnList.TActionLink.SetHelpType
 0001:000968A0       ActnList.TActionLink.SetHint
 0001:000968A4       ActnList.TActionLink.SetImageIndex
 0001:000968A8       ActnList.TActionLink.SetShortCut
 0001:000968AC       ActnList.TActionLink.SetVisible
 0001:0009631C       ActnList.TActionListEnumerator.Create
 0001:00096360       ActnList.TActionListEnumerator.GetCurrent
 0001:0009636C       ActnList.TActionListEnumerator.MoveNext
 0001:00096108       ActnList.TContainedAction.Destroy
 0001:00096274       ActnList.TContainedAction.Execute
 0001:0009613C       ActnList.TContainedAction.GetIndex
 0001:00096158       ActnList.TContainedAction.GetParentComponent
 0001:00096168       ActnList.TContainedAction.HasParent
 0001:00096154       ActnList.TContainedAction.IsCategoryStored
 0001:00096178       ActnList.TContainedAction.ReadState
 0001:00096220       ActnList.TContainedAction.SetActionList
 0001:000961F4       ActnList.TContainedAction.SetCategory
 0001:000961AC       ActnList.TContainedAction.SetIndex
 0001:00096248       ActnList.TContainedAction.SetParentComponent
 0001:000962CC       ActnList.TContainedAction.Update
 0001:0009695C       ActnList.TCustomAction.AssignTo
 0001:000968B0       ActnList.TCustomAction.Create
 0001:00096904       ActnList.TCustomAction.Destroy
 0001:00096FE8       ActnList.TCustomAction.DoHint
 0001:00097010       ActnList.TCustomAction.Execute
 0001:00097074       ActnList.TCustomAction.GetSecondaryShortCuts
 0001:000970F4       ActnList.TCustomAction.HandleShortCut
 0001:000970D0       ActnList.TCustomAction.IsSecondaryShortCutsStored
 0001:00096A68       ActnList.TCustomAction.SetAutoCheck
 0001:00096AC8       ActnList.TCustomAction.SetCaption
 0001:00096B28       ActnList.TCustomAction.SetChecked
 0001:00096C30       ActnList.TCustomAction.SetEnabled
 0001:00096CAC       ActnList.TCustomAction.SetGroupIndex
 0001:00096DC4       ActnList.TCustomAction.SetHelpContext
 0001:00096D5C       ActnList.TCustomAction.SetHelpKeyword
 0001:00096D04       ActnList.TCustomAction.SetHelpType
 0001:00096E1C       ActnList.TCustomAction.SetHint
 0001:00096E7C       ActnList.TCustomAction.SetImageIndex
 0001:00096F9C       ActnList.TCustomAction.SetName
 0001:0009709C       ActnList.TCustomAction.SetSecondaryShortCuts
 0001:00096ED8       ActnList.TCustomAction.SetShortCut
 0001:00096F3C       ActnList.TCustomAction.SetVisible
 0001:00096580       ActnList.TCustomActionList.AddAction
 0001:000965C8       ActnList.TCustomActionList.Change
 0001:00096388       ActnList.TCustomActionList.Create
 0001:000963F4       ActnList.TCustomActionList.Destroy
 0001:000966D4       ActnList.TCustomActionList.ExecuteAction
 0001:000964C4       ActnList.TCustomActionList.GetAction
 0001:000964D8       ActnList.TCustomActionList.GetActionCount
 0001:0009644C       ActnList.TCustomActionList.GetChildren
 0001:000964E0       ActnList.TCustomActionList.GetEnumerator
 0001:00096524       ActnList.TCustomActionList.ImageListChange
 0001:00096630       ActnList.TCustomActionList.IsShortCut
 0001:00096530       ActnList.TCustomActionList.Notification
 0001:000965A0       ActnList.TCustomActionList.RemoveAction
 0001:00096494       ActnList.TCustomActionList.SetChildOrder
 0001:000964F0       ActnList.TCustomActionList.SetImages
 0001:00096714       ActnList.TCustomActionList.SetState
 0001:000966F4       ActnList.TCustomActionList.UpdateAction
 0001:00097100       ActnList.TShortCutList.Add
 0001:0009712C       ActnList.TShortCutList.IndexOfShortCut
 0004:00002C58       Character.CategoryTable
 0004:00002C50       Character.CatIndexPrimary
 0004:00002C54       Character.CatIndexSecondary
 0004:00002C4C       Character.DataTable
 0003:00000A14       Character.Latin1Categories
 0004:00002C64       Character.NumericValueTable
 0004:00002C5C       Character.NumIndexPrimary
 0004:00002C60       Character.NumIndexSecondary
 0001:0000B970       Character.TCharacter.CheckLetter
 0001:0000B97C       Character.TCharacter.CheckLetterOrDigit
 0001:0000BCE4       Character.TCharacter.ConvertFromUtf32
 0001:0000BCD8       Character.TCharacter.ConvertToUtf32
 0001:0000BAF8       Character.TCharacter.ConvertToUtf32
 0001:0000BA98       Character.TCharacter.GetUnicodeCategory
 0001:0000BE50       Character.TCharacter.GetUnicodeCategory
 0001:0000BDA8       Character.TCharacter.Initialize
 0001:0000BA8C       Character.TCharacter.IsAscii
 0001:0000B98C       Character.TCharacter.IsLatin1
 0001:0000B998       Character.TCharacter.IsLetter
 0001:0000BA24       Character.TCharacter.IsLetterOrDigit
 0004:00004F58       Classes..66
 0001:000256D4       Classes..EBitsError
 0001:0002546C       Classes..EClassNotFound
 0001:0002580C       Classes..EComponentError
 0001:00025174       Classes..EFCreateError
 0001:000252A8       Classes..EFilerError
 0001:00025078       Classes..EFileStreamError
 0001:00025210       Classes..EFOpenError
 0001:00025508       Classes..EInvalidImage
 0001:000259E8       Classes..EInvalidOperation
 0001:00025640       Classes..EListError
 0001:00025948       Classes..EOutOfResources
 0001:000258AC       Classes..EParserError
 0001:00025340       Classes..EReadError
 0001:000255A4       Classes..EResNotFound
 0001:00024FDC       Classes..EStreamError
 0001:00025768       Classes..EStringListError
 0001:0002D5EC       Classes..EThread
 0001:000253D4       Classes..EWriteError
 0001:0002EF94       Classes..TBasicAction
 0001:0002ED78       Classes..TBasicActionLink
 0001:00026790       Classes..TBits
 0001:000299D8       Classes..TBytesStream
 0001:0002A7F4       Classes..TClassFinder
 0001:00027014       Classes..TCollection
 0001:00026E70       Classes..TCollectionEnumerator
 0001:00026C04       Classes..TCollectionItem
 0001:0002E430       Classes..TComponent
 0001:0003F418       Classes..TComponent.FindComponent$ActRec
 0001:0002DFD8       Classes..TComponentEnumerator
 0001:00029548       Classes..TCustomMemoryStream
 0001:0002F3A0       Classes..TDataModule
 0001:0002ABC8       Classes..TFiler
 0001:00029364       Classes..TFileStream
 0001:0002914C       Classes..THandleStream
 0001:000311EC       Classes..TIntConst
 0001:00026A90       Classes..TInterfacedPersistent
 0001:00025DC4       Classes..TList
 0001:00032150       Classes..TList.Sort$ActRec
 0001:00025BF0       Classes..TListEnumerator
 0001:00029790       Classes..TMemoryStream
 0001:000274AC       Classes..TOwnedCollection
 0001:0002CF84       Classes..TParser
 0001:000268C8       Classes..TPersistent
 0001:00036BA8       Classes..TPropFixup
 0001:00036DD4       Classes..TPropIntfFixup
 0001:0002B5E0       Classes..TReader
 0001:0002F8D0       Classes..TRegGroup
 0001:0002FD30       Classes..TRegGroups
 0001:00029EC8       Classes..TResourceStream
 0001:00028B40       Classes..TStream
 0001:0002A248       Classes..TStreamAdapter
 0001:000284C4       Classes..TStringList
 0001:0002784C       Classes..TStrings
 0001:000276A4       Classes..TStringsEnumerator
 0001:00029B20       Classes..TStringStream
 0001:0002D7E0       Classes..TThread
 0001:000264D8       Classes..TThreadList
 0001:0002C4E8       Classes..TWriter
 0001:00031178       Classes.ActivateClassGroup
 0003:00000F7C       Classes.AddDataModule
 0001:00037100       Classes.AddFinished
 0001:00037138       Classes.AddNotFinished
 0001:00037DA4       Classes.AddSubComponentsToLoaded
 0001:00040BD4       Classes.AllocateHWnd
 0001:0003B340       Classes.AncestorIsValid
 0003:00000F8C       Classes.ApplicationHandleException
 0003:00000F94       Classes.ApplicationShowException
 0001:00031658       Classes.BeginGlobalLoading
 0001:0003CD8C       Classes.BinToHex
 0003:000010F4       Classes.BlockCode
 0001:0002F894       Classes.Bounds
 0001:00040A34       Classes.CalcJmpOffset
 0001:00037DE0       Classes.CheckSubComponents
 0001:0003DCD0       Classes.CheckSynchronize
 0002:0000024C       Classes.Classes
 0001:00030EBC       Classes.ClassNotFound
 0001:00040AE8       Classes.CleanupInstFreeList
 0001:000318F8       Classes.CollectionsEqual
 0001:00037EC0       Classes.ComponentCreated
 0003:00001064       Classes.Convert
 0003:00000FF4       Classes.Convert
 0003:00000FD4       Classes.Convert
 0001:00039DE0       Classes.CopyBinary
 0001:00039D50       Classes.CopyBytes
 0001:00039D04       Classes.CopyList
 0001:00039C7C       Classes.CopySetBody
 0001:00037F40       Classes.CreateComponent
 0003:00000F9C       Classes.CreateVCLComObjectProc
 0001:00040C88       Classes.DeallocateHWnd
 0001:0003DBF8       Classes.DoneThreadSynchronization
 0001:000337DC       Classes.DoWrite
 0001:0004077C       Classes.DoWriteHeight
 0001:00040714       Classes.DoWriteHorizontalOffset
 0001:00040748       Classes.DoWriteVerticalOffset
 0001:000406EC       Classes.DoWriteWidth
 0003:00000FAC       Classes.Dummy32bitResHeader
 0001:00040CB0       Classes.EFileStreamError.Create
 0001:000316E0       Classes.EndGlobalLoading
 0001:000369E0       Classes.Error
 0001:00030960       Classes.Error
 0004:00004F84       Classes.ExternalThreads
 0003:00000FA8       Classes.FilerSignature
 0001:00040D60       Classes.Finalization
 0001:0003AA30       Classes.FindAncestor
 0001:00030F94       Classes.FindClass
 0001:000380F0       Classes.FindExistingComponent
 0001:00031570       Classes.FindGlobalComponent
 0004:00004F64       Classes.FindGlobalComponentProcs
 0001:00031414       Classes.FindIdentToInt
 0001:00031398       Classes.FindIntToIdent
 0001:0003B7B4       Classes.FindMethodName
 0001:00037008       Classes.FindNestedComponent
 0001:0003916C       Classes.FindUniqueName
 0001:0003DC10       Classes.FreeExternalThreads
 0001:00040344       Classes.FreeIntConstList
 0001:00040AD4       Classes.FreeObjectInstance
 0001:00030F28       Classes.GetClass
 0001:0003BEA8       Classes.GetComponentValue
 0001:00032BF0       Classes.GetDesigner
 0001:00030EB0       Classes.GetFieldClassTable
 0001:00040B24       Classes.GetFreeInstBlockItemCount
 0004:00004F68       Classes.GlobalFixupList
 0001:00037180       Classes.GlobalFixupReferences
 0005:00000010       Classes.GlobalLists
 0005:0000000C       Classes.GlobalLoaded
 0004:00004F4C       Classes.GlobalNameSpace
 0001:0003110C       Classes.GroupDescendentsWith
 0001:00038900       Classes.HandleException
 0001:0003CE58       Classes.HexToBin
 0001:0003CDCC       Classes.HexToBin
 0001:00031490       Classes.IdentToInt
 0001:0003173C       Classes.InitComponent
 0001:000317C8       Classes.InitInheritedComponent
 0001:0003DBC4       Classes.InitThreadSynchronization
 0004:00004F88       Classes.InstBlockList
 0004:00004F8C       Classes.InstFreeList
 0004:00004F5C       Classes.IntConstList
 0001:000315D4       Classes.InternalReadComponentRes
 0001:000314D4       Classes.IntToIdent
 0001:0002F8BC       Classes.InvalidPoint
 0001:0003B534       Classes.IsDefault
 0001:0003B3B0       Classes.IsDefaultFloatProp
 0001:0003B40C       Classes.IsDefaultInt64Prop
 0001:0003B6D8       Classes.IsDefaultInterfaceProp
 0001:0003B80C       Classes.IsDefaultMethodProp
 0001:0003B58C       Classes.IsDefaultObjectProp
 0001:0003B358       Classes.IsDefaultOrdProp
 0001:0003B944       Classes.IsDefaultPropertyValue
 0001:0003B464       Classes.IsDefaultStrProp
 0001:0003B60C       Classes.IsDefaultValue
 0001:0003B8AC       Classes.IsDefaultVariantProp
 0001:000315B0       Classes.IsUniqueGlobalComponentName
 0004:00004F50       Classes.IsUniqueGlobalComponentNameProc
 0001:00031A14       Classes.LineStart
 0001:00031A34       Classes.LineStart
 0001:00040A3C       Classes.MakeObjectInstance
 0001:00032840       Classes.Min
 0001:000403BC       Classes.ModuleUnload
 0003:00000FCC       Classes.NilMethod
 0001:00032C94       Classes.NotifyDesigner
 0001:000316B0       Classes.NotifyGlobalLoading
 0001:0003B4F4       Classes.ObjectAncestorMatch
 0001:0003BE90       Classes.OwnedBy
 0001:0002F84C       Classes.Point
 0003:000010D8       Classes.Priorities
 0001:000374C0       Classes.PropertyNotFound
 0001:000389D0       Classes.PropPathError
 0001:000374B4       Classes.PropValueError
 0001:00032018       Classes.QuickSort
 0001:000356D8       Classes.RaiseException
 0001:0003A2C8       Classes.ReadCustomVariant
 0001:0003749C       Classes.ReadError
 0001:00037EE0       Classes.Recover
 0001:0002F86C       Classes.Rect
 0004:00004F60       Classes.RegGroups
 0001:00030FB4       Classes.RegisterClass
 0001:00031518       Classes.RegisterFindGlobalComponentProc
 0001:0003136C       Classes.RegisterIntegerConsts
 0001:00040B54       Classes.ReleaseObjectInstanceBlocks
 0003:00000F84       Classes.RemoveDataModule
 0001:00037354       Classes.RemoveFixupReferences
 0001:00037408       Classes.RemoveFixups
 0001:00037804       Classes.RemoveGlobalFixup
 0001:0003DC9C       Classes.ResetSyncEvent
 0001:00031B94       Classes.ReturnAddr
 0001:00033948       Classes.ReturnAddr
 0001:00038050       Classes.SetCompName
 0001:000374EC       Classes.SetElementValue
 0001:00038D48       Classes.SetInterfaceReference
 0001:00038C64       Classes.SetIntIdent
 0001:00038CAC       Classes.SetObjectIdent
 0001:00037E58       Classes.SetSubComponentState
 0001:00038CEC       Classes.SetVariantReference
 0001:0003DCC4       Classes.SignalSyncEvent
 0001:00039A38       Classes.SkipBinary
 0001:00039A68       Classes.SkipCollection
 0001:00039A0C       Classes.SkipList
 0001:000310A4       Classes.StartClassGroup
 0001:00040A14       Classes.StdWndProc
 0001:000354C4       Classes.StringListCompareStrings
 0004:00004F54       Classes.SyncEvent
 0003:000010D4       Classes.SyncList
 0001:0003FDB0       Classes.TBasicAction.Change
 0001:0003FC3C       Classes.TBasicAction.Create
 0001:0003FC80       Classes.TBasicAction.Destroy
 0001:0003FD1C       Classes.TBasicAction.Execute
 0001:0003FCEC       Classes.TBasicAction.ExecuteTarget
 0001:0003FCE8       Classes.TBasicAction.HandlesTarget
 0001:0003FCF0       Classes.TBasicAction.Notification
 0001:0003FDC4       Classes.TBasicAction.RegisterChanges
 0001:0003FE10       Classes.TBasicAction.SetActionComponent
 0001:0003FD54       Classes.TBasicAction.SetOnExecute
 0001:0003FDD0       Classes.TBasicAction.UnRegisterChanges
 0001:0003FD38       Classes.TBasicAction.Update
 0001:0003FD18       Classes.TBasicAction.UpdateTarget
 0001:0003FB8C       Classes.TBasicActionLink.AssignClient
 0001:0003FBC4       Classes.TBasicActionLink.Change
 0001:0003FB48       Classes.TBasicActionLink.Create
 0001:0003FB90       Classes.TBasicActionLink.Destroy
 0001:0003FBDC       Classes.TBasicActionLink.Execute
 0001:0003FC24       Classes.TBasicActionLink.IsOnExecuteLinked
 0001:0003FBF8       Classes.TBasicActionLink.SetAction
 0001:0003FC28       Classes.TBasicActionLink.SetOnExecute
 0001:0003FC30       Classes.TBasicActionLink.Update
 0001:000327F8       Classes.TBits.Destroy
 0001:00032828       Classes.TBits.Error
 0001:0003291C       Classes.TBits.OpenBit
 0001:000328F0       Classes.TBits.SetBit
 0001:0003284C       Classes.TBits.SetSize
 0001:00036474       Classes.TBytesStream.Create
 0001:000364D8       Classes.TBytesStream.Realloc
 0001:00030C1C       Classes.TClassFinder.Create
 0001:00030D5C       Classes.TClassFinder.Destroy
 0001:00030D8C       Classes.TClassFinder.GetClass
 0001:00030E28       Classes.TClassFinder.GetClasses
 0001:00032FC4       Classes.TCollection.Add
 0001:000334E0       Classes.TCollection.Added
 0001:00032FE4       Classes.TCollection.Assign
 0001:0003308C       Classes.TCollection.BeginUpdate
 0001:00033090       Classes.TCollection.Changed
 0001:000330A0       Classes.TCollection.Clear
 0001:00032F2C       Classes.TCollection.Create
 0001:000334A4       Classes.TCollection.Delete
 0001:000334E4       Classes.TCollection.Deleting
 0001:00032F78       Classes.TCollection.Destroy
 0001:00033108       Classes.TCollection.EndUpdate
 0001:00033114       Classes.TCollection.FindItemID
 0001:00033148       Classes.TCollection.GetAttr
 0001:00033144       Classes.TCollection.GetAttrCount
 0001:00033168       Classes.TCollection.GetCapacity
 0001:00033190       Classes.TCollection.GetCount
 0001:00033158       Classes.TCollection.GetEnumerator
 0001:00033198       Classes.TCollection.GetItem
 0001:00033170       Classes.TCollection.GetItemAttr
 0001:000331AC       Classes.TCollection.GetNamePath
 0001:00033260       Classes.TCollection.GetPropName
 0001:000333B4       Classes.TCollection.Insert
 0001:000333D0       Classes.TCollection.InsertItem
 0001:000334E8       Classes.TCollection.Notify
 0001:000334D4       Classes.TCollection.Owner
 0001:00033438       Classes.TCollection.RemoveItem
 0001:0003348C       Classes.TCollection.SetCapacity
 0001:0003349C       Classes.TCollection.SetItemName
 0001:000334A0       Classes.TCollection.Update
 0001:00032EC0       Classes.TCollectionEnumerator.Create
 0001:00032F04       Classes.TCollectionEnumerator.GetCurrent
 0001:00032F10       Classes.TCollectionEnumerator.MoveNext
 0001:00032D60       Classes.TCollectionItem.Changed
 0001:00032CF8       Classes.TCollectionItem.Create
 0001:00032D30       Classes.TCollectionItem.Destroy
 0001:00032D9C       Classes.TCollectionItem.GetDisplayName
 0001:00032D84       Classes.TCollectionItem.GetIndex
 0001:00032DB0       Classes.TCollectionItem.GetNamePath
 0001:00032E5C       Classes.TCollectionItem.GetOwner
 0001:00032E60       Classes.TCollectionItem.SetCollection
 0001:00032E88       Classes.TCollectionItem.SetDisplayName
 0001:00032E90       Classes.TCollectionItem.SetIndex
 0001:0003F640       Classes.TComponent.AddSortedComponent
 0001:0003EE5C       Classes.TComponent.BeforeDestruction
 0001:0003F6F4       Classes.TComponent.ChangeName
 0001:0003EDC8       Classes.TComponent.Create
 0001:0003F208       Classes.TComponent.DefineProperties
 0001:0003EE14       Classes.TComponent.Destroy
 0001:0003F08C       Classes.TComponent.DestroyComponents
 0001:0003F0F8       Classes.TComponent.Destroying
 0001:0003F850       Classes.TComponent.ExecuteAction
 0001:0003F4DC       Classes.TComponent.FindComponent
 0001:0003F4D0       Classes.TComponent.FindComponent$ActRec.$0$Body
 0001:0003F5C8       Classes.TComponent.FindSortedComponent
 0001:0003EEA8       Classes.TComponent.FreeNotification
 0001:0003F984       Classes.TComponent.FreeOnRelease
 0001:0003F2AC       Classes.TComponent.GetChildOwner
 0001:0003F2B0       Classes.TComponent.GetChildParent
 0001:0003F2A4       Classes.TComponent.GetChildren
 0001:0003F8B4       Classes.TComponent.GetComObject
 0001:0003F748       Classes.TComponent.GetComponent
 0001:0003F774       Classes.TComponent.GetComponentCount
 0001:0003F72C       Classes.TComponent.GetComponentIndex
 0001:0003F2B4       Classes.TComponent.GetEnumerator
 0001:0003F2C4       Classes.TComponent.GetNamePath
 0001:0003F2D8       Classes.TComponent.GetOwner
 0001:0003F2E0       Classes.TComponent.GetParentComponent
 0001:0003F2A0       Classes.TComponent.HasParent
 0001:0003EF3C       Classes.TComponent.Insert
 0001:0003EFF0       Classes.TComponent.InsertComponent
 0001:0003FA1C       Classes.TComponent.IntfGetComponent
 0001:0003FA20       Classes.TComponent.IsImplementorOf
 0001:0003F300       Classes.TComponent.Loaded
 0001:0003F1A8       Classes.TComponent.Notification
 0001:0003F30C       Classes.TComponent.PaletteCreated
 0001:0003F99C       Classes.TComponent.QueryInterface
 0001:0003EEFC       Classes.TComponent.ReadLeft
 0001:0003F310       Classes.TComponent.ReadState
 0001:0003EF10       Classes.TComponent.ReadTop
 0001:0003FAA0       Classes.TComponent.ReferenceInterface
 0001:0003EF78       Classes.TComponent.Remove
 0001:0003F054       Classes.TComponent.RemoveComponent
 0001:0003F18C       Classes.TComponent.RemoveFreeNotification
 0001:0003EE68       Classes.TComponent.RemoveFreeNotifications
 0001:0003F134       Classes.TComponent.RemoveNotification
 0001:0003F96C       Classes.TComponent.SafeCallException
 0001:0003F2DC       Classes.TComponent.SetChildOrder
 0001:0003F784       Classes.TComponent.SetComponentIndex
 0001:0003F7D8       Classes.TComponent.SetDesigning
 0001:0003F664       Classes.TComponent.SetName
 0001:0003F2E4       Classes.TComponent.SetParentComponent
 0001:0003F828       Classes.TComponent.SetReference
 0001:0003F8A0       Classes.TComponent.SetSubComponent
 0001:0003F878       Classes.TComponent.UpdateAction
 0001:0003F2F4       Classes.TComponent.Updated
 0001:0003F994       Classes.TComponent.UpdateRegistry
 0001:0003F2E8       Classes.TComponent.Updating
 0001:0003F3A8       Classes.TComponent.ValidateContainer
 0001:0003F3BC       Classes.TComponent.ValidateInsert
 0001:0003F320       Classes.TComponent.ValidateRename
 0001:0003EF24       Classes.TComponent.WriteLeft
 0001:0003F318       Classes.TComponent.WriteState
 0001:0003EF30       Classes.TComponent.WriteTop
 0001:0003F9DC       Classes.TComponent._AddRef
 0001:0003F9FC       Classes.TComponent._Release
 0001:0003ED5C       Classes.TComponentEnumerator.Create
 0001:0003EDA0       Classes.TComponentEnumerator.GetCurrent
 0001:0003EDAC       Classes.TComponentEnumerator.MoveNext
 0001:000361B4       Classes.TCustomMemoryStream.Read
 0001:00036228       Classes.TCustomMemoryStream.SaveToFile
 0001:00036210       Classes.TCustomMemoryStream.SaveToStream
 0001:000361EC       Classes.TCustomMemoryStream.Seek
 0001:000361AC       Classes.TCustomMemoryStream.SetPointer
 0001:000404F8       Classes.TDataModule.AfterConstruction
 0001:00040560       Classes.TDataModule.BeforeDestruction
 0001:000403C4       Classes.TDataModule.Create
 0001:00040504       Classes.TDataModule.CreateNew
 0001:000407A4       Classes.TDataModule.DefineProperties
 0001:0004058C       Classes.TDataModule.Destroy
 0001:00040628       Classes.TDataModule.DoCreate
 0001:00040688       Classes.TDataModule.DoDestroy
 0001:000408F4       Classes.TDataModule.GetChildren
 0001:00040960       Classes.TDataModule.HandleCreateException
 0001:000409D0       Classes.TDataModule.ReadHeight
 0001:000409A8       Classes.TDataModule.ReadHorizontalOffset
 0001:00040980       Classes.TDataModule.ReadState
 0001:000409BC       Classes.TDataModule.ReadVerticalOffset
 0001:00040994       Classes.TDataModule.ReadWidth
 0001:00040A08       Classes.TDataModule.WriteHeight
 0001:000409F0       Classes.TDataModule.WriteHorizontalOffset
 0001:000409FC       Classes.TDataModule.WriteVerticalOffset
 0001:000409E4       Classes.TDataModule.WriteWidth
 0001:00036B34       Classes.TFiler.Create
 0001:0002AF80       Classes.TFiler.DefineBinaryProperty
 0001:0002AF78       Classes.TFiler.DefineProperty
 0001:00036B7C       Classes.TFiler.Destroy
 0001:0002AF88       Classes.TFiler.FlushBuffer
 0001:00036BA4       Classes.TFiler.SetRoot
 0001:00036004       Classes.TFileStream.Create
 0001:00035FC0       Classes.TFileStream.Create
 0001:00036178       Classes.TFileStream.Destroy
 0001:00035EFC       Classes.THandleStream.Create
 0001:00035F38       Classes.THandleStream.Read
 0001:00035F58       Classes.THandleStream.Seek
 0001:00035F98       Classes.THandleStream.SetSize
 0001:00035F84       Classes.THandleStream.SetSize
 0001:00035F48       Classes.THandleStream.Write
 0004:00004F6C       Classes.ThreadLock
 0001:0003DEC4       Classes.ThreadProc
 0001:00031334       Classes.TIntConst.Create
 0001:00032B38       Classes.TInterfacedPersistent.AfterConstruction
 0001:00032BC8       Classes.TInterfacedPersistent.QueryInterface
 0001:00032B88       Classes.TInterfacedPersistent._AddRef
 0001:00032BA8       Classes.TInterfacedPersistent._Release
 0001:00031AD4       Classes.TList.Add
 0001:00032310       Classes.TList.Assign
 0001:00031B14       Classes.TList.Clear
 0001:00031B2C       Classes.TList.Delete
 0001:00031AB4       Classes.TList.Destroy
 0001:00031B98       Classes.TList.Error
 0001:00031BD0       Classes.TList.Error
 0001:00031C24       Classes.TList.Exchange
 0001:00031C74       Classes.TList.Expand
 0001:000322B4       Classes.TList.Extract
 0001:000322BC       Classes.TList.ExtractItem
 0001:00031C8C       Classes.TList.First
 0001:00031C94       Classes.TList.Get
 0001:00031CB8       Classes.TList.GetEnumerator
 0001:00031CC8       Classes.TList.Grow
 0001:00031CFC       Classes.TList.IndexOf
 0001:00031D20       Classes.TList.IndexOfItem
 0001:00031D4C       Classes.TList.Insert
 0001:00031DC4       Classes.TList.Last
 0001:00031DE8       Classes.TList.Move
 0001:0003230C       Classes.TList.Notify
 0001:00031EC4       Classes.TList.Pack
 0001:00031E40       Classes.TList.Put
 0001:00031E9C       Classes.TList.Remove
 0001:00031EA4       Classes.TList.RemoveItem
 0001:00031F38       Classes.TList.SetCapacity
 0001:00031F74       Classes.TList.SetCount
 0001:00032214       Classes.TList.Sort
 0001:00032208       Classes.TList.Sort$ActRec.$0$Body
 0001:00032294       Classes.TList.SortList
 0001:00031A4C       Classes.TListEnumerator.Create
 0001:00031A90       Classes.TListEnumerator.GetCurrent
 0001:00031A9C       Classes.TListEnumerator.MoveNext
 0001:000362AC       Classes.TMemoryStream.Clear
 0001:00036280       Classes.TMemoryStream.Destroy
 0001:000362FC       Classes.TMemoryStream.LoadFromFile
 0001:000362C4       Classes.TMemoryStream.LoadFromStream
 0001:000363A4       Classes.TMemoryStream.Realloc
 0001:00036350       Classes.TMemoryStream.SetCapacity
 0001:00036378       Classes.TMemoryStream.SetSize
 0001:00036424       Classes.TMemoryStream.Write
 0001:0003350C       Classes.TOwnedCollection.Create
 0001:00033550       Classes.TOwnedCollection.GetOwner
 0001:0003D168       Classes.TParser.CharType
 0001:0003D234       Classes.TParser.CheckToken
 0001:0003D30C       Classes.TParser.CheckTokenSymbol
 0001:0003CEB0       Classes.TParser.Create
 0001:0003CFBC       Classes.TParser.Destroy
 0001:0003D380       Classes.TParser.Error
 0001:0003D388       Classes.TParser.ErrorFmt
 0001:0003D3E4       Classes.TParser.ErrorStr
 0001:0003D444       Classes.TParser.GetLinePos
 0001:0003D460       Classes.TParser.HexToBinary
 0001:0003D52C       Classes.TParser.NextToken
 0001:0003D870       Classes.TParser.ReadBuffer
 0001:0003D94C       Classes.TParser.SkipBlanks
 0001:0003D988       Classes.TParser.SourcePos
 0001:0003DB18       Classes.TParser.TokenComponentIdent
 0001:0003D994       Classes.TParser.TokenFloat
 0001:0003DA00       Classes.TParser.TokenInt
 0001:0003DA5C       Classes.TParser.TokenString
 0001:0003DAB4       Classes.TParser.TokenSymbolIs
 0001:0003DA8C       Classes.TParser.TokenWideString
 0001:000329C0       Classes.TPersistent.Assign
 0001:000329D4       Classes.TPersistent.AssignError
 0001:00032A90       Classes.TPersistent.AssignTo
 0001:00032A98       Classes.TPersistent.DefineProperties
 0001:00032994       Classes.TPersistent.Destroy
 0001:00032A9C       Classes.TPersistent.GetNamePath
 0001:00032B34       Classes.TPersistent.GetOwner
 0001:00036EBC       Classes.TPropFixup.Create
 0001:00036F14       Classes.TPropFixup.MakeGlobalReference
 0001:00036F74       Classes.TPropFixup.ResolveReference
 0001:00036F84       Classes.TPropIntfFixup.ResolveReference
 0001:00037540       Classes.TReader.BeginReferences
 0001:000375A8       Classes.TReader.CheckValue
 0001:00039E38       Classes.TReader.CopyValue
 0001:00037608       Classes.TReader.DefineBinaryProperty
 0001:000375CC       Classes.TReader.DefineProperty
 0001:00037504       Classes.TReader.Destroy
 0001:0003788C       Classes.TReader.DoFixupReferences
 0001:000376F0       Classes.TReader.EndOfList
 0001:00037704       Classes.TReader.EndReferences
 0001:00037720       Classes.TReader.Error
 0001:0003A114       Classes.TReader.FindAncestorComponent
 0001:0003A20C       Classes.TReader.FindComponentClass
 0001:000377B4       Classes.TReader.FindMethod
 0001:00037744       Classes.TReader.FindMethodInstance
 0001:000379D0       Classes.TReader.FixupReferences
 0001:00037A08       Classes.TReader.FlushBuffer
 0001:00037A2C       Classes.TReader.FreeFixups
 0001:00037A68       Classes.TReader.GetFieldClass
 0001:00037AFC       Classes.TReader.GetPosition
 0001:00037B14       Classes.TReader.NextValue
 0001:00037B24       Classes.TReader.PropertyError
 0001:00037B38       Classes.TReader.Read
 0001:00037BC0       Classes.TReader.ReadBoolean
 0001:00037B84       Classes.TReader.ReadBuffer
 0001:00037BD4       Classes.TReader.ReadChar
 0001:00037CC8       Classes.TReader.ReadCollection
 0001:00038194       Classes.TReader.ReadComponent
 0001:00039508       Classes.TReader.ReadComponents
 0001:000385D4       Classes.TReader.ReadCurrency
 0001:000383D4       Classes.TReader.ReadData
 0001:00038444       Classes.TReader.ReadDataInner
 0001:00038624       Classes.TReader.ReadDate
 0001:0003854C       Classes.TReader.ReadDouble
 0001:00038514       Classes.TReader.ReadFloat
 0001:00038668       Classes.TReader.ReadIdent
 0001:0003886C       Classes.TReader.ReadInt64
 0001:00038800       Classes.TReader.ReadInteger
 0001:000388B0       Classes.TReader.ReadListBegin
 0001:000388B8       Classes.TReader.ReadListEnd
 0001:000388C0       Classes.TReader.ReadPrefix
 0001:000389EC       Classes.TReader.ReadProperty
 0001:00038E08       Classes.TReader.ReadPropValue
 0001:000391D4       Classes.TReader.ReadRootComponent
 0001:000395F8       Classes.TReader.ReadSet
 0001:000396B4       Classes.TReader.ReadSignature
 0001:00038590       Classes.TReader.ReadSingle
 0001:000396D8       Classes.TReader.ReadStr
 0001:00039768       Classes.TReader.ReadString
 0001:00039990       Classes.TReader.ReadValue
 0001:0003A490       Classes.TReader.ReadVariant
 0001:00037C68       Classes.TReader.ReadWideChar
 0001:00039850       Classes.TReader.ReadWideString
 0001:0003A1CC       Classes.TReader.ReferenceName
 0001:0003A1E4       Classes.TReader.SetName
 0001:000399A4       Classes.TReader.SetPosition
 0001:0003A280       Classes.TReader.SkipBytes
 0001:0003A068       Classes.TReader.SkipComponent
 0001:0003A020       Classes.TReader.SkipProperty
 0001:000399C4       Classes.TReader.SkipSetBody
 0001:00039ACC       Classes.TReader.SkipValue
 0001:0003020C       Classes.TRegGroup.AddClass
 0001:00030218       Classes.TRegGroup.BestClass
 0001:00030278       Classes.TRegGroup.BestGroup
 0001:000302E8       Classes.TRegGroup.Create
 0001:00030344       Classes.TRegGroup.Destroy
 0001:00030384       Classes.TRegGroup.GetClass
 0001:000303D4       Classes.TRegGroup.GetClasses
 0001:0003041C       Classes.TRegGroup.IndexOfClass
 0001:00030494       Classes.TRegGroup.InGroup
 0001:000304D8       Classes.TRegGroup.RegisterClass
 0001:00030588       Classes.TRegGroup.RegisterClassAlias
 0001:000305C0       Classes.TRegGroup.Registered
 0001:000305D8       Classes.TRegGroup.UnregisterClass
 0001:00030638       Classes.TRegGroup.UnregisterModuleClasses
 0001:00030778       Classes.TRegGroups.Activate
 0001:000307C4       Classes.TRegGroups.AddClass
 0001:000307E4       Classes.TRegGroups.Create
 0001:00030858       Classes.TRegGroups.Destroy
 0001:000308B8       Classes.TRegGroups.FindGroup
 0001:000308FC       Classes.TRegGroups.GetClass
 0001:00030940       Classes.TRegGroups.GroupedWith
 0001:000309E4       Classes.TRegGroups.GroupWith
 0001:00030AB8       Classes.TRegGroups.Lock
 0001:00030AC4       Classes.TRegGroups.RegisterClass
 0001:00030ADC       Classes.TRegGroups.RegisterClassAlias
 0001:00030AFC       Classes.TRegGroups.Registered
 0001:00030B40       Classes.TRegGroups.StartGroup
 0001:00030B90       Classes.TRegGroups.Unlock
 0001:00030B9C       Classes.TRegGroups.UnregisterClass
 0001:00030BCC       Classes.TRegGroups.UnregisterModuleClasses
 0001:00036934       Classes.TResourceStream.Create
 0001:0003698C       Classes.TResourceStream.CreateFromID
 0001:00036AEC       Classes.TResourceStream.Destroy
 0001:00036A80       Classes.TResourceStream.Initialize
 0001:00036B1C       Classes.TResourceStream.Write
 0001:000358B0       Classes.TStream.CopyFrom
 0001:00035D18       Classes.TStream.FixupResourceHeader
 0001:000355EC       Classes.TStream.GetPosition
 0001:00035620       Classes.TStream.GetSize
 0001:0002913C       Classes.TStream.Read
 0001:00035840       Classes.TStream.ReadBuffer
 0001:000359A4       Classes.TStream.ReadComponent
 0001:00035A68       Classes.TStream.ReadComponentRes
 0001:00035E10       Classes.TStream.ReadResHeader
 0001:0003574C       Classes.TStream.Seek
 0001:000357D0       Classes.TStream.Seek
 0001:0003560C       Classes.TStream.SetPosition
 0001:00035684       Classes.TStream.SetSize
 0001:0003566C       Classes.TStream.SetSize
 0001:00035670       Classes.TStream.SetSize64
 0001:00029144       Classes.TStream.Write
 0001:00035878       Classes.TStream.WriteBuffer
 0001:00035A04       Classes.TStream.WriteComponent
 0001:00035A84       Classes.TStream.WriteComponentRes
 0001:00035A0C       Classes.TStream.WriteDescendent
 0001:00035DDC       Classes.TStream.WriteDescendentRes
 0001:00035A8C       Classes.TStream.WriteResourceHeader
 0001:0004032C       Classes.TStreamAdapter.Clone
 0001:00040280       Classes.TStreamAdapter.Commit
 0001:00040078       Classes.TStreamAdapter.CopyTo
 0001:0003FE3C       Classes.TStreamAdapter.Create
 0001:0003FE88       Classes.TStreamAdapter.Destroy
 0001:00040298       Classes.TStreamAdapter.LockRegion
 0001:0003FEC0       Classes.TStreamAdapter.Read
 0001:0004028C       Classes.TStreamAdapter.Revert
 0001:0003FF90       Classes.TStreamAdapter.Seek
 0001:00040014       Classes.TStreamAdapter.SetSize
 0001:000402B0       Classes.TStreamAdapter.Stat
 0001:000402A4       Classes.TStreamAdapter.UnlockRegion
 0001:0003FF28       Classes.TStreamAdapter.Write
 0001:00034ED4       Classes.TStringList.Add
 0001:00034EE4       Classes.TStringList.AddObject
 0001:00034F48       Classes.TStringList.Changed
 0001:00034F64       Classes.TStringList.Changing
 0001:00034F80       Classes.TStringList.Clear
 0001:0003552C       Classes.TStringList.CompareStrings
 0001:00035580       Classes.TStringList.Create
 0001:00035548       Classes.TStringList.Create
 0001:000354F4       Classes.TStringList.CustomSort
 0001:00034FE8       Classes.TStringList.Delete
 0001:00034E50       Classes.TStringList.Destroy
 0001:00035068       Classes.TStringList.Exchange
 0001:000350C4       Classes.TStringList.ExchangeItems
 0001:000350E8       Classes.TStringList.Find
 0001:0003516C       Classes.TStringList.Get
 0001:0003519C       Classes.TStringList.GetCapacity
 0001:000351A0       Classes.TStringList.GetCount
 0001:000351A4       Classes.TStringList.GetObject
 0001:000351C8       Classes.TStringList.Grow
 0001:000351FC       Classes.TStringList.IndexOf
 0001:00035238       Classes.TStringList.Insert
 0001:0003529C       Classes.TStringList.InsertItem
 0001:00035248       Classes.TStringList.InsertObject
 0001:00035318       Classes.TStringList.Put
 0001:00035370       Classes.TStringList.PutObject
 0001:000353AC       Classes.TStringList.QuickSort
 0001:00035444       Classes.TStringList.SetCapacity
 0001:000355C4       Classes.TStringList.SetCaseSensitive
 0001:00035484       Classes.TStringList.SetSorted
 0001:000354A4       Classes.TStringList.SetUpdateState
 0001:000354E4       Classes.TStringList.Sort
 0001:000335FC       Classes.TStrings.Add
 0001:00033620       Classes.TStrings.AddObject
 0001:00033650       Classes.TStrings.AddStrings
 0001:00033644       Classes.TStrings.Append
 0001:00033708       Classes.TStrings.Assign
 0001:000337C4       Classes.TStrings.BeginUpdate
 0001:000283C4       Classes.TStrings.Clear
 0001:00034E08       Classes.TStrings.CompareStrings
 0001:00033834       Classes.TStrings.DefineProperties
 0001:000283CC       Classes.TStrings.Delete
 0001:000335CC       Classes.TStrings.Destroy
 0001:0003388C       Classes.TStrings.EndUpdate
 0001:000338A0       Classes.TStrings.Equals
 0001:00033984       Classes.TStrings.Error
 0001:0003394C       Classes.TStrings.Error
 0001:000339DC       Classes.TStrings.Exchange
 0001:00033AC8       Classes.TStrings.ExtractName
 0001:00033B44       Classes.TStrings.GetCapacity
 0001:00033B4C       Classes.TStrings.GetCommaText
 0001:00033BE4       Classes.TStrings.GetDelimitedText
 0001:00034CF4       Classes.TStrings.GetDelimiter
 0001:00033E54       Classes.TStrings.GetEnumerator
 0001:00034D10       Classes.TStrings.GetLineBreak
 0001:00033E64       Classes.TStrings.GetName
 0001:00034E14       Classes.TStrings.GetNameValueSeparator
 0001:00033EC4       Classes.TStrings.GetObject
 0001:00034D4C       Classes.TStrings.GetQuoteChar
 0001:00034D68       Classes.TStrings.GetStrictDelimiter
 0001:00033EC8       Classes.TStrings.GetText
 0001:00033F1C       Classes.TStrings.GetTextStr
 0001:000340B4       Classes.TStrings.GetValue
 0001:0003416C       Classes.TStrings.IndexOf
 0001:000341F8       Classes.TStrings.IndexOfName
 0001:000342CC       Classes.TStrings.IndexOfObject
 0001:000283D4       Classes.TStrings.Insert
 0001:00034300       Classes.TStrings.InsertObject
 0001:00034330       Classes.TStrings.LoadFromFile
 0001:00034384       Classes.TStrings.LoadFromFile
 0001:000343EC       Classes.TStrings.LoadFromStream
 0001:000343E0       Classes.TStrings.LoadFromStream
 0001:000344E0       Classes.TStrings.Move
 0001:00034590       Classes.TStrings.Put
 0001:000345C0       Classes.TStrings.PutObject
 0001:000345C4       Classes.TStrings.ReadData
 0001:00034674       Classes.TStrings.SaveToFile
 0001:00034684       Classes.TStrings.SaveToFile
 0001:000346E4       Classes.TStrings.SaveToStream
 0001:000346F4       Classes.TStrings.SaveToStream
 0001:000347AC       Classes.TStrings.SetCapacity
 0001:000347B0       Classes.TStrings.SetCommaText
 0001:00034B44       Classes.TStrings.SetDelimitedText
 0001:00034D80       Classes.TStrings.SetDelimiter
 0001:00034DA0       Classes.TStrings.SetLineBreak
 0001:00034E30       Classes.TStrings.SetNameValueSeparator
 0001:00034DCC       Classes.TStrings.SetQuoteChar
 0001:00034DEC       Classes.TStrings.SetStrictDelimiter
 0001:000347D8       Classes.TStrings.SetStringsAdapter
 0001:0003480C       Classes.TStrings.SetText
 0001:0003485C       Classes.TStrings.SetTextStr
 0001:00034A08       Classes.TStrings.SetUpdateState
 0001:00034A0C       Classes.TStrings.SetValue
 0001:00034AC0       Classes.TStrings.WriteData
 0001:00033554       Classes.TStringsEnumerator.Create
 0001:00033598       Classes.TStringsEnumerator.GetCurrent
 0001:000335B0       Classes.TStringsEnumerator.MoveNext
 0001:00036710       Classes.TStringStream.Create
 0001:000366D0       Classes.TStringStream.Create
 0001:00036684       Classes.TStringStream.Create
 0001:00036638       Classes.TStringStream.Create
 0001:00036588       Classes.TStringStream.Create
 0001:00036544       Classes.TStringStream.Create
 0001:000367F8       Classes.TStringStream.Destroy
 0001:0003682C       Classes.TStringStream.GetDataString
 0001:0003684C       Classes.TStringStream.ReadString
 0001:000368D0       Classes.TStringStream.WriteString
 0004:00004F48       Classes.TThread.$ClassInitFlag
 0001:0003E118       Classes.TThread.AfterConstruction
 0001:0003E1C0       Classes.TThread.CallOnTerminate
 0001:0003E12C       Classes.TThread.CheckThreadError
 0001:0003E1A8       Classes.TThread.CheckThreadError
 0001:0003DF78       Classes.TThread.Create
 0002:0000023C       Classes.TThread.Create@
 0001:0003E07C       Classes.TThread.Destroy
 0001:0003E0F0       Classes.TThread.Destroy@
 0001:0003E1D4       Classes.TThread.DoTerminate
 0005:00000008       Classes.TThread.FCurrentThread
 0001:0003E1E8       Classes.TThread.GetPriority
 0001:0003E224       Classes.TThread.InternalStart
 0001:0003ECBC       Classes.TThread.NameThreadForDebugging
 0001:0003E8B8       Classes.TThread.Queue
 0001:0003E2FC       Classes.TThread.Queue
 0001:0003E450       Classes.TThread.Queue
 0001:0003E384       Classes.TThread.Queue
 0001:0003EAF0       Classes.TThread.RemoveQueuedEvents
 0001:0003E4F0       Classes.TThread.RemoveQueuedEvents
 0001:0003EA4C       Classes.TThread.RemoveQueuedEvents
 0001:0003EBB0       Classes.TThread.Resume
 0001:0003E2D0       Classes.TThread.SetPriority
 0001:0003EB04       Classes.TThread.SetSuspended
 0001:0003EB1C       Classes.TThread.SpinWait
 0001:0003EB38       Classes.TThread.Start
 0001:0003E5B4       Classes.TThread.StaticQueue
 0001:0003EA38       Classes.TThread.StaticSynchronize
 0001:0003EB40       Classes.TThread.Suspend
 0001:0003E78C       Classes.TThread.Synchronize
 0001:0003E5C8       Classes.TThread.Synchronize
 0001:0003E7C0       Classes.TThread.Synchronize
 0001:0003E828       Classes.TThread.Synchronize
 0001:0003E99C       Classes.TThread.Synchronize
 0001:0003EBD8       Classes.TThread.Terminate
 0001:0003EBFC       Classes.TThread.WaitFor
 0001:000326AC       Classes.TThreadList.Add
 0001:00032734       Classes.TThreadList.Clear
 0001:000325DC       Classes.TThreadList.Create
 0001:00032630       Classes.TThreadList.Destroy
 0001:0003277C       Classes.TThreadList.LockList
 0001:00032790       Classes.TThreadList.Remove
 0001:00032798       Classes.TThreadList.RemoveItem
 0001:000327EC       Classes.TThreadList.UnlockList
 0001:0003A6DC       Classes.TWriter.AddAncestor
 0001:0003A710       Classes.TWriter.DefineBinaryProperty
 0001:0003A6E8       Classes.TWriter.DefineProperty
 0001:0003A6B0       Classes.TWriter.Destroy
 0001:0003A74C       Classes.TWriter.FindMethodName
 0001:0003A794       Classes.TWriter.FlushBuffer
 0001:0003CD68       Classes.TWriter.GetLookupInfo
 0001:0003A73C       Classes.TWriter.GetPosition
 0001:0003A79C       Classes.TWriter.SetPosition
 0001:0003A7D8       Classes.TWriter.SetRoot
 0001:0003A7F0       Classes.TWriter.Write
 0001:0003A83C       Classes.TWriter.WriteBinary
 0001:0003A8DC       Classes.TWriter.WriteBoolean
 0001:0003A8C4       Classes.TWriter.WriteBuffer
 0001:0003A8F0       Classes.TWriter.WriteChar
 0001:0003A990       Classes.TWriter.WriteCollection
 0001:0003AA80       Classes.TWriter.WriteComponent
 0001:0003B028       Classes.TWriter.WriteCurrency
 0001:0003ABD4       Classes.TWriter.WriteData
 0001:0003B04C       Classes.TWriter.WriteDate
 0001:0003AF94       Classes.TWriter.WriteDescendent
 0001:0003B004       Classes.TWriter.WriteDouble
 0001:0003AFBC       Classes.TWriter.WriteFloat
 0001:0003B070       Classes.TWriter.WriteIdent
 0001:0003B1C8       Classes.TWriter.WriteInteger
 0001:0003B154       Classes.TWriter.WriteInteger
 0001:0003B220       Classes.TWriter.WriteListBegin
 0001:0003B228       Classes.TWriter.WriteListEnd
 0001:0003CA2C       Classes.TWriter.WriteMinStr
 0001:0003B230       Classes.TWriter.WritePrefix
 0001:0003B278       Classes.TWriter.WriteProperties
 0001:0003C3D0       Classes.TWriter.WriteProperty
 0001:0003C904       Classes.TWriter.WritePropName
 0001:0003C958       Classes.TWriter.WriteRootComponent
 0001:0003C960       Classes.TWriter.WriteSignature
 0001:0003AFE0       Classes.TWriter.WriteSingle
 0001:0003C970       Classes.TWriter.WriteStr
 0001:0003CB60       Classes.TWriter.WriteString
 0001:0003CC78       Classes.TWriter.WriteUTF8Str
 0001:0003CD54       Classes.TWriter.WriteValue
 0001:0003C524       Classes.TWriter.WriteVariant
 0001:0003A940       Classes.TWriter.WriteWideChar
 0001:0003CD4C       Classes.TWriter.WriteWideString
 0001:00031558       Classes.UnregisterFindGlobalComponentProc
 0001:0003103C       Classes.UnRegisterModuleClasses
 0001:0003D00C       Classes.UTF8ToCategory
 0003:000010F8       Classes.UtilWindowClass
 0001:0003DCA8       Classes.WaitForSyncEvent
 0003:00000FA0       Classes.WakeMainThread
 0001:0003188C       Classes.WriteCollection
 0001:0003BC00       Classes.WriteCollectionProp
 0001:0003BD9C       Classes.WriteFloatProp
 0001:0003BDDC       Classes.WriteInt64Prop
 0001:0003C200       Classes.WriteInterfaceProp
 0001:0003BB94       Classes.WriteIntProp
 0001:0003C2DC       Classes.WriteMethodProp
 0001:0003BFEC       Classes.WriteObjectProp
 0001:0003BCA4       Classes.WriteOrdProp
 0001:0003BAA8       Classes.WritePropPath
 0001:0003BB00       Classes.WriteSet
 0001:0003BE18       Classes.WriteStrProp
 0001:0003C36C       Classes.WriteVariantProp
 0004:0000516C       Clipbrd..3
 0004:0000516A       Clipbrd.CF_COMPONENT
 0004:00005168       Clipbrd.CF_PICTURE
 0002:00000950       Clipbrd.Clipbrd
 0004:00005170       Clipbrd.FClipboard
 0001:00060F78       Clipbrd.Finalization
 0004:0000517C       ComCtrls..96
 0001:00061374       ComCtrls..TConversion
 0002:00000A1C       ComCtrls.ComCtrls
 0004:00005180       ComCtrls.ConversionFormatList
 0001:0006170C       ComCtrls.Finalization
 0001:000616AC       ComCtrls.FreeConversionFormatList
 0004:00005188       ComCtrls.FRichEditModule
 0003:000019A4       ComCtrls.RTFConversionFormat
 0004:00005184       ComCtrls.ShellModule
 0001:000615F4       ComCtrls.TConversion.ConvertReadStream
 0001:00061650       ComCtrls.TConversion.ConvertWriteStream
 0001:000615BC       ComCtrls.TConversion.Create
 0003:000019AC       ComCtrls.TextConversionFormat
 0001:0000B3B0       CommCtrl.FlatSB_GetScrollInfo
 0001:0000B3B8       CommCtrl.FlatSB_GetScrollPos
 0001:0000B3C0       CommCtrl.FlatSB_SetScrollInfo
 0001:0000B3C8       CommCtrl.FlatSB_SetScrollPos
 0001:0000B3D0       CommCtrl.FlatSB_SetScrollProp
 0001:0000B2E8       CommCtrl.ImageList_Add
 0001:0000B348       CommCtrl.ImageList_BeginDrag
 0001:0000B340       CommCtrl.ImageList_Copy
 0001:0000B2C8       CommCtrl.ImageList_Create
 0001:0000B2D0       CommCtrl.ImageList_Destroy
 0001:0000B358       CommCtrl.ImageList_DragEnter
 0001:0000B360       CommCtrl.ImageList_DragLeave
 0001:0000B368       CommCtrl.ImageList_DragMove
 0001:0000B370       CommCtrl.ImageList_DragShowNolock
 0001:0000B310       CommCtrl.ImageList_Draw
 0001:0000B320       CommCtrl.ImageList_DrawEx
 0001:0000B350       CommCtrl.ImageList_EndDrag
 0001:0000B300       CommCtrl.ImageList_GetBkColor
 0001:0000B378       CommCtrl.ImageList_GetDragImage
 0001:0000B330       CommCtrl.ImageList_GetIcon
 0001:0000B390       CommCtrl.ImageList_GetIconSize
 0001:0000B2D8       CommCtrl.ImageList_GetImageCount
 0001:0000B3A0       CommCtrl.ImageList_GetImageInfo
 0001:0000B338       CommCtrl.ImageList_LoadImage
 0001:0000B380       CommCtrl.ImageList_Read
 0001:0000B328       CommCtrl.ImageList_Remove
 0001:0000B318       CommCtrl.ImageList_Replace
 0001:0000B2F0       CommCtrl.ImageList_ReplaceIcon
 0001:0000B2F8       CommCtrl.ImageList_SetBkColor
 0001:0000B398       CommCtrl.ImageList_SetIconSize
 0001:0000B2E0       CommCtrl.ImageList_SetImageCount
 0001:0000B308       CommCtrl.ImageList_SetOverlayImage
 0001:0000B388       CommCtrl.ImageList_Write
 0001:0000B3D8       CommCtrl.InitializeFlatSB
 0001:0000B3A8       CommCtrl._TrackMouseEvent
 0001:00043B80       Contnrs..TClassList
 0001:000437DC       Contnrs..TComponentList
 0001:000443A4       Contnrs..TComponentListNexus
 0001:00043370       Contnrs..TObjectList
 0001:00043EBC       Contnrs..TOrderedList
 0001:000440D4       Contnrs..TStack
 0001:0004461C       Contnrs.TClassList.Add
 0001:00044624       Contnrs.TClassList.Extract
 0001:00044638       Contnrs.TClassList.ExtractItem
 0001:00044650       Contnrs.TClassList.First
 0001:00044660       Contnrs.TClassList.IndexOf
 0001:00044668       Contnrs.TClassList.IndexOfItem
 0001:00044670       Contnrs.TClassList.Insert
 0001:00044678       Contnrs.TClassList.Last
 0001:00044684       Contnrs.TClassList.Remove
 0001:0004468C       Contnrs.TClassList.RemoveItem
 0001:000444F8       Contnrs.TComponentList.Add
 0001:00044500       Contnrs.TComponentList.Destroy
 0001:00044530       Contnrs.TComponentList.Extract
 0001:00044544       Contnrs.TComponentList.ExtractItem
 0001:0004455C       Contnrs.TComponentList.First
 0001:0004456C       Contnrs.TComponentList.HandleFreeNotify
 0001:00044580       Contnrs.TComponentList.IndexOf
 0001:00044588       Contnrs.TComponentList.IndexOfItem
 0001:00044590       Contnrs.TComponentList.Insert
 0001:00044598       Contnrs.TComponentList.Last
 0001:000445A4       Contnrs.TComponentList.Notify
 0001:0004460C       Contnrs.TComponentList.Remove
 0001:00044614       Contnrs.TComponentList.RemoveItem
 0001:000444C8       Contnrs.TComponentListNexus.Notification
 0001:00044164       Contnrs.TObjectList.Add
 0001:0004416C       Contnrs.TObjectList.Create
 0001:000441A8       Contnrs.TObjectList.Create
 0001:000441EC       Contnrs.TObjectList.Extract
 0001:00044200       Contnrs.TObjectList.ExtractItem
 0001:00044218       Contnrs.TObjectList.FindInstanceOf
 0001:000442A0       Contnrs.TObjectList.First
 0001:000442B0       Contnrs.TObjectList.GetItem
 0001:000442C4       Contnrs.TObjectList.IndexOf
 0001:000442CC       Contnrs.TObjectList.IndexOfItem
 0001:000442D4       Contnrs.TObjectList.Insert
 0001:000442DC       Contnrs.TObjectList.Last
 0001:000442E8       Contnrs.TObjectList.Notify
 0001:00044314       Contnrs.TObjectList.Remove
 0001:0004431C       Contnrs.TObjectList.RemoveItem
 0001:00044694       Contnrs.TOrderedList.AtLeast
 0001:000446C0       Contnrs.TOrderedList.Count
 0001:000446C8       Contnrs.TOrderedList.Create
 0001:0004470C       Contnrs.TOrderedList.Destroy
 0001:000446A0       Contnrs.TOrderedList.Peek
 0001:0004473C       Contnrs.TOrderedList.PeekItem
 0001:000446A8       Contnrs.TOrderedList.Pop
 0001:00044750       Contnrs.TOrderedList.PopItem
 0001:000446B0       Contnrs.TOrderedList.Push
 0001:00044770       Contnrs.TStack.PushItem
 0004:000051EC       Controls..44
 0001:0006CDB0       Controls..TBaseDragControlObject
 0001:00070C10       Controls..TControl
 0001:0006DA3C       Controls..TControlActionLink
 0001:0006D624       Controls..TControlCanvas
 0001:00074620       Controls..TCustomControl
 0001:0006D868       Controls..TCustomControlAction
 0001:0006ECF0       Controls..TCustomGestureCollectionItem
 0001:0006F530       Controls..TCustomGestureEngine
 0001:0006EF50       Controls..TCustomGestureManager
 0001:00076BC8       Controls..TCustomHint
 0001:00076970       Controls..TCustomHintShowHideThread
 0001:00076534       Controls..TCustomHintWindow
 0001:00075D5C       Controls..TCustomPanningWindow
 0001:0006F704       Controls..TCustomTouchManager
 0001:000759E8       Controls..TDockTree
 0001:00075400       Controls..TDockZone
 0001:0006CF4C       Controls..TDragControlObject
 0001:0006D088       Controls..TDragControlObjectEx
 0001:0006D194       Controls..TDragDockObject
 0001:0006D50C       Controls..TDragDockObjectEx
 0001:00074CFC       Controls..TDragImageList
 0001:0006C8AC       Controls..TDragObject
 0001:00074450       Controls..TGraphicControl
 0001:0007483C       Controls..THintWindow
 0001:00075158       Controls..TImageList
 0001:0006E328       Controls..TMargins
 0001:0007600C       Controls..TMouse
 0001:0006E80C       Controls..TPadding
 0001:00077820       Controls..TSiteList
 0001:0006E0C0       Controls..TSizeConstraints
 0001:0006FCB8       Controls..TTouchManager
 0001:00072F8C       Controls..TWinControl
 0001:000729D0       Controls..TWinControlActionLink
 0001:00077FD4       Controls.AbsMin
 0004:00005220       Controls.ActiveDrag
 0001:0007ED3C       Controls.AlignNestedControls
 0001:0007ECE8       Controls.AlignWork
 0003:00001B80       Controls.AnchorAlign
 0003:00001B74       Controls.AnimateWindowProc
 0003:00001CFC       Controls.AnimationStyle
 0001:0007B1D8       Controls.BackgroundClipped
 0001:00089664       Controls.CalcSplitterPos
 0001:00079058       Controls.CancelDrag
 0004:00005234       Controls.CanvasList
 0003:00001C38       Controls.CaptureControl
 0001:000771EC       Controls.ChangeBiDiModeAlignment
 0001:00078CC0       Controls.CheckUndock
 0001:00086398       Controls.ClientToWindow
 0004:000051F2       Controls.ControlAtom
 0004:000051F8       Controls.ControlAtomString
 0002:00000B30       Controls.Controls
 0003:00001C90       Controls.CPan
 0003:00001C8C       Controls.CPanOoptions
 0003:00001CC0       Controls.CPanSingleFingerHorizontal
 0003:00001CB8       Controls.CPanSingleFingerVertical
 0003:00001CC8       Controls.CPanWithGutter
 0003:00001CD0       Controls.CPanWithInertia
 0003:00001CA8       Controls.CPressAndTap
 0003:00001B7C       Controls.CreationControl
 0003:00001CA0       Controls.CRotate
 0003:00001C7C       Controls.Ctl3DStyles
 0003:00001CB0       Controls.CTwoFingerTap
 0003:00001B88       Controls.Cursors
 0001:000776B4       Controls.CursorToIdent
 0003:00001C98       Controls.CZoom
 0003:00001B78       Controls.DefaultDockTreeClass
 0001:000800A8       Controls.DestroyChildWindow
 0001:0007EFB4       Controls.DoAdjustSize
 0001:0007EB5C       Controls.DoAlign
 0001:00084330       Controls.DoCalcConstraints
 0004:00005228       Controls.DockSiteList
 0001:00080FF8       Controls.DoControlMsg
 0001:000785D4       Controls.DoDragOver
 0001:00087090       Controls.DoFindControlZone
 0001:000877BC       Controls.DoFindZone
 0001:00087114       Controls.DoForEach
 0001:00088E34       Controls.DoGetNextLimit
 0001:00089F70       Controls.DoneControls
 0001:0007EB14       Controls.DoPosition
 0001:000882E0       Controls.DoPrune
 0001:00088828       Controls.DoSaveZone
 0001:00088B2C       Controls.DoSetNewBounds
 0001:0007FD24       Controls.DoWriteDesignSize
 0001:0007C76C       Controls.DoWriteExplicit
 0001:0007C738       Controls.DoWriteIsControl
 0004:0000520C       Controls.DragCapture
 0004:00005200       Controls.DragControl
 0001:00078D34       Controls.DragDone
 0001:00078584       Controls.DragFindTarget
 0001:00078558       Controls.DragFindWindow
 0004:00005224       Controls.DragImageList
 0001:00078998       Controls.DragInit
 0001:00078B08       Controls.DragInitControl
 0004:00005208       Controls.DragInternalObject
 0001:000784A0       Controls.DragMessage
 0004:00005204       Controls.DragObject
 0004:00005230       Controls.DragSave
 0004:00005218       Controls.DragSaveCursor
 0004:00005210       Controls.DragStartPos
 0004:0000521C       Controls.DragThreshold
 0001:000786B0       Controls.DragTo
 0001:00087D60       Controls.DrawCloseButton
 0001:00087DF4       Controls.DrawGrabberLine
 0001:00087E80       Controls.DrawThemedGrabber
 0001:00081514       Controls.DrawThemeEdge
 0003:00001C6C       Controls.EdgeStyles
 0001:0008BC34       Controls.Finalization
 0001:00077344       Controls.FindControl
 0001:000790A4       Controls.FindDragTarget
 0001:00079070       Controls.FindVCLWindow
 0004:00005238       Controls.FlagControl
 0001:00079198       Controls.FreeDeviceContext
 0001:00079260       Controls.FreeDeviceContexts
 0003:00001C84       Controls.GestureMap
 0001:000777B4       Controls.GetCaptureControl
 0001:0007E97C       Controls.GetClientSize
 0001:000805B4       Controls.GetControlAtPos
 0001:00088F14       Controls.GetDockAlign
 0001:000782F8       Controls.GetDockSiteAtPos
 0001:00078610       Controls.GetDropCtl
 0001:00086DC0       Controls.GetLastChildZone
 0001:0007771C       Controls.GetLongHint
 0001:000776D4       Controls.GetShortHint
 0001:000779E4       Controls.GetTopParent
 0001:00088F90       Controls.HideZone
 0001:000776C4       Controls.IdentToCursor
 0003:00001D24       Controls.IMM32DLL
 0001:00089F5C       Controls.Imm32IsIME
 0001:0008A010       Controls.InitControls
 0001:00089B28       Controls.InitIMM32
 0001:00077200       Controls.InitWndProc
 0003:00001C4C       Controls.InnerStyles
 0001:0007E9E4       Controls.InsertBefore
 0001:000780B8       Controls.IsBeforeTargetWindow
 0001:000784F8       Controls.IsDelphiHandle
 0001:000867D8       Controls.IsOrientationSet
 0001:000782B4       Controls.IsSiteChildOfClient
 0001:000773A0       Controls.IsVCLControl
 0004:000051E0       Controls.IsVCLControlHook
 0001:0008B288       Controls.LatestHintWindow
 0001:000790F0       Controls.ListAdd
 0001:00079118       Controls.ListRemove
 0003:00001D10       Controls.MakeLast
 0001:0007D9F0       Controls.MinVar
 0003:00001D28       Controls.ModeMap
 0004:000051DC       Controls.Mouse
 0001:000771B0       Controls.MouseOriginToShiftState
 0001:00079168       Controls.MoveWindowOrg
 0004:000051E8       Controls.NewStyleControls
 0001:000867BC       Controls.NextVisibleZone
 0001:00077310       Controls.ObjectFromHWnd
 0003:00001CD8       Controls.Options
 0003:00001D08       Controls.OrientArray
 0003:00001C5C       Controls.OuterStyles
 0003:00001C3C       Controls.PaintMessage
 0001:00086BE8       Controls.ParentNotLast
 0001:00077764       Controls.PerformEraseBackground
 0001:0007FD10       Controls.PointsEqual
 0004:0000522C       Controls.QualifyingSites
 0001:00087958       Controls.ReadControlName
 0001:00078444       Controls.RegisterDockSite
 0004:000051FC       Controls.RM_GetObjectInstance
 0001:000773D0       Controls.SendAppMessage
 0001:000777DC       Controls.SetCaptureControl
 0001:00089E84       Controls.SetImeMode
 0001:0007D268       Controls.SetParentColor
 0003:00001C44       Controls.ShowFlags
 0001:00089010       Controls.ShowZone
 0003:00001D1C       Controls.SizeCursors
 0001:00077DB8       Controls.TBaseDragControlObject.Assign
 0001:00077D7C       Controls.TBaseDragControlObject.Create
 0001:00077DE4       Controls.TBaseDragControlObject.EndDrag
 0001:00077E10       Controls.TBaseDragControlObject.Finished
 0001:0007D720       Controls.TControl.ActionChange
 0001:0007DB14       Controls.TControl.AdjustSize
 0001:0007D944       Controls.TControl.AssignTo
 0001:0007B578       Controls.TControl.BeginAutoDrag
 0001:0007B594       Controls.TControl.BeginDrag
 0001:0007B028       Controls.TControl.BringToFront
[...]
   812 0001:000D929B   813 0001:000D92AA   814 0001:000D92BB   815 0001:000D92D0
   818 0001:000D92D4   819 0001:000D92E7   820 0001:000D92F0   822 0001:000D930A
   826 0001:000D932C   827 0001:000D9337   832 0001:000D9338   833 0001:000D933F
   837 0001:000D9340   843 0001:000D9344   845 0001:000D934C

Line numbers for IdScheduler(IdScheduler.pas) segment .text

    82 0001:000D961C    87 0001:000D9624    89 0001:000D962C   109 0001:000D9634
   110 0001:000D963F   111 0001:000D9647   112 0001:000D9653   116 0001:000D9664
   119 0001:000D9668   120 0001:000D966B   121 0001:000D9672   122 0001:000D9681
   126 0001:000D9684   127 0001:000D968C   132 0001:000D9690   133 0001:000D969A
   137 0001:000D96B7   138 0001:000D96D2   139 0001:000D96D9   141 0001:000D96E0
   142 0001:000D96F1   143 0001:000D9704   141 0001:000D9705   144 0001:000D9717
   146 0001:000D972A   135 0001:000D9734   148 0001:000D9736   150 0001:000D97E3

Line numbers for IdServerIOHandler(IdServerIOHandler.pas) segment .text

    83 0001:000D9A54    90 0001:000D9A58    91 0001:000D9A5B    92 0001:000D9A5D
    96 0001:000D9A64    97 0001:000D9A66   100 0001:000D9A68   101 0001:000D9A71
   103 0001:000D9A7C   104 0001:000D9A89   106 0001:000D9A91   109 0001:000D9A98
   110 0001:000D9A9E   112 0001:000D9AA8   113 0001:000D9AAC   115 0001:000D9AB3
   117 0001:000D9ABB   118 0001:000D9ABF   121 0001:000D9AC6   125 0001:000D9ACC
   127 0001:000D9AD4

Line numbers for IdServerIOHandlerSocket(IdServerIOHandlerSocket.pas) segment .text

   111 0001:000D9CC4   120 0001:000D9CC8   122 0001:000D9CD7   123 0001:000D9CEF
   125 0001:000D9D07   126 0001:000D9D0C   127 0001:000D9D1E   129 0001:000D9D2C
   131 0001:000D9D39   132 0001:000D9D49   133 0001:000D9D5E   134 0001:000D9D66
   135 0001:000D9D6C   136 0001:000D9D71   130 0001:000D9D73   142 0001:000D9D8B
   144 0001:000D9D9B   147 0001:000D9E60   148 0001:000D9E63   149 0001:000D9E6A
   150 0001:000D9E75   152 0001:000D9E7E

Line numbers for IdServerIOHandlerStack(IdServerIOHandlerStack.pas) segment .text

    78 0001:000D9FD8    79 0001:000D9FDB    80 0001:000D9FE2    81 0001:000D9FED
    85 0001:000D9FF0    86 0001:000D9FFF    88 0001:000DA007

Line numbers for IdContext(IdContext.pas) segment .text

   125 0001:000DA450   126 0001:000DA468   127 0001:000DA474   128 0001:000DA477
   129 0001:000DA47B   130 0001:000DA481   133 0001:000DA4A0   134 0001:000DA4AB
   135 0001:000DA4B2   138 0001:000DA4B9   139 0001:000DA4BF   142 0001:000DA4C7
   143 0001:000DA4D3   147 0001:000DA4E4   148 0001:000DA4E9   151 0001:000DA4EC
   155 0001:000DA4EF   156 0001:000DA4F6   159 0001:000DA4FD   160 0001:000DA504
   162 0001:000DA50C   165 0001:000DA510   166 0001:000DA511   167 0001:000DA518
   169 0001:000DA524   171 0001:000DA526   174 0001:000DA528   175 0001:000DA52B
   176 0001:000DA532   179 0001:000DA53A   180 0001:000DA541   182 0001:000DA548
   185 0001:000DA54C   186 0001:000DA54D   187 0001:000DA554   189 0001:000DA560
   192 0001:000DA564   193 0001:000DA565   194 0001:000DA567   195 0001:000DA56E
   196 0001:000DA578   199 0001:000DA57E   201 0001:000DA589

Line numbers for IdSchedulerOfThreadDefault(IdSchedulerOfThreadDefault.pas) segment .text

    91 0001:000DA700    92 0001:000DA704    93 0001:000DA716    94 0001:000DA720
    98 0001:000DA728    99 0001:000DA72D   100 0001:000DA731   102 0001:000DA739

Line numbers for IdGlobalCore(IdGlobalCore.pas) segment .text

    48 0001:00000000

Line numbers for IdSchedulerOfThread(IdSchedulerOfThread.pas) segment .text

   176 0001:000DABCC   177 0001:000DABD7   178 0001:000DABDE   179 0001:000DABEA
   182 0001:000DABF8   183 0001:000DABF9   184 0001:000DABFC   185 0001:000DAC05
   187 0001:000DAC0C   190 0001:000DAC10   191 0001:000DAC30   192 0001:000DAC4A
   193 0001:000DAC72   195 0001:000DAC8C   196 0001:000DACB9   197 0001:000DACC1
   199 0001:000DACCF   202 0001:000DADC8   203 0001:000DADE1   204 0001:000DADE5
   207 0001:000DADFF   208 0001:000DAE10   213 0001:000DAE34   214 0001:000DAE38
   215 0001:000DAE50   216 0001:000DAE53   217 0001:000DAE5D   219 0001:000DAE67
   222 0001:000DAE6D   226 0001:000DAE7A   229 0001:000DAE7F   232 0001:000DAF34
   233 0001:000DAF37   234 0001:000DAF3E   235 0001:000DAF42   236 0001:000DAF47
   237 0001:000DAF4F   245 0001:000DAF54   246 0001:000DAF71   247 0001:000DAF7A
   248 0001:000DAF7D   249 0001:000DAF80   250 0001:000DAF83   253 0001:000DAFA4
   254 0001:000DAFAF   255 0001:000DAFB9   256 0001:000DAFC5   258 0001:000DAFDA

Line numbers for IdCustomTCPServer(IdCustomTCPServer.pas) segment .text

   422 0001:000DBCE4   425 0001:000DBCE8   426 0001:000DBCF3   428 0001:000DBCFF
   429 0001:000DBD08   430 0001:000DBD11   432 0001:000DBD1E   437 0001:000DBD26
   439 0001:000DBD31   440 0001:000DBD3C   442 0001:000DBD47   443 0001:000DBD53
   446 0001:000DBD64   447 0001:000DBD65   448 0001:000DBD6F   450 0001:000DBD7D
   453 0001:000DBD80   454 0001:000DBD81   455 0001:000DBD8B   457 0001:000DBD9B
   460 0001:000DBDA0   461 0001:000DBDA7   462 0001:000DBDC5   465 0001:000DBDCC
   466 0001:000DBDD4   467 0001:000DBDDE   468 0001:000DBDF7   469 0001:000DBE0A
   472 0001:000DBE0F   473 0001:000DBE18   476 0001:000DBE20   477 0001:000DBE23
   478 0001:000DBE2A   479 0001:000DBE37   480 0001:000DBE41   481 0001:000DBE48
   482 0001:000DBE5C   485 0001:000DBE6C   488 0001:000DBE70   489 0001:000DBE71
   490 0001:000DBE7B   492 0001:000DBE89   495 0001:000DBE8C   496 0001:000DBE8D
   497 0001:000DBE97   499 0001:000DBEA5   502 0001:000DBEA8   503 0001:000DBEA9
   504 0001:000DBEB3   506 0001:000DBEC1   509 0001:000DBEC4   510 0001:000DBEC9
   511 0001:000DBED3   513 0001:000DBEE3   514 0001:000DBEE5   515 0001:000DBEE9
   516 0001:000DBEF0   519 0001:000DBEF7   522 0001:000DBEFC   523 0001:000DBEFD
   524 0001:000DBF07   526 0001:000DBF15   530 0001:000DBF18   531 0001:000DBF22
   534 0001:000DBF24   535 0001:000DBF27   537 0001:000DBF2E   538 0001:000DBF37
   539 0001:000DBF3E   541 0001:000DBF4A   544 0001:000DBF4C   545 0001:000DBF55
   547 0001:000DBF60   548 0001:000DBF65   549 0001:000DBF6D   550 0001:000DBF75
   551 0001:000DBF7E   552 0001:000DBF86   553 0001:000DBF90   554 0001:000DBF98
   555 0001:000DBFA0   558 0001:000DBFA7   561 0001:000DBFAC   565 0001:000DBFB2
   566 0001:000DBFC8   567 0001:000DBFD1   568 0001:000DBFD9   569 0001:000DBFDD
   570 0001:000DBFE4   572 0001:000DBFF0   575 0001:000DBFFA   578 0001:000DC000
   579 0001:000DC003   580 0001:000DC00E   584 0001:000DC010   585 0001:000DC01A
   588 0001:000DC01C   589 0001:000DC022   591 0001:000DC02C   592 0001:000DC030
   594 0001:000DC037   596 0001:000DC03F   597 0001:000DC043   600 0001:000DC04A
   605 0001:000DC050   609 0001:000DC06F   610 0001:000DC078   615 0001:000DC092
   620 0001:000DC09B   621 0001:000DC0A4   622 0001:000DC0AC   624 0001:000DC0B4
   628 0001:000DC0BB   629 0001:000DC0C5   631 0001:000DC0CC   634 0001:000DC0D4
   635 0001:000DC0D8   638 0001:000DC0DF   639 0001:000DC0E9   641 0001:000DC0F4
   644 0001:000DC118   645 0001:000DC11E   646 0001:000DC128   647 0001:000DC12C
   648 0001:000DC135   649 0001:000DC13C   651 0001:000DC149   654 0001:000DC150
   655 0001:000DC158   656 0001:000DC15C   657 0001:000DC163   660 0001:000DC174
   667 0001:000DC178   668 0001:000DC197   669 0001:000DC1A7   671 0001:000DC1B5
   672 0001:000DC1BB   674 0001:000DC1CE   675 0001:000DC1E1   676 0001:000DC1EF
   677 0001:000DC209   679 0001:000DC222   680 0001:000DC23D   682 0001:000DC244
   673 0001:000DC24F   685 0001:000DC275   686 0001:000DC280   687 0001:000DC286
   688 0001:000DC29C   686 0001:000DC2A7   690 0001:000DC2AD   693 0001:000DC2B7
   694 0001:000DC2BF   698 0001:000DC2C7   700 0001:000DC2F2   701 0001:000DC311
   702 0001:000DC335   703 0001:000DC343   704 0001:000DC376   707 0001:000DC387
   708 0001:000DC391   710 0001:000DC3AA   711 0001:000DC3C0   712 0001:000DC3C8
   714 0001:000DC3D2   715 0001:000DC3DA   698 0001:000DC3DD   717 0001:000DC3F1
   719 0001:000DC407   725 0001:000DC450   726 0001:000DC459   727 0001:000DC469
   729 0001:000DC479   731 0001:000DC484   732 0001:000DC48B   734 0001:000DC493
   735 0001:000DC49A   737 0001:000DC4A1   728 0001:000DC4AA   740 0001:000DC4BD
   742 0001:000DC4D3   757 0001:000DC4D8   763 0001:000DC4F7   764 0001:000DC508
   765 0001:000DC51E   766 0001:000DC535   767 0001:000DC541   769 0001:000DC559
   776 0001:000DC57B   777 0001:000DC585   765 0001:000DC586   778 0001:000DC596
   783 0001:000DC5AC   784 0001:000DC5B9   786 0001:000DC5BE   789 0001:000DC690
   790 0001:000DC691   791 0001:000DC69B   793 0001:000DC6A9   798 0001:000DC6AC
   804 0001:000DC6B0   805 0001:000DC6BA   808 0001:000DC6BC   809 0001:000DC6BF
   810 0001:000DC6C6   811 0001:000DC6DA   812 0001:000DC6EC   814 0001:000DC6F7
   815 0001:000DC701   816 0001:000DC70B   819 0001:000DC71D   822 0001:000DC720
   824 0001:000DC727   827 0001:000DC731   830 0001:000DC739   831 0001:000DC747
   835 0001:000DC75C   836 0001:000DC768   840 0001:000DC77D   841 0001:000DC78A
   843 0001:000DC78F   846 0001:000DC794   848 0001:000DC7B3   849 0001:000DC7C5
   850 0001:000DC7D3   852 0001:000DC7E6   857 0001:000DC7FB   858 0001:000DC807
   859 0001:000DC823   861 0001:000DC82D   864 0001:000DC83B   865 0001:000DC847
   867 0001:000DC863   868 0001:000DC887   870 0001:000DC891   872 0001:000DC89F
   873 0001:000DC8AD   875 0001:000DC8C4   876 0001:000DC8CE   877 0001:000DC8DB
   879 0001:000DC8E5   880 0001:000DC8EF   885 0001:000DC934   890 0001:000DC938
   891 0001:000DC93B   894 0001:000DC942   895 0001:000DC94A   898 0001:000DC94C
   899 0001:000DC94F   900 0001:000DC956   901 0001:000DC95D   903 0001:000DC965
   906 0001:000DC968   907 0001:000DC980   908 0001:000DC98F   909 0001:000DC995
   910 0001:000DC998   922 0001:000DC9B8   923 0001:000DC9C4   924 0001:000DC9E1
   926 0001:000DCA04   927 0001:000DCA09   928 0001:000DCA0E   929 0001:000DCA13
   931 0001:000DCA21   933 0001:000DCA35   934 0001:000DCA55   936 0001:000DCA59
   937 0001:000DCA61   940 0001:000DCA68   941 0001:000DCA79   942 0001:000DCA83
   949 0001:000DCA8D   950 0001:000DCAB7   951 0001:000DCAC4   952 0001:000DCACC
   956 0001:000DCAD1   957 0001:000DCAF3   961 0001:000DCAFF   962 0001:000DCB13
   963 0001:000DCB27   964 0001:000DCB3B   966 0001:000DCB4F   969 0001:000DCB5D
   971 0001:000DCB8F   974 0001:000DCB91   975 0001:000DCB97   977 0001:000DCB9E
   978 0001:000DCBA6   980 0001:000DCBAE   981 0001:000DCBB4   985 0001:000DCBC8
   986 0001:000DCBD9   990 0001:000DCBEE   992 0001:000DCCAB

Line numbers for IdTCPServer(IdTCPServer.pas) segment .text

    47 0001:000DCEB4    48 0001:000DCECA    49 0001:000DCED1    50 0001:000DCEDB
    52 0001:000DCEF5    54 0001:000DCF1D

Line numbers for IdUDPBase(IdUDPBase.pas) segment .text

   159 0001:000DD728   160 0001:000DD734   161 0001:000DD74C   165 0001:000DD754
   166 0001:000DD760   167 0001:000DD774   170 0001:000DD77C   171 0001:000DD77F
   172 0001:000DD792   176 0001:000DD794   177 0001:000DD79E   180 0001:000DD7A0
   181 0001:000DD7AB   184 0001:000DD7B4   185 0001:000DD7BB   186 0001:000DD7C7
   190 0001:000DD7D8   191 0001:000DD7DF   192 0001:000DD7E3   193 0001:000DD7ED
   196 0001:000DD7F1   199 0001:000DD7F4   200 0001:000DD7FA   201 0001:000DD807
   205 0001:000DD80C   206 0001:000DD813   210 0001:000DD814   211 0001:000DD81B
   214 0001:000DD81C   215 0001:000DD81F   216 0001:000DD826   217 0001:000DD830
   218 0001:000DD83A   219 0001:000DD841   224 0001:000DD844   225 0001:000DD847
   226 0001:000DD84E   227 0001:000DD855   228 0001:000DD85C   229 0001:000DD865
   236 0001:000DD868   237 0001:000DD888   238 0001:000DD89B   245 0001:000DD8C4
   246 0001:000DD8D4   247 0001:000DD8DB   249 0001:000DD8F0   256 0001:000DD8FC
   257 0001:000DD90F   258 0001:000DD914   259 0001:000DD91E   261 0001:000DD925
   264 0001:000DD929   266 0001:000DD92B   267 0001:000DD93D   268 0001:000DD93F
   269 0001:000DD948   270 0001:000DD950   272 0001:000DD952   273 0001:000DD96E
   280 0001:000DD97C   281 0001:000DD998   282 0001:000DD9B5   283 0001:000DD9C8
   284 0001:000DD9DC   290 0001:000DDA08   291 0001:000DDA2A   292 0001:000DDA3D
   296 0001:000DDA64   297 0001:000DDA80   298 0001:000DDA9D   301 0001:000DDAC8
   302 0001:000DDAD4   303 0001:000DDAEB   309 0001:000DDAF4   310 0001:000DDB1B
   311 0001:000DDB2F   312 0001:000DDB47   315 0001:000DDB70   316 0001:000DDB76
   317 0001:000DDB81   318 0001:000DDB97   319 0001:000DDB9B   322 0001:000DDBA4
   326 0001:000DDBAD   329 0001:000DDBB3   332 0001:000DDBB8   333 0001:000DDBBC
   334 0001:000DDBC4   335 0001:000DDBCA   336 0001:000DDBD5   339 0001:000DDBE0
   342 0001:000DDBE4   343 0001:000DDBEA   344 0001:000DDBF7   348 0001:000DDBFC
   349 0001:000DDC02   353 0001:000DDC04   354 0001:000DDC0B   356 0001:000DDC13

Line numbers for IdUDPClient(IdUDPClient.pas) segment .text

   150 0001:000DE4A0   151 0001:000DE4A3   152 0001:000DE4B7   153 0001:000DE4CB
   155 0001:000DE4D2   160 0001:000DE4D4   161 0001:000DE4F3   162 0001:000DE4FE
   164 0001:000DE508   165 0001:000DE512   168 0001:000DE51D   169 0001:000DE54A
   170 0001:000DE551   171 0001:000DE558   175 0001:000DE55D   176 0001:000DE57A
   177 0001:000DE581   179 0001:000DE5A3   181 0001:000DE5C9   183 0001:000DE5D3
   184 0001:000DE5ED   186 0001:000DE5F9   187 0001:000DE61B   188 0001:000DE622
   189 0001:000DE629   193 0001:000DE660   194 0001:000DE667   195 0001:000DE66B
   196 0001:000DE675   198 0001:000DE67B   201 0001:000DE67D   204 0001:000DE680
   205 0001:000DE683   206 0001:000DE68E   207 0001:000DE697   208 0001:000DE6AB
   210 0001:000DE6B2   211 0001:000DE6BD   212 0001:000DE6C7   213 0001:000DE6D0
   215 0001:000DE6D7   218 0001:000DE6DC   219 0001:000DE6DD   220 0001:000DE6E7
   222 0001:000DE6F7   225 0001:000DE6FC   226 0001:000DE6FD   227 0001:000DE707
   229 0001:000DE717   232 0001:000DE71C   233 0001:000DE720   234 0001:000DE729
   236 0001:000DE73D   238 0001:000DE743   242 0001:000DE749   244 0001:000DE757
   245 0001:000DE765   246 0001:000DE770   247 0001:000DE77B   248 0001:000DE786
   249 0001:000DE794   250 0001:000DE79B   253 0001:000DE7A6   254 0001:000DE7AC
   257 0001:000DE7B0   259 0001:000DE7B3   260 0001:000DE7BC   262 0001:000DE7D0
   263 0001:000DE7D6   266 0001:000DE7D8   267 0001:000DE7DB   268 0001:000DE7E2
   269 0001:000DE7E9   270 0001:000DE7F0   271 0001:000DE7F9   272 0001:000DE802
   274 0001:000DE80B   277 0001:000DE810   278 0001:000DE814   279 0001:000DE828
   280 0001:000DE842   282 0001:000DE849   289 0001:000DE84C   290 0001:000DE86D
   291 0001:000DE86F   292 0001:000DE874   293 0001:000DE87E   295 0001:000DE885
   298 0001:000DE889   300 0001:000DE88B   301 0001:000DE896   302 0001:000DE89F
   304 0001:000DE8A6   307 0001:000DE8D2   308 0001:000DE8DD   309 0001:000DE8EE
   312 0001:000DE900   315 0001:000DE90E   318 0001:000DE934   319 0001:000DE947
   320 0001:000DE968   324 0001:000DE988   325 0001:000DE994   326 0001:000DE9AF
   329 0001:000DE9B8   330 0001:000DE9D4   331 0001:000DE9F5   334 0001:000DEA18
   335 0001:000DEA33   336 0001:000DEA3E   337 0001:000DEA47   339 0001:000DEA4E
   342 0001:000DEA84   343 0001:000DEA8F   345 0001:000DEAA2   348 0001:000DEACA
   352 0001:000DEAF4   353 0001:000DEB00   354 0001:000DEB0B   355 0001:000DEB14
   357 0001:000DEB1B   359 0001:000DEB40   361 0001:000DEB4F   364 0001:000DEB58
   365 0001:000DEB5E   366 0001:000DEB6D   368 0001:000DEB77   369 0001:000DEB80
   372 0001:000DEB84   373 0001:000DEB8A   374 0001:000DEB92   376 0001:000DEB9C
   377 0001:000DEBA5   380 0001:000DEBA8   381 0001:000DEBAE   382 0001:000DEBB7
   384 0001:000DEBC1   385 0001:000DEBCA   390 0001:000DEBD0   395 0001:000DEBD8
   396 0001:000DEBE0   397 0001:000DEBE6   398 0001:000DEBF6   399 0001:000DEBFD
   401 0001:000DEC05   402 0001:000DEC0E   403 0001:000DEC23   405 0001:000DEC2E
   406 0001:000DEC37   408 0001:000DEC48   410 0001:000DEC57   411 0001:000DEC61
   412 0001:000DEC67   414 0001:000DEC74   417 0001:000DEC7B   418 0001:000DEC83
   421 0001:000DEC8C   422 0001:000DEC96   423 0001:000DEC9C   425 0001:000DECA9
   426 0001:000DECB0   429 0001:000DECB8   433 0001:000DECC0   434 0001:000DECCA
   436 0001:000DECD2   438 0001:000DECD4   441 0001:000DECD8   442 0001:000DECE3
   443 0001:000DECF7   445 0001:000DECFE   446 0001:000DED09   448 0001:000DED13
   449 0001:000DED1F   456 0001:000DED30   457 0001:000DED43   458 0001:000DED48
   459 0001:000DED52   461 0001:000DED59   464 0001:000DED5D   466 0001:000DED5F
   467 0001:000DED6A   468 0001:000DED73   470 0001:000DED7A   472 0001:000DEDA3
   474 0001:000DEDBC   478 0001:000DEDC8   479 0001:000DEDD4   480 0001:000DEDDF
   481 0001:000DEDE8   483 0001:000DEDEF   485 0001:000DEE14   487 0001:000DEE28
   489 0001:000DEE36

Line numbers for IdUDPServer(IdUDPServer.pas) segment .text

   403 0001:00000000

Line numbers for IdTCPStream(IdTCPStream.pas) segment .text

    91 0001:000E7B04    92 0001:000E7B19    93 0001:000E7B22    94 0001:000E7B25
    97 0001:000E7B40    98 0001:000E7B51    99 0001:000E7B57   101 0001:000E7B5C
   102 0001:000E7B73   103 0001:000E7B75   106 0001:000E7B80   107 0001:000E7B86
   108 0001:000E7B94   111 0001:000E7BA0   113 0001:000E7BA3   116 0001:000E7BA8
   117 0001:000E7BB9   118 0001:000E7BD2   119 0001:000E7BD4   121 0001:000E7BE3

Line numbers for UDUnitServer(UDUnitServer.pas) segment .itext

    26 0002:00000EC8    27 0002:00000ED1    29 0002:00000EE2

Line numbers for UModelo(UModelo.pas) segment .text

    34 0001:000F2240    35 0001:000F2243    36 0001:000F224F    41 0001:000F2254
    42 0001:000F2272    43 0001:000F2281    45 0001:000F2291    46 0001:000F22A0
    48 0001:000F22B0    49 0001:000F22B2    52 0001:000F2327

Line numbers for UParcelasMaximasException(UParcelasMaximasException.pas) segment .text

    16 0001:00000000

Line numbers for UValorMaximoEstagiarioException(UValorMaximoEstagiarioException.pas) segment .text

    15 0001:00000000

Line numbers for UDMSimulaCredito(UDMSimulaCredito.pas) segment .text

    29 0001:000F261C    30 0001:000F2638    31 0001:000F264C    34 0001:000F2664
    36 0001:000F26A2    38 0001:000F27D7

Line numbers for UDMSimulaCreditoEstagiario(UDMSimulaCreditoEstagiario.pas) segment .text

    34 0001:000F2950    35 0001:000F2972    37 0001:000F2985    38 0001:000F2997
    41 0001:000F29AF    43 0001:000F29ED    45 0001:000F2B6B

Line numbers for UFabricaDataModules(UFabricaDataModules.pas) segment .text

    22 0001:000F2C50    23 0001:000F2C53    24 0001:000F2C64    26 0001:000F2C74
    27 0001:000F2C82    29 0001:000F2C8B

Line numbers for UDMWebBroker(UDMWebBroker.pas) segment .text

    33 0001:000F2F30    34 0001:000F2F36    35 0001:000F2F45    36 0001:000F2F53
    39 0001:000F2F78    40 0001:000F2F7E    41 0001:000F2F8B    47 0001:000F2F90
    49 0001:000F2FB9    50 0001:000F2FDC    52 0001:000F3006    55 0001:000F3015
    58 0001:000F3031    63 0001:000F30A6    66 0001:000F30C3    68 0001:000F30D3
    69 0001:000F30EF

Line numbers for UDMWebBroker(UDMWebBroker.pas) segment .itext

    71 0002:00000F14    72 0002:00000F1D    73 0002:00000F26    75 0002:00000F34

Line numbers for SimuladorCreditoWeb(SimuladorCreditoWeb.dpr) segment .itext

    18 0002:00000F38    19 0002:00000F48    20 0002:00000F54    21 0002:00000F6C
    22 0002:00000F84    23 0002:00000F9C    24 0002:00000FA8

Bound resource files

c:\codegear\rad studio\7.0\lib\character.res
c:\codegear\rad studio\7.0\lib\Controls.res
UDUnitServer.dfm
UDMSimulaCredito.dfm
UDMSimulaCreditoEstagiario.dfm
UDMWebBroker.dfm
SimuladorCreditoWeb.res
SimuladorCreditoWeb.drf


Program entry point at 0002:00000F38
