
 Start         Length     Name                   Class
 0001:00401000 00109554H .text                   CODE
 0002:0050B000 00000D18H .itext                  ICODE
 0003:0050C000 00002848H .data                   DATA
 0004:0050F000 00005314H .bss                    BSS
 0005:00000000 00000048H .tls                    TLS


Detailed map of segments

 0001:00000000 000097CD C=CODE     S=.text    G=(none)   M=System   ACBP=A9
 0001:000097D0 0000010D C=CODE     S=.text    G=(none)   M=SysInit  ACBP=A9
 0001:000098E0 00000485 C=CODE     S=.text    G=(none)   M=Types    ACBP=A9
 0001:00009D68 00001AD1 C=CODE     S=.text    G=(none)   M=Windows  ACBP=A9
 0001:0000B83C 0000026D C=CODE     S=.text    G=(none)   M=Messages ACBP=A9
 0001:0000BAAC 0000018A C=CODE     S=.text    G=(none)   M=ActiveX  ACBP=A9
 0001:0000BC38 00000546 C=CODE     S=.text    G=(none)   M=CommCtrl ACBP=A9
 0001:0000C180 00000348 C=CODE     S=.text    G=(none)   M=SysConst ACBP=A9
 0001:0000C4C8 000001F8 C=CODE     S=.text    G=(none)   M=RTLConsts ACBP=A9
 0001:0000C6C0 00000230 C=CODE     S=.text    G=(none)   M=Character ACBP=A9
 0001:0000C8F0 00000155 C=CODE     S=.text    G=(none)   M=StrUtils ACBP=A9
 0001:0000CA48 000109DB C=CODE     S=.text    G=(none)   M=SysUtils ACBP=A9
 0001:0001D424 000007D3 C=CODE     S=.text    G=(none)   M=VarUtils ACBP=A9
 0001:0001DBF8 0000818C C=CODE     S=.text    G=(none)   M=Variants ACBP=A9
 0001:00025D84 0000180B C=CODE     S=.text    G=(none)   M=TypInfo  ACBP=A9
 0001:00027590 0001B138 C=CODE     S=.text    G=(none)   M=Classes  ACBP=A9
 0001:000426C8 000002B0 C=CODE     S=.text    G=(none)   M=TimeSpan ACBP=A9
 0001:00042978 000014EB C=CODE     S=.text    G=(none)   M=SyncObjs ACBP=A9
 0001:00043E64 00000D46 C=CODE     S=.text    G=(none)   M=UxTheme  ACBP=A9
 0001:00044BAC 0000005B C=CODE     S=.text    G=(none)   M=Dwmapi   ACBP=A9
 0001:00044C08 0000038D C=CODE     S=.text    G=(none)   M=Contnrs  ACBP=A9
 0001:00044F98 00001FDE C=CODE     S=.text    G=(none)   M=HelpIntfs ACBP=A9
 0001:00046F78 0000086B C=CODE     S=.text    G=(none)   M=MultiMon ACBP=A9
 0001:000477E4 00000094 C=CODE     S=.text    G=(none)   M=Wincodec ACBP=A9
 0001:00047878 00000348 C=CODE     S=.text    G=(none)   M=Consts   ACBP=A9
 0001:00047BC0 00000AC4 C=CODE     S=.text    G=(none)   M=IOUtils  ACBP=A9
 0001:00048684 00003E43 C=CODE     S=.text    G=(none)   M=IniFiles ACBP=A9
 0001:0004C4C8 000056DA C=CODE     S=.text    G=(none)   M=Registry ACBP=A9
 0001:00051BA4 00011AC4 C=CODE     S=.text    G=(none)   M=Graphics ACBP=A9
 0001:00063668 000021C2 C=CODE     S=.text    G=(none)   M=GraphUtil ACBP=A9
 0001:0006582C 00000035 C=CODE     S=.text    G=(none)   M=ShlObj   ACBP=A9
 0001:00065864 0000574F C=CODE     S=.text    G=(none)   M=StdCtrls ACBP=A9
 0001:0006AFB4 00000D62 C=CODE     S=.text    G=(none)   M=ToolWin  ACBP=A9
 0001:0006BD18 0000003C C=CODE     S=.text    G=(none)   M=RichEdit ACBP=A9
 0001:0006BD54 00000026 C=CODE     S=.text    G=(none)   M=WinSpool ACBP=A9
 0001:0006BD7C 00001DDB C=CODE     S=.text    G=(none)   M=Printers ACBP=A9
 0001:0006DB58 000010A7 C=CODE     S=.text    G=(none)   M=Clipbrd  ACBP=A9
 0001:0006EC00 00000048 C=CODE     S=.text    G=(none)   M=ComStrs  ACBP=A9
 0001:0006EC48 00002FD3 C=CODE     S=.text    G=(none)   M=ExtCtrls ACBP=A9
 0001:00071C1C 0000275E C=CODE     S=.text    G=(none)   M=ListActns ACBP=A9
 0001:0007437C 0002BAB9 C=CODE     S=.text    G=(none)   M=ComCtrls ACBP=A9
 0001:0009FE38 000009E4 C=CODE     S=.text    G=(none)   M=Dialogs  ACBP=A9
 0001:000A081C 00000189 C=CODE     S=.text    G=(none)   M=StdActns ACBP=A9
 0001:000A09A8 00000387 C=CODE     S=.text    G=(none)   M=FlatSB   ACBP=A9
 0001:000A0D30 00009E75 C=CODE     S=.text    G=(none)   M=Menus    ACBP=A9
 0001:000AABA8 0002010C C=CODE     S=.text    G=(none)   M=Controls ACBP=A9
 0001:000CACB4 0000580E C=CODE     S=.text    G=(none)   M=Themes   ACBP=A9
 0001:000D04C4 00003961 C=CODE     S=.text    G=(none)   M=ImgList  ACBP=A9
 0001:000D3E28 00002937 C=CODE     S=.text    G=(none)   M=ActnList ACBP=A9
 0001:000D6760 000157B9 C=CODE     S=.text    G=(none)   M=Forms    ACBP=A9
 0001:000EBF1C 0000BEFB C=CODE     S=.text    G=(none)   M=TestFramework ACBP=A9
 0001:000F7E18 000000A6 C=CODE     S=.text    G=(none)   M=Buttons  ACBP=A9
 0001:000F7EC0 0000A1AF C=CODE     S=.text    G=(none)   M=GUITestRunner ACBP=A9
 0001:00102070 000018DA C=CODE     S=.text    G=(none)   M=TextTestRunner ACBP=A9
 0001:0010394C 000003C0 C=CODE     S=.text    G=(none)   M=UModelo  ACBP=A9
 0001:00103D0C 000000C4 C=CODE     S=.text    G=(none)   M=UParcelasMaximasException ACBP=A9
 0001:00103DD0 00000318 C=CODE     S=.text    G=(none)   M=UDMSimulaCredito ACBP=A9
 0001:001040E8 0000072B C=CODE     S=.text    G=(none)   M=UTestDMSimulaCredito ACBP=A9
 0001:00104814 00004D3D C=CODE     S=.text    G=(none)   M=SimuladorCreditoWebTests ACBP=A9
 0002:00000000 000000AA C=ICODE    S=.itext   G=(none)   M=System   ACBP=A9
 0002:000000AC 00000016 C=ICODE    S=.itext   G=(none)   M=Windows  ACBP=A9
 0002:000000C4 000000B4 C=ICODE    S=.itext   G=(none)   M=SysUtils ACBP=A9
 0002:00000178 0000000F C=ICODE    S=.itext   G=(none)   M=VarUtils ACBP=A9
 0002:00000188 000000AA C=ICODE    S=.itext   G=(none)   M=Variants ACBP=A9
 0002:00000234 00000008 C=ICODE    S=.itext   G=(none)   M=TypInfo  ACBP=A9
 0002:0000023C 0000009D C=ICODE    S=.itext   G=(none)   M=Classes  ACBP=A9
 0002:000002DC 00000032 C=ICODE    S=.itext   G=(none)   M=TimeSpan ACBP=A9
 0002:00000310 0000000F C=ICODE    S=.itext   G=(none)   M=SyncObjs ACBP=A9
 0002:00000320 0000001B C=ICODE    S=.itext   G=(none)   M=UxTheme  ACBP=A9
 0002:0000033C 00000008 C=ICODE    S=.itext   G=(none)   M=HelpIntfs ACBP=A9
 0002:00000344 0000000F C=ICODE    S=.itext   G=(none)   M=MultiMon ACBP=A9
 0002:00000354 00000460 C=ICODE    S=.itext   G=(none)   M=IOUtils  ACBP=A9
 0002:000007B4 00000008 C=ICODE    S=.itext   G=(none)   M=IniFiles ACBP=A9
 0002:000007BC 00000008 C=ICODE    S=.itext   G=(none)   M=Registry ACBP=A9
 0002:000007C4 000000FB C=ICODE    S=.itext   G=(none)   M=Graphics ACBP=A9
 0002:000008C0 00000086 C=ICODE    S=.itext   G=(none)   M=GraphUtil ACBP=A9
 0002:00000948 00000008 C=ICODE    S=.itext   G=(none)   M=Printers ACBP=A9
 0002:00000950 00000078 C=ICODE    S=.itext   G=(none)   M=Clipbrd  ACBP=A9
 0002:000009C8 00000054 C=ICODE    S=.itext   G=(none)   M=ExtCtrls ACBP=A9
 0002:00000A1C 00000039 C=ICODE    S=.itext   G=(none)   M=ComCtrls ACBP=A9
 0002:00000A58 0000003D C=ICODE    S=.itext   G=(none)   M=Dialogs  ACBP=A9
 0002:00000A98 0000000F C=ICODE    S=.itext   G=(none)   M=FlatSB   ACBP=A9
 0002:00000AA8 00000085 C=ICODE    S=.itext   G=(none)   M=Menus    ACBP=A9
 0002:00000B30 00000088 C=ICODE    S=.itext   G=(none)   M=Controls ACBP=A9
 0002:00000BB8 00000008 C=ICODE    S=.itext   G=(none)   M=Themes   ACBP=A9
 0002:00000BC0 0000002A C=ICODE    S=.itext   G=(none)   M=ActnList ACBP=A9
 0002:00000BEC 0000005C C=ICODE    S=.itext   G=(none)   M=Forms    ACBP=A9
 0002:00000C48 0000000C C=ICODE    S=.itext   G=(none)   M=TestFramework ACBP=A9
 0002:00000C54 00000025 C=ICODE    S=.itext   G=(none)   M=Buttons  ACBP=A9
 0002:00000C7C 00000008 C=ICODE    S=.itext   G=(none)   M=TextTestRunner ACBP=A9
 0002:00000C84 00000051 C=ICODE    S=.itext   G=(none)   M=UTestDMSimulaCredito ACBP=A9
 0002:00000CD8 0000003E C=ICODE    S=.itext   G=(none)   M=SimuladorCreditoWebTests ACBP=A9
 0003:00000000 000009E8 C=DATA     S=.data    G=DGROUP   M=System   ACBP=A9
 0003:000009E8 00000024 C=DATA     S=.data    G=DGROUP   M=SysInit  ACBP=A9
 0003:00000A0C 0000000C C=DATA     S=.data    G=DGROUP   M=Windows  ACBP=A9
 0003:00000A18 00000010 C=DATA     S=.data    G=DGROUP   M=ActiveX  ACBP=A9
 0003:00000A28 00000100 C=DATA     S=.data    G=DGROUP   M=Character ACBP=A9
 0003:00000B28 000002E0 C=DATA     S=.data    G=DGROUP   M=SysUtils ACBP=A9
 0003:00000E08 00000008 C=DATA     S=.data    G=DGROUP   M=VarUtils ACBP=A9
 0003:00000E10 00000152 C=DATA     S=.data    G=DGROUP   M=Variants ACBP=A9
 0003:00000F64 0000000C C=DATA     S=.data    G=DGROUP   M=TypInfo  ACBP=A9
 0003:00000F70 00000134 C=DATA     S=.data    G=DGROUP   M=Classes  ACBP=A9
 0003:000010A4 00000090 C=DATA     S=.data    G=DGROUP   M=Wincodec ACBP=A9
 0003:00001134 00000030 C=DATA     S=.data    G=DGROUP   M=IOUtils  ACBP=A9
 0003:00001164 0000000C C=DATA     S=.data    G=DGROUP   M=IniFiles ACBP=A9
 0003:00001170 00000024 C=DATA     S=.data    G=DGROUP   M=Registry ACBP=A9
 0003:00001194 000003C8 C=DATA     S=.data    G=DGROUP   M=Graphics ACBP=A9
 0003:0000155C 000004B8 C=DATA     S=.data    G=DGROUP   M=GraphUtil ACBP=A9
 0003:00001A14 00000010 C=DATA     S=.data    G=DGROUP   M=ShlObj   ACBP=A9
 0003:00001A24 0000008C C=DATA     S=.data    G=DGROUP   M=StdCtrls ACBP=A9
 0003:00001AB0 00000020 C=DATA     S=.data    G=DGROUP   M=ToolWin  ACBP=A9
 0003:00001AD0 0000000C C=DATA     S=.data    G=DGROUP   M=Printers ACBP=A9
 0003:00001ADC 00000020 C=DATA     S=.data    G=DGROUP   M=ExtCtrls ACBP=A9
 0003:00001AFC 000001C8 C=DATA     S=.data    G=DGROUP   M=ComCtrls ACBP=A9
 0003:00001CC4 0000007C C=DATA     S=.data    G=DGROUP   M=Dialogs  ACBP=A9
 0003:00001D40 00000144 C=DATA     S=.data    G=DGROUP   M=Menus    ACBP=A9
 0003:00001E84 000001BC C=DATA     S=.data    G=DGROUP   M=Controls ACBP=A9
 0003:00002040 00000068 C=DATA     S=.data    G=DGROUP   M=Themes   ACBP=A9
 0003:000020A8 00000048 C=DATA     S=.data    G=DGROUP   M=ImgList  ACBP=A9
 0003:000020F0 00000144 C=DATA     S=.data    G=DGROUP   M=Forms    ACBP=A9
 0003:00002234 00000014 C=DATA     S=.data    G=DGROUP   M=TestFramework ACBP=A9
 0003:00002248 0000002C C=DATA     S=.data    G=DGROUP   M=Buttons  ACBP=A9
 0003:00002274 00000004 C=DATA     S=.data    G=DGROUP   M=TextTestRunner ACBP=A9
 0004:00000000 00002C38 C=BSS      S=.bss     G=DGROUP   M=System   ACBP=A9
 0004:00002C38 0000000C C=BSS      S=.bss     G=DGROUP   M=SysInit  ACBP=A9
 0004:00002C44 00000008 C=BSS      S=.bss     G=DGROUP   M=Windows  ACBP=A9
 0004:00002C4C 00000008 C=BSS      S=.bss     G=DGROUP   M=CommCtrl ACBP=A9
 0004:00002C54 0000001C C=BSS      S=.bss     G=DGROUP   M=Character ACBP=A9
 0004:00002C70 00002240 C=BSS      S=.bss     G=DGROUP   M=SysUtils ACBP=A9
 0004:00004EB0 0000005C C=BSS      S=.bss     G=DGROUP   M=VarUtils ACBP=A9
 0004:00004F0C 00000040 C=BSS      S=.bss     G=DGROUP   M=Variants ACBP=A9
 0004:00004F4C 00000004 C=BSS      S=.bss     G=DGROUP   M=TypInfo  ACBP=A9
 0004:00004F50 00000048 C=BSS      S=.bss     G=DGROUP   M=Classes  ACBP=A9
 0004:00004F98 00000014 C=BSS      S=.bss     G=DGROUP   M=TimeSpan ACBP=A9
 0004:00004FAC 00000018 C=BSS      S=.bss     G=DGROUP   M=SyncObjs ACBP=A9
 0004:00004FC4 000000CC C=BSS      S=.bss     G=DGROUP   M=UxTheme  ACBP=A9
 0004:00005090 00000008 C=BSS      S=.bss     G=DGROUP   M=HelpIntfs ACBP=A9
 0004:00005098 00000031 C=BSS      S=.bss     G=DGROUP   M=MultiMon ACBP=A9
 0004:000050CC 00000024 C=BSS      S=.bss     G=DGROUP   M=IOUtils  ACBP=A9
 0004:000050F0 00000004 C=BSS      S=.bss     G=DGROUP   M=IniFiles ACBP=A9
 0004:000050F4 00000004 C=BSS      S=.bss     G=DGROUP   M=Registry ACBP=A9
 0004:000050F8 00000064 C=BSS      S=.bss     G=DGROUP   M=Graphics ACBP=A9
 0004:0000515C 00000010 C=BSS      S=.bss     G=DGROUP   M=GraphUtil ACBP=A9
 0004:0000516C 00000004 C=BSS      S=.bss     G=DGROUP   M=Printers ACBP=A9
 0004:00005170 0000000C C=BSS      S=.bss     G=DGROUP   M=Clipbrd  ACBP=A9
 0004:0000517C 00000008 C=BSS      S=.bss     G=DGROUP   M=ExtCtrls ACBP=A9
 0004:00005184 00000038 C=BSS      S=.bss     G=DGROUP   M=ComCtrls ACBP=A9
 0004:000051BC 0000000C C=BSS      S=.bss     G=DGROUP   M=Dialogs  ACBP=A9
 0004:000051C8 00000034 C=BSS      S=.bss     G=DGROUP   M=FlatSB   ACBP=A9
 0004:000051FC 00000010 C=BSS      S=.bss     G=DGROUP   M=Menus    ACBP=A9
 0004:0000520C 0000008C C=BSS      S=.bss     G=DGROUP   M=Controls ACBP=A9
 0004:00005298 0000000C C=BSS      S=.bss     G=DGROUP   M=Themes   ACBP=A9
 0004:000052A4 00000008 C=BSS      S=.bss     G=DGROUP   M=ImgList  ACBP=A9
 0004:000052AC 00000004 C=BSS      S=.bss     G=DGROUP   M=ActnList ACBP=A9
 0004:000052B0 00000028 C=BSS      S=.bss     G=DGROUP   M=Forms    ACBP=A9
 0004:000052D8 00000004 C=BSS      S=.bss     G=DGROUP   M=TestFramework ACBP=A9
 0004:000052DC 00000030 C=BSS      S=.bss     G=DGROUP   M=Buttons  ACBP=A9
 0004:0000530C 00000004 C=BSS      S=.bss     G=DGROUP   M=TextTestRunner ACBP=A9
 0004:00005310 00000004 C=BSS      S=.bss     G=DGROUP   M=UTestDMSimulaCredito ACBP=A9
 0005:00000000 00000008 C=TLS      S=.tls     G=(none)   M=System   ACBP=A9
 0005:00000008 0000000C C=TLS      S=.tls     G=(none)   M=Classes  ACBP=A9
 0005:00000014 00000004 C=TLS      S=.tls     G=(none)   M=SyncObjs ACBP=A9
 0005:00000018 00000030 C=TLS      S=.tls     G=(none)   M=GraphUtil ACBP=A9


  Address             Publics by Name

 0001:0000BC18       ActiveX.CoCreateInstance
 0001:0000BC20       ActiveX.CoTaskMemAlloc
 0003:00000A18       ActiveX.GUID_NULL
 0001:0000BC10       ActiveX.IsEqualGUID
 0001:0000BC28       ActiveX.OleInitialize
 0001:0000BC30       ActiveX.OleUninitialize
 0004:000052AC       ActnList..9
 0001:000D51DC       ActnList..TAction
 0001:000D55AC       ActnList..TActionLink
 0001:000D47B4       ActnList..TActionList
 0001:000D4130       ActnList..TActionListEnumerator
 0001:000D3E28       ActnList..TContainedAction
 0001:000D4BA8       ActnList..TCustomAction
 0001:000D43A0       ActnList..TCustomActionList
 0001:000D4980       ActnList..TShortCutList
 0002:00000BC0       ActnList.ActnList
 0001:000D6758       ActnList.Finalization
 0001:000D66D8       ActnList.TAction.Create
 0001:000D5D64       ActnList.TActionLink.IsCaptionLinked
 0001:000D5D78       ActnList.TActionLink.IsCheckedLinked
 0001:000D5D8C       ActnList.TActionLink.IsEnabledLinked
 0001:000D5DA0       ActnList.TActionLink.IsGroupIndexLinked
 0001:000D5DB4       ActnList.TActionLink.IsHelpContextLinked
 0001:000D5DC8       ActnList.TActionLink.IsHelpLinked
 0001:000D5DDC       ActnList.TActionLink.IsHintLinked
 0001:000D5DF0       ActnList.TActionLink.IsImageIndexLinked
 0001:000D5E04       ActnList.TActionLink.IsShortCutLinked
 0001:000D5E18       ActnList.TActionLink.IsVisibleLinked
 0001:000D5E2C       ActnList.TActionLink.SetAutoCheck
 0001:000D5E30       ActnList.TActionLink.SetCaption
 0001:000D5E34       ActnList.TActionLink.SetChecked
 0001:000D5E38       ActnList.TActionLink.SetEnabled
 0001:000D5E3C       ActnList.TActionLink.SetGroupIndex
 0001:000D5E40       ActnList.TActionLink.SetHelpContext
 0001:000D5E44       ActnList.TActionLink.SetHelpKeyword
 0001:000D5E48       ActnList.TActionLink.SetHelpType
 0001:000D5E4C       ActnList.TActionLink.SetHint
 0001:000D5E50       ActnList.TActionLink.SetImageIndex
 0001:000D5E54       ActnList.TActionLink.SetShortCut
 0001:000D5E58       ActnList.TActionLink.SetVisible
 0001:000D58C8       ActnList.TActionListEnumerator.Create
 0001:000D590C       ActnList.TActionListEnumerator.GetCurrent
 0001:000D5918       ActnList.TActionListEnumerator.MoveNext
 0001:000D56B4       ActnList.TContainedAction.Destroy
 0001:000D5820       ActnList.TContainedAction.Execute
 0001:000D56E8       ActnList.TContainedAction.GetIndex
 0001:000D5704       ActnList.TContainedAction.GetParentComponent
 0001:000D5714       ActnList.TContainedAction.HasParent
 0001:000D5700       ActnList.TContainedAction.IsCategoryStored
 0001:000D5724       ActnList.TContainedAction.ReadState
 0001:000D57CC       ActnList.TContainedAction.SetActionList
 0001:000D57A0       ActnList.TContainedAction.SetCategory
 0001:000D5758       ActnList.TContainedAction.SetIndex
 0001:000D57F4       ActnList.TContainedAction.SetParentComponent
 0001:000D5878       ActnList.TContainedAction.Update
 0001:000D5F08       ActnList.TCustomAction.AssignTo
 0001:000D5E5C       ActnList.TCustomAction.Create
 0001:000D5EB0       ActnList.TCustomAction.Destroy
 0001:000D6594       ActnList.TCustomAction.DoHint
 0001:000D65BC       ActnList.TCustomAction.Execute
 0001:000D6620       ActnList.TCustomAction.GetSecondaryShortCuts
 0001:000D66A0       ActnList.TCustomAction.HandleShortCut
 0001:000D667C       ActnList.TCustomAction.IsSecondaryShortCutsStored
 0001:000D6014       ActnList.TCustomAction.SetAutoCheck
 0001:000D6074       ActnList.TCustomAction.SetCaption
 0001:000D60D4       ActnList.TCustomAction.SetChecked
 0001:000D61DC       ActnList.TCustomAction.SetEnabled
 0001:000D6258       ActnList.TCustomAction.SetGroupIndex
 0001:000D6370       ActnList.TCustomAction.SetHelpContext
 0001:000D6308       ActnList.TCustomAction.SetHelpKeyword
 0001:000D62B0       ActnList.TCustomAction.SetHelpType
 0001:000D63C8       ActnList.TCustomAction.SetHint
 0001:000D6428       ActnList.TCustomAction.SetImageIndex
 0001:000D6548       ActnList.TCustomAction.SetName
 0001:000D6648       ActnList.TCustomAction.SetSecondaryShortCuts
 0001:000D6484       ActnList.TCustomAction.SetShortCut
 0001:000D64E8       ActnList.TCustomAction.SetVisible
 0001:000D5B2C       ActnList.TCustomActionList.AddAction
 0001:000D5B74       ActnList.TCustomActionList.Change
 0001:000D5934       ActnList.TCustomActionList.Create
 0001:000D59A0       ActnList.TCustomActionList.Destroy
 0001:000D5C80       ActnList.TCustomActionList.ExecuteAction
 0001:000D5A70       ActnList.TCustomActionList.GetAction
 0001:000D5A84       ActnList.TCustomActionList.GetActionCount
 0001:000D59F8       ActnList.TCustomActionList.GetChildren
 0001:000D5A8C       ActnList.TCustomActionList.GetEnumerator
 0001:000D5AD0       ActnList.TCustomActionList.ImageListChange
 0001:000D5BDC       ActnList.TCustomActionList.IsShortCut
 0001:000D5ADC       ActnList.TCustomActionList.Notification
 0001:000D5B4C       ActnList.TCustomActionList.RemoveAction
 0001:000D5A40       ActnList.TCustomActionList.SetChildOrder
 0001:000D5A9C       ActnList.TCustomActionList.SetImages
 0001:000D5CC0       ActnList.TCustomActionList.SetState
 0001:000D5CA0       ActnList.TCustomActionList.UpdateAction
 0001:000D66AC       ActnList.TShortCutList.Add
 0001:000D6714       ActnList.TShortCutList.IndexOfShortCut
 0004:000052DC       Buttons..5
 0003:00002248       Buttons.BitBtnCaptions
 0004:000052E0       Buttons.BitBtnGlyphs
 0002:00000C54       Buttons.Buttons
 0001:000F7E18       Buttons.DestroyLocals
 0001:000F7EB0       Buttons.Finalization
 0004:00002C60       Character.CategoryTable
 0004:00002C58       Character.CatIndexPrimary
 0004:00002C5C       Character.CatIndexSecondary
 0004:00002C54       Character.DataTable
 0003:00000A28       Character.Latin1Categories
 0004:00002C6C       Character.NumericValueTable
 0004:00002C64       Character.NumIndexPrimary
 0004:00002C68       Character.NumIndexSecondary
 0001:0000C6C0       Character.TCharacter.CheckLetter
 0001:0000C6CC       Character.TCharacter.CheckLetterOrDigit
 0001:0000C7E8       Character.TCharacter.GetUnicodeCategory
 0001:0000C848       Character.TCharacter.Initialize
 0001:0000C7DC       Character.TCharacter.IsAscii
 0001:0000C6DC       Character.TCharacter.IsLatin1
 0001:0000C6E8       Character.TCharacter.IsLetter
 0001:0000C774       Character.TCharacter.IsLetterOrDigit
 0004:00004F60       Classes..66
 0001:00027F20       Classes..EBitsError
 0001:00027CB8       Classes..EClassNotFound
 0001:00028058       Classes..EComponentError
 0001:000279C0       Classes..EFCreateError
 0001:00027AF4       Classes..EFilerError
 0001:000278C4       Classes..EFileStreamError
 0001:00027A5C       Classes..EFOpenError
 0001:00027D54       Classes..EInvalidImage
 0001:00028198       Classes..EInvalidOperation
 0001:00027E8C       Classes..EListError
 0001:000280F8       Classes..EOutOfResources
 0001:00027B8C       Classes..EReadError
 0001:00027DF0       Classes..EResNotFound
 0001:00027828       Classes..EStreamError
 0001:00027FB4       Classes..EStringListError
 0001:0002F9D4       Classes..EThread
 0001:00027C20       Classes..EWriteError
 0001:0003137C       Classes..TBasicAction
 0001:00031160       Classes..TBasicActionLink
 0001:00029760       Classes..TBits
 0001:0002D2D4       Classes..TClassFinder
 0001:00029FE4       Classes..TCollection
 0001:00029E40       Classes..TCollectionEnumerator
 0001:00029BD4       Classes..TCollectionItem
 0001:00030818       Classes..TComponent
 0001:00040CB0       Classes..TComponent.FindComponent$ActRec
 0001:000303C0       Classes..TComponentEnumerator
 0001:0002C518       Classes..TCustomMemoryStream
 0001:00031788       Classes..TDataModule
 0001:0002D6A8       Classes..TFiler
 0001:0002C334       Classes..TFileStream
 0001:0002C11C       Classes..THandleStream
 0001:000335C4       Classes..TIntConst
 0001:00029A60       Classes..TInterfacedPersistent
 0001:00029274       Classes..TInterfaceList
 0001:00028F78       Classes..TInterfaceListEnumerator
 0001:00028574       Classes..TList
 0001:000344F0       Classes..TList.Sort$ActRec
 0001:000283A0       Classes..TListEnumerator
 0001:0002C760       Classes..TMemoryStream
 0001:0002A47C       Classes..TOwnedCollection
 0001:00029898       Classes..TPersistent
 0001:000391AC       Classes..TPropFixup
 0001:000393D8       Classes..TPropIntfFixup
 0001:0002E0C0       Classes..TReader
 0001:00031CA8       Classes..TRegGroup
 0001:00032108       Classes..TRegGroups
 0001:0002C9A8       Classes..TResourceStream
 0001:0002BB10       Classes..TStream
 0001:0002CD28       Classes..TStreamAdapter
 0001:0002B494       Classes..TStringList
 0001:0002A81C       Classes..TStrings
 0001:0002A674       Classes..TStringsEnumerator
 0001:0002FBC8       Classes..TThread
 0001:00028C88       Classes..TThreadList
 0001:0002EFC8       Classes..TWriter
 0001:00033550       Classes.ActivateClassGroup
 0003:00000F70       Classes.AddDataModule
 0001:00039704       Classes.AddFinished
 0001:0003973C       Classes.AddNotFinished
 0001:0003A3A8       Classes.AddSubComponentsToLoaded
 0001:0004246C       Classes.AllocateHWnd
 0001:0003D944       Classes.AncestorIsValid
 0003:00000F80       Classes.ApplicationHandleException
 0003:00000F88       Classes.ApplicationShowException
 0001:00033A30       Classes.BeginGlobalLoading
 0001:0003F390       Classes.BinToHex
 0003:00001078       Classes.BlockCode
 0001:00031C50       Classes.Bounds
 0001:000422CC       Classes.CalcJmpOffset
 0001:0003A3E4       Classes.CheckSubComponents
 0001:0003F568       Classes.CheckSynchronize
 0002:0000024C       Classes.Classes
 0001:00033294       Classes.ClassNotFound
 0001:00042380       Classes.CleanupInstFreeList
 0001:00033CD0       Classes.CollectionsEqual
 0001:0003A4C4       Classes.ComponentCreated
 0003:00000FE8       Classes.Convert
 0003:00000FC8       Classes.Convert
 0001:0003C3E4       Classes.CopyBinary
 0001:0003C354       Classes.CopyBytes
 0001:0003C308       Classes.CopyList
 0001:0003C280       Classes.CopySetBody
 0001:0003A544       Classes.CreateComponent
 0003:00000F90       Classes.CreateVCLComObjectProc
 0001:00042520       Classes.DeallocateHWnd
 0001:0003F490       Classes.DoneThreadSynchronization
 0001:00036358       Classes.DoWrite
 0001:00042014       Classes.DoWriteHeight
 0001:00041FAC       Classes.DoWriteHorizontalOffset
 0001:00041FE0       Classes.DoWriteVerticalOffset
 0001:00041F84       Classes.DoWriteWidth
 0003:00000FA0       Classes.Dummy32bitResHeader
 0001:00042548       Classes.EFileStreamError.Create
 0001:00033AB8       Classes.EndGlobalLoading
 0001:00038FE4       Classes.Error
 0001:00032D38       Classes.Error
 0004:00004F8C       Classes.ExternalThreads
 0003:00000F9C       Classes.FilerSignature
 0001:000425F8       Classes.Finalization
 0001:0003D034       Classes.FindAncestor
 0001:0003336C       Classes.FindClass
 0001:0003A6F4       Classes.FindExistingComponent
 0001:00033948       Classes.FindGlobalComponent
 0004:00004F6C       Classes.FindGlobalComponentProcs
 0001:000337EC       Classes.FindIdentToInt
 0001:00033770       Classes.FindIntToIdent
 0001:0003DDB8       Classes.FindMethodName
 0001:0003960C       Classes.FindNestedComponent
 0001:0003B770       Classes.FindUniqueName
 0001:0003F4A8       Classes.FreeExternalThreads
 0001:00041BDC       Classes.FreeIntConstList
 0001:0004236C       Classes.FreeObjectInstance
 0001:00033300       Classes.GetClass
 0001:0003E4AC       Classes.GetComponentValue
 0001:0003576C       Classes.GetDesigner
 0001:00033288       Classes.GetFieldClassTable
 0001:000423BC       Classes.GetFreeInstBlockItemCount
 0004:00004F70       Classes.GlobalFixupList
 0001:00039784       Classes.GlobalFixupReferences
 0005:00000010       Classes.GlobalLists
 0005:0000000C       Classes.GlobalLoaded
 0004:00004F54       Classes.GlobalNameSpace
 0001:000334E4       Classes.GroupDescendentsWith
 0001:0003AF04       Classes.HandleException
 0001:0003F3D0       Classes.HexToBin
 0001:00033868       Classes.IdentToInt
 0001:00033B14       Classes.InitComponent
 0001:00033BA0       Classes.InitInheritedComponent
 0001:0003F45C       Classes.InitThreadSynchronization
 0004:00004F90       Classes.InstBlockList
 0004:00004F94       Classes.InstFreeList
 0004:00004F64       Classes.IntConstList
 0001:000339AC       Classes.InternalReadComponentRes
 0001:000338AC       Classes.IntToIdent
 0001:00031C8C       Classes.InvalidPoint
 0001:00031C78       Classes.InvalidPoint
 0001:0003DB38       Classes.IsDefault
 0001:0003D9B4       Classes.IsDefaultFloatProp
 0001:0003DA10       Classes.IsDefaultInt64Prop
 0001:0003DCDC       Classes.IsDefaultInterfaceProp
 0001:0003DE10       Classes.IsDefaultMethodProp
 0001:0003DB90       Classes.IsDefaultObjectProp
 0001:0003D95C       Classes.IsDefaultOrdProp
 0001:0003DF48       Classes.IsDefaultPropertyValue
 0001:0003DA68       Classes.IsDefaultStrProp
 0001:0003DC10       Classes.IsDefaultValue
 0001:0003DEB0       Classes.IsDefaultVariantProp
 0001:00033988       Classes.IsUniqueGlobalComponentName
 0004:00004F58       Classes.IsUniqueGlobalComponentNameProc
 0001:000422D4       Classes.MakeObjectInstance
 0001:000353A4       Classes.Min
 0001:00041C54       Classes.ModuleUnload
 0003:00000FC0       Classes.NilMethod
 0001:00035810       Classes.NotifyDesigner
 0001:00033A88       Classes.NotifyGlobalLoading
 0001:0003DAF8       Classes.ObjectAncestorMatch
 0001:0003E494       Classes.OwnedBy
 0001:00031BF8       Classes.Point
 0003:0000105C       Classes.Priorities
 0001:00039AC4       Classes.PropertyNotFound
 0001:0003AFD4       Classes.PropPathError
 0001:00039AB8       Classes.PropValueError
 0001:000343B8       Classes.QuickSort
 0001:0003819C       Classes.RaiseException
 0001:0003C8CC       Classes.ReadCustomVariant
 0001:00039AA0       Classes.ReadError
 0001:0003A4E4       Classes.Recover
 0001:00031C28       Classes.Rect
 0004:00004F68       Classes.RegGroups
 0001:0003338C       Classes.RegisterClass
 0001:000338F0       Classes.RegisterFindGlobalComponentProc
 0001:00033744       Classes.RegisterIntegerConsts
 0001:000423EC       Classes.ReleaseObjectInstanceBlocks
 0003:00000F78       Classes.RemoveDataModule
 0001:00039958       Classes.RemoveFixupReferences
 0001:00039A0C       Classes.RemoveFixups
 0001:00039E08       Classes.RemoveGlobalFixup
 0001:0003F534       Classes.ResetSyncEvent
 0001:00033F34       Classes.ReturnAddr
 0001:000364C4       Classes.ReturnAddr
 0001:0003A654       Classes.SetCompName
 0001:00039AF0       Classes.SetElementValue
 0001:0003B34C       Classes.SetInterfaceReference
 0001:0003B268       Classes.SetIntIdent
 0001:0003B2B0       Classes.SetObjectIdent
 0001:0003A45C       Classes.SetSubComponentState
 0001:0003B2F0       Classes.SetVariantReference
 0001:0003F55C       Classes.SignalSyncEvent
 0001:0003C03C       Classes.SkipBinary
 0001:0003C06C       Classes.SkipCollection
 0001:0003C010       Classes.SkipList
 0001:00031C18       Classes.SmallPoint
 0001:0003347C       Classes.StartClassGroup
 0001:000422AC       Classes.StdWndProc
 0001:00037F88       Classes.StringListCompareStrings
 0004:00004F5C       Classes.SyncEvent
 0003:00001058       Classes.SyncList
 0001:00041648       Classes.TBasicAction.Change
 0001:000414D4       Classes.TBasicAction.Create
 0001:00041518       Classes.TBasicAction.Destroy
 0001:000415B4       Classes.TBasicAction.Execute
 0001:00041584       Classes.TBasicAction.ExecuteTarget
 0001:00041580       Classes.TBasicAction.HandlesTarget
 0001:00041588       Classes.TBasicAction.Notification
 0001:0004165C       Classes.TBasicAction.RegisterChanges
 0001:000416A8       Classes.TBasicAction.SetActionComponent
 0001:000415EC       Classes.TBasicAction.SetOnExecute
 0001:00041668       Classes.TBasicAction.UnRegisterChanges
 0001:000415D0       Classes.TBasicAction.Update
 0001:000415B0       Classes.TBasicAction.UpdateTarget
 0001:00041424       Classes.TBasicActionLink.AssignClient
 0001:0004145C       Classes.TBasicActionLink.Change
 0001:000413E0       Classes.TBasicActionLink.Create
 0001:00041428       Classes.TBasicActionLink.Destroy
 0001:00041474       Classes.TBasicActionLink.Execute
 0001:000414BC       Classes.TBasicActionLink.IsOnExecuteLinked
 0001:00041490       Classes.TBasicActionLink.SetAction
 0001:000414C0       Classes.TBasicActionLink.SetOnExecute
 0001:000414C8       Classes.TBasicActionLink.Update
 0001:0003535C       Classes.TBits.Destroy
 0001:0003538C       Classes.TBits.Error
 0001:00035480       Classes.TBits.GetBit
 0001:00035498       Classes.TBits.OpenBit
 0001:00035454       Classes.TBits.SetBit
 0001:000353B0       Classes.TBits.SetSize
 0001:00032FF4       Classes.TClassFinder.Create
 0001:00033134       Classes.TClassFinder.Destroy
 0001:00033164       Classes.TClassFinder.GetClass
 0001:00033200       Classes.TClassFinder.GetClasses
 0001:00035B40       Classes.TCollection.Add
 0001:0003605C       Classes.TCollection.Added
 0001:00035B60       Classes.TCollection.Assign
 0001:00035C08       Classes.TCollection.BeginUpdate
 0001:00035C0C       Classes.TCollection.Changed
 0001:00035C1C       Classes.TCollection.Clear
 0001:00035AA8       Classes.TCollection.Create
 0001:00036020       Classes.TCollection.Delete
 0001:00036060       Classes.TCollection.Deleting
 0001:00035AF4       Classes.TCollection.Destroy
 0001:00035C84       Classes.TCollection.EndUpdate
 0001:00035C90       Classes.TCollection.FindItemID
 0001:00035CC4       Classes.TCollection.GetAttr
 0001:00035CC0       Classes.TCollection.GetAttrCount
 0001:00035CE4       Classes.TCollection.GetCapacity
 0001:00035D0C       Classes.TCollection.GetCount
 0001:00035CD4       Classes.TCollection.GetEnumerator
 0001:00035D14       Classes.TCollection.GetItem
 0001:00035CEC       Classes.TCollection.GetItemAttr
 0001:00035D28       Classes.TCollection.GetNamePath
 0001:00035DDC       Classes.TCollection.GetPropName
 0001:00035F30       Classes.TCollection.Insert
 0001:00035F4C       Classes.TCollection.InsertItem
 0001:00036064       Classes.TCollection.Notify
 0001:00036050       Classes.TCollection.Owner
 0001:00035FB4       Classes.TCollection.RemoveItem
 0001:00036008       Classes.TCollection.SetCapacity
 0001:00036018       Classes.TCollection.SetItemName
 0001:0003601C       Classes.TCollection.Update
 0001:00035A3C       Classes.TCollectionEnumerator.Create
 0001:00035A80       Classes.TCollectionEnumerator.GetCurrent
 0001:00035A8C       Classes.TCollectionEnumerator.MoveNext
 0001:000358DC       Classes.TCollectionItem.Changed
 0001:00035874       Classes.TCollectionItem.Create
 0001:000358AC       Classes.TCollectionItem.Destroy
 0001:00035918       Classes.TCollectionItem.GetDisplayName
 0001:00035900       Classes.TCollectionItem.GetIndex
 0001:0003592C       Classes.TCollectionItem.GetNamePath
 0001:000359D8       Classes.TCollectionItem.GetOwner
 0001:000359DC       Classes.TCollectionItem.SetCollection
 0001:00035A04       Classes.TCollectionItem.SetDisplayName
 0001:00035A0C       Classes.TCollectionItem.SetIndex
 0001:00040ED8       Classes.TComponent.AddSortedComponent
 0001:000406F4       Classes.TComponent.BeforeDestruction
 0001:00040F8C       Classes.TComponent.ChangeName
 0001:00040660       Classes.TComponent.Create
 0001:00040AA0       Classes.TComponent.DefineProperties
 0001:000406AC       Classes.TComponent.Destroy
 0001:00040924       Classes.TComponent.DestroyComponents
 0001:00040990       Classes.TComponent.Destroying
 0001:000410E8       Classes.TComponent.ExecuteAction
 0001:00040D74       Classes.TComponent.FindComponent
 0001:00040D68       Classes.TComponent.FindComponent$ActRec.$0$Body
 0001:00040E60       Classes.TComponent.FindSortedComponent
 0001:00040740       Classes.TComponent.FreeNotification
 0001:0004121C       Classes.TComponent.FreeOnRelease
 0001:00040B44       Classes.TComponent.GetChildOwner
 0001:00040B48       Classes.TComponent.GetChildParent
 0001:00040B3C       Classes.TComponent.GetChildren
 0001:0004114C       Classes.TComponent.GetComObject
 0001:00040FE0       Classes.TComponent.GetComponent
 0001:0004100C       Classes.TComponent.GetComponentCount
 0001:00040FC4       Classes.TComponent.GetComponentIndex
 0001:00040B4C       Classes.TComponent.GetEnumerator
 0001:00040B5C       Classes.TComponent.GetNamePath
 0001:00040B70       Classes.TComponent.GetOwner
 0001:00040B78       Classes.TComponent.GetParentComponent
 0001:00040B38       Classes.TComponent.HasParent
 0001:000407D4       Classes.TComponent.Insert
 0001:00040888       Classes.TComponent.InsertComponent
 0001:000412B4       Classes.TComponent.IntfGetComponent
 0001:000412B8       Classes.TComponent.IsImplementorOf
 0001:00040B98       Classes.TComponent.Loaded
 0001:00040A40       Classes.TComponent.Notification
 0001:00040BA4       Classes.TComponent.PaletteCreated
 0001:00041234       Classes.TComponent.QueryInterface
 0001:00040794       Classes.TComponent.ReadLeft
 0001:00040BA8       Classes.TComponent.ReadState
 0001:000407A8       Classes.TComponent.ReadTop
 0001:00041338       Classes.TComponent.ReferenceInterface
 0001:00040810       Classes.TComponent.Remove
 0001:000408EC       Classes.TComponent.RemoveComponent
 0001:00040A24       Classes.TComponent.RemoveFreeNotification
 0001:00040700       Classes.TComponent.RemoveFreeNotifications
 0001:000409CC       Classes.TComponent.RemoveNotification
 0001:00041204       Classes.TComponent.SafeCallException
 0001:00040B74       Classes.TComponent.SetChildOrder
 0001:0004101C       Classes.TComponent.SetComponentIndex
 0001:00041070       Classes.TComponent.SetDesigning
 0001:00040EFC       Classes.TComponent.SetName
 0001:00040B7C       Classes.TComponent.SetParentComponent
 0001:000410C0       Classes.TComponent.SetReference
 0001:00041138       Classes.TComponent.SetSubComponent
 0001:00041110       Classes.TComponent.UpdateAction
 0001:00040B8C       Classes.TComponent.Updated
 0001:0004122C       Classes.TComponent.UpdateRegistry
 0001:00040B80       Classes.TComponent.Updating
 0001:00040C40       Classes.TComponent.ValidateContainer
 0001:00040C54       Classes.TComponent.ValidateInsert
 0001:00040BB8       Classes.TComponent.ValidateRename
 0001:000407BC       Classes.TComponent.WriteLeft
 0001:00040BB0       Classes.TComponent.WriteState
 0001:000407C8       Classes.TComponent.WriteTop
 0001:00041274       Classes.TComponent._AddRef
 0001:00041294       Classes.TComponent._Release
 0001:000405F4       Classes.TComponentEnumerator.Create
 0001:00040638       Classes.TComponentEnumerator.GetCurrent
 0001:00040644       Classes.TComponentEnumerator.MoveNext
 0001:00038C78       Classes.TCustomMemoryStream.Read
 0001:00038CEC       Classes.TCustomMemoryStream.SaveToFile
 0001:00038CD4       Classes.TCustomMemoryStream.SaveToStream
 0001:00038CB0       Classes.TCustomMemoryStream.Seek
 0001:00038C70       Classes.TCustomMemoryStream.SetPointer
 0001:00041D90       Classes.TDataModule.AfterConstruction
 0001:00041DF8       Classes.TDataModule.BeforeDestruction
 0001:00041C5C       Classes.TDataModule.Create
 0001:00041D9C       Classes.TDataModule.CreateNew
 0001:0004203C       Classes.TDataModule.DefineProperties
 0001:00041E24       Classes.TDataModule.Destroy
 0001:00041EC0       Classes.TDataModule.DoCreate
 0001:00041F20       Classes.TDataModule.DoDestroy
 0001:0004218C       Classes.TDataModule.GetChildren
 0001:000421F8       Classes.TDataModule.HandleCreateException
 0001:00042268       Classes.TDataModule.ReadHeight
 0001:00042240       Classes.TDataModule.ReadHorizontalOffset
 0001:00042218       Classes.TDataModule.ReadState
 0001:00042254       Classes.TDataModule.ReadVerticalOffset
 0001:0004222C       Classes.TDataModule.ReadWidth
 0001:000422A0       Classes.TDataModule.WriteHeight
 0001:00042288       Classes.TDataModule.WriteHorizontalOffset
 0001:00042294       Classes.TDataModule.WriteVerticalOffset
 0001:0004227C       Classes.TDataModule.WriteWidth
 0001:00039138       Classes.TFiler.Create
 0001:0002DA60       Classes.TFiler.DefineBinaryProperty
 0001:0002DA58       Classes.TFiler.DefineProperty
 0001:00039180       Classes.TFiler.Destroy
 0001:0002DA68       Classes.TFiler.FlushBuffer
 0001:000391A8       Classes.TFiler.SetRoot
 0001:00038AC8       Classes.TFileStream.Create
 0001:00038A84       Classes.TFileStream.Create
 0001:00038C3C       Classes.TFileStream.Destroy
 0001:000389C0       Classes.THandleStream.Create
 0001:000389FC       Classes.THandleStream.Read
 0001:00038A1C       Classes.THandleStream.Seek
 0001:00038A5C       Classes.THandleStream.SetSize
 0001:00038A48       Classes.THandleStream.SetSize
 0001:00038A0C       Classes.THandleStream.Write
 0004:00004F74       Classes.ThreadLock
 0001:0003F75C       Classes.ThreadProc
 0001:0003370C       Classes.TIntConst.Create
 0001:000356B4       Classes.TInterfacedPersistent.AfterConstruction
 0001:00035744       Classes.TInterfacedPersistent.QueryInterface
 0001:00035704       Classes.TInterfacedPersistent._AddRef
 0001:00035724       Classes.TInterfacedPersistent._Release
 0001:00034FB0       Classes.TInterfaceList.Add
 0001:00034C90       Classes.TInterfaceList.Clear
 0001:00034C10       Classes.TInterfaceList.Create
 0001:00034D10       Classes.TInterfaceList.Delete
 0001:00034C54       Classes.TInterfaceList.Destroy
 0001:000352D4       Classes.TInterfaceList.Exchange
 0001:00034D80       Classes.TInterfaceList.Expand
 0001:00034DE0       Classes.TInterfaceList.First
 0001:00034DF4       Classes.TInterfaceList.Get
 0001:00034E78       Classes.TInterfaceList.GetCapacity
 0001:00034ED4       Classes.TInterfaceList.GetCount
 0001:00034F30       Classes.TInterfaceList.GetEnumerator
 0001:00034F40       Classes.TInterfaceList.IndexOf
 0001:00034F48       Classes.TInterfaceList.IndexOfItem
 0001:00035028       Classes.TInterfaceList.Insert
 0001:0003509C       Classes.TInterfaceList.Last
 0001:00035338       Classes.TInterfaceList.Lock
 0001:00035104       Classes.TInterfaceList.Put
 0001:00035188       Classes.TInterfaceList.Remove
 0001:00035190       Classes.TInterfaceList.RemoveItem
 0001:0003521C       Classes.TInterfaceList.SetCapacity
 0001:00035278       Classes.TInterfaceList.SetCount
 0001:00035344       Classes.TInterfaceList.Unlock
 0001:00034B98       Classes.TInterfaceListEnumerator.Create
 0001:00034BDC       Classes.TInterfaceListEnumerator.GetCurrent
 0001:00034BF4       Classes.TInterfaceListEnumerator.MoveNext
 0001:00033E74       Classes.TList.Add
 0001:000346B0       Classes.TList.Assign
 0001:00033EB4       Classes.TList.Clear
 0001:00033ECC       Classes.TList.Delete
 0001:00033E54       Classes.TList.Destroy
 0001:00033F70       Classes.TList.Error
 0001:00033F38       Classes.TList.Error
 0001:00033FC4       Classes.TList.Exchange
 0001:00034014       Classes.TList.Expand
 0001:00034654       Classes.TList.Extract
 0001:0003465C       Classes.TList.ExtractItem
 0001:0003402C       Classes.TList.First
 0001:00034034       Classes.TList.Get
 0001:00034058       Classes.TList.GetEnumerator
 0001:00034068       Classes.TList.Grow
 0001:0003409C       Classes.TList.IndexOf
 0001:000340C0       Classes.TList.IndexOfItem
 0001:000340EC       Classes.TList.Insert
 0001:00034164       Classes.TList.Last
 0001:00034188       Classes.TList.Move
 0001:000346AC       Classes.TList.Notify
 0001:00034264       Classes.TList.Pack
 0001:000341E0       Classes.TList.Put
 0001:0003423C       Classes.TList.Remove
 0001:00034244       Classes.TList.RemoveItem
 0001:000342D8       Classes.TList.SetCapacity
 0001:00034314       Classes.TList.SetCount
 0001:000345B4       Classes.TList.Sort
 0001:000345A8       Classes.TList.Sort$ActRec.$0$Body
 0001:00034634       Classes.TList.SortList
 0001:00033DEC       Classes.TListEnumerator.Create
 0001:00033E30       Classes.TListEnumerator.GetCurrent
 0001:00033E3C       Classes.TListEnumerator.MoveNext
 0001:00038D70       Classes.TMemoryStream.Clear
 0001:00038D44       Classes.TMemoryStream.Destroy
 0001:00038DC0       Classes.TMemoryStream.LoadFromFile
 0001:00038D88       Classes.TMemoryStream.LoadFromStream
 0001:00038E68       Classes.TMemoryStream.Realloc
 0001:00038E14       Classes.TMemoryStream.SetCapacity
 0001:00038E3C       Classes.TMemoryStream.SetSize
 0001:00038EE8       Classes.TMemoryStream.Write
 0001:00036088       Classes.TOwnedCollection.Create
 0001:000360CC       Classes.TOwnedCollection.GetOwner
 0001:0003553C       Classes.TPersistent.Assign
 0001:00035550       Classes.TPersistent.AssignError
 0001:0003560C       Classes.TPersistent.AssignTo
 0001:00035614       Classes.TPersistent.DefineProperties
 0001:00035510       Classes.TPersistent.Destroy
 0001:00035618       Classes.TPersistent.GetNamePath
 0001:000356B0       Classes.TPersistent.GetOwner
 0001:000394C0       Classes.TPropFixup.Create
 0001:00039518       Classes.TPropFixup.MakeGlobalReference
 0001:00039578       Classes.TPropFixup.ResolveReference
 0001:00039588       Classes.TPropIntfFixup.ResolveReference
 0001:00039B44       Classes.TReader.BeginReferences
 0001:00039BAC       Classes.TReader.CheckValue
 0001:0003C43C       Classes.TReader.CopyValue
 0001:00039C0C       Classes.TReader.DefineBinaryProperty
 0001:00039BD0       Classes.TReader.DefineProperty
 0001:00039B08       Classes.TReader.Destroy
 0001:00039E90       Classes.TReader.DoFixupReferences
 0001:00039CF4       Classes.TReader.EndOfList
 0001:00039D08       Classes.TReader.EndReferences
 0001:00039D24       Classes.TReader.Error
 0001:0003C718       Classes.TReader.FindAncestorComponent
 0001:0003C810       Classes.TReader.FindComponentClass
 0001:00039DB8       Classes.TReader.FindMethod
 0001:00039D48       Classes.TReader.FindMethodInstance
 0001:00039FD4       Classes.TReader.FixupReferences
 0001:0003A00C       Classes.TReader.FlushBuffer
 0001:0003A030       Classes.TReader.FreeFixups
 0001:0003A06C       Classes.TReader.GetFieldClass
 0001:0003A100       Classes.TReader.GetPosition
 0001:0003A118       Classes.TReader.NextValue
 0001:0003A128       Classes.TReader.PropertyError
 0001:0003A13C       Classes.TReader.Read
 0001:0003A1C4       Classes.TReader.ReadBoolean
 0001:0003A188       Classes.TReader.ReadBuffer
 0001:0003A1D8       Classes.TReader.ReadChar
 0001:0003A2CC       Classes.TReader.ReadCollection
 0001:0003A798       Classes.TReader.ReadComponent
 0001:0003BB0C       Classes.TReader.ReadComponents
 0001:0003ABD8       Classes.TReader.ReadCurrency
 0001:0003A9D8       Classes.TReader.ReadData
 0001:0003AA48       Classes.TReader.ReadDataInner
 0001:0003AC28       Classes.TReader.ReadDate
 0001:0003AB50       Classes.TReader.ReadDouble
 0001:0003AB18       Classes.TReader.ReadFloat
 0001:0003AC6C       Classes.TReader.ReadIdent
 0001:0003AE70       Classes.TReader.ReadInt64
 0001:0003AE04       Classes.TReader.ReadInteger
 0001:0003AEB4       Classes.TReader.ReadListBegin
 0001:0003AEBC       Classes.TReader.ReadListEnd
 0001:0003AEC4       Classes.TReader.ReadPrefix
 0001:0003AFF0       Classes.TReader.ReadProperty
 0001:0003B40C       Classes.TReader.ReadPropValue
 0001:0003B7D8       Classes.TReader.ReadRootComponent
 0001:0003BBFC       Classes.TReader.ReadSet
 0001:0003BCB8       Classes.TReader.ReadSignature
 0001:0003AB94       Classes.TReader.ReadSingle
 0001:0003BCDC       Classes.TReader.ReadStr
 0001:0003BD6C       Classes.TReader.ReadString
 0001:0003BF94       Classes.TReader.ReadValue
 0001:0003CA94       Classes.TReader.ReadVariant
 0001:0003A26C       Classes.TReader.ReadWideChar
 0001:0003BE54       Classes.TReader.ReadWideString
 0001:0003C7D0       Classes.TReader.ReferenceName
 0001:0003C7E8       Classes.TReader.SetName
 0001:0003BFA8       Classes.TReader.SetPosition
 0001:0003C884       Classes.TReader.SkipBytes
 0001:0003C66C       Classes.TReader.SkipComponent
 0001:0003C624       Classes.TReader.SkipProperty
 0001:0003BFC8       Classes.TReader.SkipSetBody
 0001:0003C0D0       Classes.TReader.SkipValue
 0001:000325E4       Classes.TRegGroup.AddClass
 0001:000325F0       Classes.TRegGroup.BestClass
 0001:00032650       Classes.TRegGroup.BestGroup
 0001:000326C0       Classes.TRegGroup.Create
 0001:0003271C       Classes.TRegGroup.Destroy
 0001:0003275C       Classes.TRegGroup.GetClass
 0001:000327AC       Classes.TRegGroup.GetClasses
 0001:000327F4       Classes.TRegGroup.IndexOfClass
 0001:0003286C       Classes.TRegGroup.InGroup
 0001:000328B0       Classes.TRegGroup.RegisterClass
 0001:00032960       Classes.TRegGroup.RegisterClassAlias
 0001:00032998       Classes.TRegGroup.Registered
 0001:000329B0       Classes.TRegGroup.UnregisterClass
 0001:00032A10       Classes.TRegGroup.UnregisterModuleClasses
 0001:00032B50       Classes.TRegGroups.Activate
 0001:00032B9C       Classes.TRegGroups.AddClass
 0001:00032BBC       Classes.TRegGroups.Create
 0001:00032C30       Classes.TRegGroups.Destroy
 0001:00032C90       Classes.TRegGroups.FindGroup
 0001:00032CD4       Classes.TRegGroups.GetClass
 0001:00032D18       Classes.TRegGroups.GroupedWith
 0001:00032DBC       Classes.TRegGroups.GroupWith
 0001:00032E90       Classes.TRegGroups.Lock
 0001:00032E9C       Classes.TRegGroups.RegisterClass
 0001:00032EB4       Classes.TRegGroups.RegisterClassAlias
 0001:00032ED4       Classes.TRegGroups.Registered
 0001:00032F18       Classes.TRegGroups.StartGroup
 0001:00032F68       Classes.TRegGroups.Unlock
 0001:00032F74       Classes.TRegGroups.UnregisterClass
 0001:00032FA4       Classes.TRegGroups.UnregisterModuleClasses
 0001:00038F38       Classes.TResourceStream.Create
 0001:00038F90       Classes.TResourceStream.CreateFromID
 0001:000390F0       Classes.TResourceStream.Destroy
 0001:00039084       Classes.TResourceStream.Initialize
 0001:00039120       Classes.TResourceStream.Write
 0001:00038374       Classes.TStream.CopyFrom
 0001:000387DC       Classes.TStream.FixupResourceHeader
 0001:000380B0       Classes.TStream.GetPosition
 0001:000380E4       Classes.TStream.GetSize
 0001:0002C10C       Classes.TStream.Read
 0001:00038304       Classes.TStream.ReadBuffer
 0001:00038468       Classes.TStream.ReadComponent
 0001:0003852C       Classes.TStream.ReadComponentRes
 0001:000388D4       Classes.TStream.ReadResHeader
 0001:00038210       Classes.TStream.Seek
 0001:00038294       Classes.TStream.Seek
 0001:000380D0       Classes.TStream.SetPosition
 0001:00038148       Classes.TStream.SetSize
 0001:00038130       Classes.TStream.SetSize
 0001:00038134       Classes.TStream.SetSize64
 0001:0002C114       Classes.TStream.Write
 0001:0003833C       Classes.TStream.WriteBuffer
 0001:000384C8       Classes.TStream.WriteComponent
 0001:00038548       Classes.TStream.WriteComponentRes
 0001:000384D0       Classes.TStream.WriteDescendent
 0001:000388A0       Classes.TStream.WriteDescendentRes
 0001:00038550       Classes.TStream.WriteResourceHeader
 0001:00041BC4       Classes.TStreamAdapter.Clone
 0001:00041B18       Classes.TStreamAdapter.Commit
 0001:00041910       Classes.TStreamAdapter.CopyTo
 0001:000416D4       Classes.TStreamAdapter.Create
 0001:00041720       Classes.TStreamAdapter.Destroy
 0001:00041B30       Classes.TStreamAdapter.LockRegion
 0001:00041758       Classes.TStreamAdapter.Read
 0001:00041B24       Classes.TStreamAdapter.Revert
 0001:00041828       Classes.TStreamAdapter.Seek
 0001:000418AC       Classes.TStreamAdapter.SetSize
 0001:00041B48       Classes.TStreamAdapter.Stat
 0001:00041B3C       Classes.TStreamAdapter.UnlockRegion
 0001:000417C0       Classes.TStreamAdapter.Write
 0001:00037998       Classes.TStringList.Add
 0001:000379A8       Classes.TStringList.AddObject
 0001:00037A0C       Classes.TStringList.Changed
 0001:00037A28       Classes.TStringList.Changing
 0001:00037A44       Classes.TStringList.Clear
 0001:00037FF0       Classes.TStringList.CompareStrings
 0001:00038044       Classes.TStringList.Create
 0001:0003800C       Classes.TStringList.Create
 0001:00037FB8       Classes.TStringList.CustomSort
 0001:00037AAC       Classes.TStringList.Delete
 0001:00037914       Classes.TStringList.Destroy
 0001:00037B2C       Classes.TStringList.Exchange
 0001:00037B88       Classes.TStringList.ExchangeItems
 0001:00037BAC       Classes.TStringList.Find
 0001:00037C30       Classes.TStringList.Get
 0001:00037C60       Classes.TStringList.GetCapacity
 0001:00037C64       Classes.TStringList.GetCount
 0001:00037C68       Classes.TStringList.GetObject
 0001:00037C8C       Classes.TStringList.Grow
 0001:00037CC0       Classes.TStringList.IndexOf
 0001:00037CFC       Classes.TStringList.Insert
 0001:00037D60       Classes.TStringList.InsertItem
 0001:00037D0C       Classes.TStringList.InsertObject
 0001:00037DDC       Classes.TStringList.Put
 0001:00037E34       Classes.TStringList.PutObject
 0001:00037E70       Classes.TStringList.QuickSort
 0001:00037F08       Classes.TStringList.SetCapacity
 0001:00038088       Classes.TStringList.SetCaseSensitive
 0001:00037F48       Classes.TStringList.SetSorted
 0001:00037F68       Classes.TStringList.SetUpdateState
 0001:00037FA8       Classes.TStringList.Sort
 0001:00036178       Classes.TStrings.Add
 0001:0003619C       Classes.TStrings.AddObject
 0001:000361CC       Classes.TStrings.AddStrings
 0001:000361C0       Classes.TStrings.Append
 0001:00036284       Classes.TStrings.Assign
 0001:00036340       Classes.TStrings.BeginUpdate
 0001:0002B394       Classes.TStrings.Clear
 0001:000378CC       Classes.TStrings.CompareStrings
 0001:000363B0       Classes.TStrings.DefineProperties
 0001:0002B39C       Classes.TStrings.Delete
 0001:00036148       Classes.TStrings.Destroy
 0001:00036408       Classes.TStrings.EndUpdate
 0001:0003641C       Classes.TStrings.Equals
 0001:000364C8       Classes.TStrings.Error
 0001:00036500       Classes.TStrings.Error
 0001:00036558       Classes.TStrings.Exchange
 0001:00036644       Classes.TStrings.ExtractName
 0001:000366C0       Classes.TStrings.GetCapacity
 0001:000366C8       Classes.TStrings.GetCommaText
 0001:00036760       Classes.TStrings.GetDelimitedText
 0001:000377B8       Classes.TStrings.GetDelimiter
 0001:000369D0       Classes.TStrings.GetEnumerator
 0001:000377D4       Classes.TStrings.GetLineBreak
 0001:000369E0       Classes.TStrings.GetName
 0001:000378D8       Classes.TStrings.GetNameValueSeparator
 0001:00036A40       Classes.TStrings.GetObject
 0001:00037810       Classes.TStrings.GetQuoteChar
 0001:0003782C       Classes.TStrings.GetStrictDelimiter
 0001:00036A44       Classes.TStrings.GetText
 0001:00036A98       Classes.TStrings.GetTextStr
 0001:00036C30       Classes.TStrings.IndexOf
 0001:00036CBC       Classes.TStrings.IndexOfName
 0001:00036D90       Classes.TStrings.IndexOfObject
 0001:0002B3A4       Classes.TStrings.Insert
 0001:00036DC4       Classes.TStrings.InsertObject
 0001:00036E48       Classes.TStrings.LoadFromFile
 0001:00036DF4       Classes.TStrings.LoadFromFile
 0001:00036EB0       Classes.TStrings.LoadFromStream
 0001:00036EA4       Classes.TStrings.LoadFromStream
 0001:00036FA4       Classes.TStrings.Move
 0001:00037054       Classes.TStrings.Put
 0001:00037084       Classes.TStrings.PutObject
 0001:00037088       Classes.TStrings.ReadData
 0001:00037138       Classes.TStrings.SaveToFile
 0001:00037148       Classes.TStrings.SaveToFile
 0001:000371B8       Classes.TStrings.SaveToStream
 0001:000371A8       Classes.TStrings.SaveToStream
 0001:00037270       Classes.TStrings.SetCapacity
 0001:00037274       Classes.TStrings.SetCommaText
 0001:00037608       Classes.TStrings.SetDelimitedText
 0001:00037844       Classes.TStrings.SetDelimiter
 0001:00037864       Classes.TStrings.SetLineBreak
 0001:000378F4       Classes.TStrings.SetNameValueSeparator
 0001:00037890       Classes.TStrings.SetQuoteChar
 0001:000378B0       Classes.TStrings.SetStrictDelimiter
 0001:0003729C       Classes.TStrings.SetStringsAdapter
 0001:000372D0       Classes.TStrings.SetText
 0001:00037320       Classes.TStrings.SetTextStr
 0001:000374CC       Classes.TStrings.SetUpdateState
 0001:000374D0       Classes.TStrings.SetValue
 0001:00037584       Classes.TStrings.WriteData
 0001:000360D0       Classes.TStringsEnumerator.Create
 0001:00036114       Classes.TStringsEnumerator.GetCurrent
 0001:0003612C       Classes.TStringsEnumerator.MoveNext
 0004:00004F50       Classes.TThread.$ClassInitFlag
 0001:0003F9B0       Classes.TThread.AfterConstruction
 0001:0003FA58       Classes.TThread.CallOnTerminate
 0001:0003F9C4       Classes.TThread.CheckThreadError
 0001:0003FA40       Classes.TThread.CheckThreadError
 0001:0003F810       Classes.TThread.Create
 0002:0000023C       Classes.TThread.Create@
 0001:0003F914       Classes.TThread.Destroy
 0001:0003F988       Classes.TThread.Destroy@
 0001:0003FA6C       Classes.TThread.DoTerminate
 0005:00000008       Classes.TThread.FCurrentThread
 0001:0003FA80       Classes.TThread.GetPriority
 0001:0003FABC       Classes.TThread.InternalStart
 0001:00040554       Classes.TThread.NameThreadForDebugging
 0001:0003FCE8       Classes.TThread.Queue
 0001:0003FC1C       Classes.TThread.Queue
 0001:00040150       Classes.TThread.Queue
 0001:0003FB94       Classes.TThread.Queue
 0001:000402E4       Classes.TThread.RemoveQueuedEvents
 0001:00040388       Classes.TThread.RemoveQueuedEvents
 0001:0003FD88       Classes.TThread.RemoveQueuedEvents
 0001:00040448       Classes.TThread.Resume
 0001:0003FB68       Classes.TThread.SetPriority
 0001:0004039C       Classes.TThread.SetSuspended
 0001:000403B4       Classes.TThread.SpinWait
 0001:000403D0       Classes.TThread.Start
 0001:0003FE4C       Classes.TThread.StaticQueue
 0001:000402D0       Classes.TThread.StaticSynchronize
 0001:000403D8       Classes.TThread.Suspend
 0001:00040058       Classes.TThread.Synchronize
 0001:000400C0       Classes.TThread.Synchronize
 0001:00040234       Classes.TThread.Synchronize
 0001:00040024       Classes.TThread.Synchronize
 0001:0003FE60       Classes.TThread.Synchronize
 0001:00040470       Classes.TThread.Terminate
 0001:00040494       Classes.TThread.WaitFor
 0001:00034A4C       Classes.TThreadList.Add
 0001:00034AD4       Classes.TThreadList.Clear
 0001:0003497C       Classes.TThreadList.Create
 0001:000349D0       Classes.TThreadList.Destroy
 0001:00034B1C       Classes.TThreadList.LockList
 0001:00034B30       Classes.TThreadList.Remove
 0001:00034B38       Classes.TThreadList.RemoveItem
 0001:00034B8C       Classes.TThreadList.UnlockList
 0001:0003CCE0       Classes.TWriter.AddAncestor
 0001:0003CD14       Classes.TWriter.DefineBinaryProperty
 0001:0003CCEC       Classes.TWriter.DefineProperty
 0001:0003CCB4       Classes.TWriter.Destroy
 0001:0003CD50       Classes.TWriter.FindMethodName
 0001:0003CD98       Classes.TWriter.FlushBuffer
 0001:0003F36C       Classes.TWriter.GetLookupInfo
 0001:0003CD40       Classes.TWriter.GetPosition
 0001:0003CDA0       Classes.TWriter.SetPosition
 0001:0003CDDC       Classes.TWriter.SetRoot
 0001:0003CDF4       Classes.TWriter.Write
 0001:0003CE40       Classes.TWriter.WriteBinary
 0001:0003CEE0       Classes.TWriter.WriteBoolean
 0001:0003CEC8       Classes.TWriter.WriteBuffer
 0001:0003CEF4       Classes.TWriter.WriteChar
 0001:0003CF94       Classes.TWriter.WriteCollection
 0001:0003D084       Classes.TWriter.WriteComponent
 0001:0003D62C       Classes.TWriter.WriteCurrency
 0001:0003D1D8       Classes.TWriter.WriteData
 0001:0003D650       Classes.TWriter.WriteDate
 0001:0003D598       Classes.TWriter.WriteDescendent
 0001:0003D608       Classes.TWriter.WriteDouble
 0001:0003D5C0       Classes.TWriter.WriteFloat
 0001:0003D674       Classes.TWriter.WriteIdent
 0001:0003D758       Classes.TWriter.WriteInteger
 0001:0003D7CC       Classes.TWriter.WriteInteger
 0001:0003D824       Classes.TWriter.WriteListBegin
 0001:0003D82C       Classes.TWriter.WriteListEnd
 0001:0003F030       Classes.TWriter.WriteMinStr
 0001:0003D834       Classes.TWriter.WritePrefix
 0001:0003D87C       Classes.TWriter.WriteProperties
 0001:0003E9D4       Classes.TWriter.WriteProperty
 0001:0003EF08       Classes.TWriter.WritePropName
 0001:0003EF5C       Classes.TWriter.WriteRootComponent
 0001:0003EF64       Classes.TWriter.WriteSignature
 0001:0003D5E4       Classes.TWriter.WriteSingle
 0001:0003EF74       Classes.TWriter.WriteStr
 0001:0003F164       Classes.TWriter.WriteString
 0001:0003F27C       Classes.TWriter.WriteUTF8Str
 0001:0003F358       Classes.TWriter.WriteValue
 0001:0003EB28       Classes.TWriter.WriteVariant
 0001:0003CF44       Classes.TWriter.WriteWideChar
 0001:0003F350       Classes.TWriter.WriteWideString
 0001:00033930       Classes.UnregisterFindGlobalComponentProc
 0001:00033414       Classes.UnRegisterModuleClasses
 0003:0000107C       Classes.UtilWindowClass
 0001:0003F540       Classes.WaitForSyncEvent
 0003:00000F94       Classes.WakeMainThread
 0001:00033C64       Classes.WriteCollection
 0001:0003E204       Classes.WriteCollectionProp
 0001:0003E3A0       Classes.WriteFloatProp
 0001:0003E3E0       Classes.WriteInt64Prop
 0001:0003E804       Classes.WriteInterfaceProp
 0001:0003E198       Classes.WriteIntProp
 0001:0003E8E0       Classes.WriteMethodProp
 0001:0003E5F0       Classes.WriteObjectProp
 0001:0003E2A8       Classes.WriteOrdProp
 0001:0003E0AC       Classes.WritePropPath
 0001:0003E104       Classes.WriteSet
 0001:0003E41C       Classes.WriteStrProp
 0001:0003E970       Classes.WriteVariantProp
 0004:00005174       Clipbrd..3
 0001:0006DFBC       Clipbrd..EClipboardException
 0001:0006DB58       Clipbrd..TClipboard
 0004:00005172       Clipbrd.CF_COMPONENT
 0004:00005170       Clipbrd.CF_PICTURE
 0001:0006EB3C       Clipbrd.Clipboard
 0002:00000950       Clipbrd.Clipbrd
 0004:00005178       Clipbrd.FClipboard
 0001:0006EBEC       Clipbrd.Finalization
 0001:0006EA84       Clipbrd.HasAPicture
 0001:0006E0A8       Clipbrd.TClipboard.Adding
 0001:0006E984       Clipbrd.TClipboard.Assign
 0001:0006E900       Clipbrd.TClipboard.AssignGraphic
 0001:0006E87C       Clipbrd.TClipboard.AssignPicture
 0001:0006E814       Clipbrd.TClipboard.AssignTo
 0001:0006E744       Clipbrd.TClipboard.AssignToBitmap
 0001:0006E7B0       Clipbrd.TClipboard.AssignToMetafile
 0001:0006E68C       Clipbrd.TClipboard.AssignToPicture
 0001:0006E064       Clipbrd.TClipboard.Clear
 0001:0006E0C4       Clipbrd.TClipboard.Close
 0001:0006EBB8       Clipbrd.TClipboard.Destroy
 0001:0006E9D0       Clipbrd.TClipboard.GetAsHandle
 0001:0006E580       Clipbrd.TClipboard.GetAsText
 0001:0006E1C4       Clipbrd.TClipboard.GetComponent
 0001:0006EA7C       Clipbrd.TClipboard.GetFormatCount
 0001:0006E4D8       Clipbrd.TClipboard.GetTextBuf
 0001:0006EB04       Clipbrd.TClipboard.HasFormat
 0001:0006EB5C       Clipbrd.TClipboard.MainWndProc
 0001:0006E0F0       Clipbrd.TClipboard.Open
 0001:0006EA24       Clipbrd.TClipboard.SetAsHandle
 0001:0006E600       Clipbrd.TClipboard.SetAsText
 0001:0006E368       Clipbrd.TClipboard.SetBuffer
 0001:0006E468       Clipbrd.TClipboard.SetComponent
 0001:0006E55C       Clipbrd.TClipboard.SetTextBuf
 0001:0006E1A4       Clipbrd.TClipboard.WndProc
 0004:00005184       ComCtrls..96
 0001:00075D7C       ComCtrls..ETreeViewError
 0001:000852B4       ComCtrls..TComboBoxExActionLink
 0001:0009DEE0       ComCtrls..TComboBoxExEnumerator
 0001:00084544       ComCtrls..TComboBoxExStrings
 0001:00084178       ComCtrls..TComboExItem
 0001:00084368       ComCtrls..TComboExItems
 0001:00079D74       ComCtrls..TConversion
 0001:00084CFC       ComCtrls..TCustomComboBoxEx
 0001:0007E878       ComCtrls..TCustomListView
 0001:00079F94       ComCtrls..TCustomRichEdit
 0001:00076704       ComCtrls..TCustomTreeView
 0001:0007D278       ComCtrls..TIconOptions
 0001:0007BB9C       ComCtrls..TListColumn
 0001:0007BF60       ComCtrls..TListColumns
 0001:0007B538       ComCtrls..TListGroup
 0001:0007B9FC       ComCtrls..TListGroups
 0001:0007C148       ComCtrls..TListItem
 0001:0007CAC4       ComCtrls..TListItems
 0001:0007C920       ComCtrls..TListItemsEnumerator
 0001:0007FD7C       ComCtrls..TListView
 0001:0008122C       ComCtrls..TListViewActionLink
 0001:000798D4       ComCtrls..TParaAttributes
 0001:000789A4       ComCtrls..TProgressBar
 0001:0007A68C       ComCtrls..TRichEdit
 0001:0008CF64       ComCtrls..TRichEditStrings
 0001:0008FE24       ComCtrls..TSubItems
 0001:000795B8       ComCtrls..TTextAttributes
 0001:00082758       ComCtrls..TToolBar
 0001:000825BC       ComCtrls..TToolBarEnumerator
 0001:00081544       ComCtrls..TToolButton
 0001:000813F0       ComCtrls..TToolButtonActionLink
 0001:000745F4       ComCtrls..TTreeNode
 0001:00075444       ComCtrls..TTreeNodes
 0001:00075254       ComCtrls..TTreeNodesEnumerator
 0001:00087A80       ComCtrls..TTreeStrings
 0001:00077784       ComCtrls..TTreeView
 0001:0007CEC0       ComCtrls..TWorkArea
 0001:0007D0DC       ComCtrls..TWorkAreas
 0001:0008D934       ComCtrls.AdjustLineBreaks
 0001:0008F3C8       ComCtrls.AppendConversionFormat
 0003:00001BB8       ComCtrls.Arrangements
 0003:00001BC0       ComCtrls.AutoArrange
 0003:00001B5C       ComCtrls.AutoExpandStyles
 0003:00001B98       ComCtrls.BorderStyles
 0003:00001B14       ComCtrls.BorderStyles
 0003:00001C54       ComCtrls.ButtonStates
 0003:00001C64       ComCtrls.ButtonStyles
 0003:00001B2C       ComCtrls.ButtonStyles
 0003:00001B0C       ComCtrls.cAddMode
 0001:0009A52C       ComCtrls.CalcSize
 0001:0008545C       ComCtrls.CheckCommonControl
 0003:00001C24       ComCtrls.Codes
 0003:00001B88       ComCtrls.Codes
 0003:00001BE8       ComCtrls.ColumnClicks
 0003:00001CA4       ComCtrls.ComboBoxExStyles
 0003:00001CB0       ComCtrls.ComboExStyles
 0004:00005188       ComCtrls.ComCtlVersion
 0002:00000A1C       ComCtrls.ComCtrls
 0001:0009AE3C       ComCtrls.ContainsActiveControl
 0001:0008DDAC       ComCtrls.ContainsPreamble
 0004:0000518C       ComCtrls.ConversionFormatList
 0001:00093B98       ComCtrls.ConvertFlags
 0001:00093A00       ComCtrls.ConvertMask
 0001:00093BBC       ComCtrls.ConvertStates
 0001:0008D570       ComCtrls.CountLineBreaks
 0003:00001C98       ComCtrls.CustomizeStyles
 0001:00091F60       ComCtrls.DefaultListViewSort
 0001:00085514       ComCtrls.DefaultTreeViewSort
 0003:00001C10       ComCtrls.Directions
 0001:00092B68       ComCtrls.DoBufferedPaint
 0003:00001C70       ComCtrls.DownMessage
 0003:00001B44       ComCtrls.DragStyles
 0003:00001B34       ComCtrls.EditStyles
 0003:00001BA0       ComCtrls.EditStyles
 0001:0009FDB8       ComCtrls.Finalization
 0001:0009C9C4       ComCtrls.FindButton
 0003:00001C88       ComCtrls.FlatOnXp
 0003:00001C80       ComCtrls.FlatStyles
 0001:0009FD58       ComCtrls.FreeConversionFormatList
 0004:00005194       ComCtrls.FRichEditModule
 0003:00001C00       ComCtrls.FullString
 0001:0009189C       ComCtrls.GetByteLength
 0001:00085484       ComCtrls.GetComCtlVersion
 0001:00099680       ComCtrls.GetImageBitmap
 0001:00091918       ComCtrls.GetListItemsFromStream
 0001:00099944       ComCtrls.HasDropDownButton
 0003:00001B74       ComCtrls.HideScrollBars
 0003:00001B3C       ComCtrls.HideSelections
 0003:00001B7C       ComCtrls.HideSelections
 0003:00001BB0       ComCtrls.HideSelections
 0003:00001B64       ComCtrls.HotTrackStyles
 0003:00001C3C       ComCtrls.IAlignment
 0001:00085430       ComCtrls.InitCommonControl
 0003:00001CA0       ComCtrls.InitDone
 0001:0009CD48       ComCtrls.InitToolMenuHooks
 0001:0009CE48       ComCtrls.InitToolMenuKeyHooks
 0001:0009D254       ComCtrls.IsMenuBar
 0001:0009BAC0       ComCtrls.IsToolButtonMouseMsg
 0004:000051A8       ComCtrls.LastMenuItem
 0004:000051AC       ComCtrls.LastMousePos
 0003:00001B1C       ComCtrls.LineStyles
 0003:00001C78       ComCtrls.ListStyles
 0004:000051A4       ComCtrls.MenuButtonIndex
 0004:0000519C       ComCtrls.MenuToolBar
 0004:000051A0       ComCtrls.MenuToolBar2
 0003:00001BA8       ComCtrls.MultiSelections
 0001:0008B970       ComCtrls.NodeInList
 0003:00001B84       ComCtrls.Painting
 0001:0008BAD8       ComCtrls.ProgressLimitError
 0001:0009244C       ComCtrls.ReadCols
 0001:0009CD80       ComCtrls.ReleaseToolMenuHooks
 0001:0009CE6C       ComCtrls.ReleaseToolMenuKeyHooks
 0003:00001B24       ComCtrls.RootStyles
 0003:00001B6C       ComCtrls.RowSelectStyles
 0003:00001AFC       ComCtrls.RTFConversionFormat
 0003:00001B4C       ComCtrls.RTLStyles
 0001:0009BB80       ComCtrls.SendDropdownMsg
 0001:000854CC       ComCtrls.SetComCtlStyle
 0004:00005190       ComCtrls.ShellModule
 0003:00001BE0       ComCtrls.ShowColumns
 0001:0008B9A0       ComCtrls.SiblingNotInList
 0004:000051B4       ComCtrls.StillModal
 0001:0008DB94       ComCtrls.StreamLoad
 0001:0008DA14       ComCtrls.StreamSave
 0001:0009F16C       ComCtrls.TComboBoxExActionLink.AddItem
 0001:0009F1DC       ComCtrls.TComboBoxExActionLink.AddItem
 0001:0009F210       ComCtrls.TComboBoxExEnumerator.Clone
 0001:0009F254       ComCtrls.TComboBoxExEnumerator.Create
 0001:0009F290       ComCtrls.TComboBoxExEnumerator.GetCount
 0001:0009F29C       ComCtrls.TComboBoxExEnumerator.GetString
 0001:0009F2C0       ComCtrls.TComboBoxExEnumerator.Next
 0001:0009F3B8       ComCtrls.TComboBoxExEnumerator.Reset
 0001:0009F3CC       ComCtrls.TComboBoxExEnumerator.Skip
 0001:0009EC44       ComCtrls.TComboBoxExStrings.Add
 0001:0009F040       ComCtrls.TComboBoxExStrings.AddItem
 0001:0009EC68       ComCtrls.TComboBoxExStrings.AddObject
 0001:0009EC98       ComCtrls.TComboBoxExStrings.Clear
 0001:0009ED0C       ComCtrls.TComboBoxExStrings.Create
 0001:0009ED9C       ComCtrls.TComboBoxExStrings.Delete
 0001:0009ED64       ComCtrls.TComboBoxExStrings.Destroy
 0001:0009EDA8       ComCtrls.TComboBoxExStrings.Exchange
 0001:0009EEF4       ComCtrls.TComboBoxExStrings.Get
 0001:0009EF18       ComCtrls.TComboBoxExStrings.GetCapacity
 0001:0009EF24       ComCtrls.TComboBoxExStrings.GetCount
 0001:0009F080       ComCtrls.TComboBoxExStrings.GetItemClass
 0001:0009F078       ComCtrls.TComboBoxExStrings.GetItemsClass
 0001:0009EF30       ComCtrls.TComboBoxExStrings.GetObject
 0001:0009F064       ComCtrls.TComboBoxExStrings.GetSortType
 0001:0009EF48       ComCtrls.TComboBoxExStrings.IndexOf
 0001:0009EF94       ComCtrls.TComboBoxExStrings.IndexOfName
 0001:0009EF9C       ComCtrls.TComboBoxExStrings.Insert
 0001:0009EFB0       ComCtrls.TComboBoxExStrings.Move
 0001:0009EFD0       ComCtrls.TComboBoxExStrings.PutObject
 0001:0009EFF0       ComCtrls.TComboBoxExStrings.SetItems
 0001:0009F06C       ComCtrls.TComboBoxExStrings.SetSortType
 0001:0009F000       ComCtrls.TComboBoxExStrings.SetUpdateState
 0001:0009DAE8       ComCtrls.TComboExItem.Assign
 0001:0009DB3C       ComCtrls.TComboExItem.SetCaption
 0001:0009DB70       ComCtrls.TComboExItem.SetData
 0001:0009DBA4       ComCtrls.TComboExItem.SetDisplayName
 0001:0009DBC4       ComCtrls.TComboExItem.SetImageIndex
 0001:0009DBF4       ComCtrls.TComboExItem.SetIndex
 0001:0009DC10       ComCtrls.TComboExItem.SetOverlayImageIndex
 0001:0009DC2C       ComCtrls.TComboExItem.SetSelectedImageIndex
 0001:0009DC48       ComCtrls.TComboExItems.Add
 0001:0009DC54       ComCtrls.TComboExItems.AddItem
 0001:0009DCBC       ComCtrls.TComboExItems.GetComboItem
 0001:0009DCD0       ComCtrls.TComboExItems.Insert
 0001:0009DD08       ComCtrls.TComboExItems.Notify
 0001:0009DD78       ComCtrls.TComboExItems.SetItem
 0001:0008CEAC       ComCtrls.TConversion.ConvertReadStream
 0001:0008CF08       ComCtrls.TConversion.ConvertWriteStream
 0001:0008CE74       ComCtrls.TConversion.Create
 0001:0009E948       ComCtrls.TCustomComboBoxEx.ActionChange
 0001:0009E3C4       ComCtrls.TCustomComboBoxEx.CMColorChanged
 0001:0009E398       ComCtrls.TCustomComboBoxEx.CMParentColorChanged
 0001:0009E13C       ComCtrls.TCustomComboBoxEx.CNNotify
 0001:0009E4A0       ComCtrls.TCustomComboBoxEx.ComboExWndProc
 0001:0009DFF8       ComCtrls.TCustomComboBoxEx.Create
 0001:0009E190       ComCtrls.TCustomComboBoxEx.CreateParams
 0001:0009E4B8       ComCtrls.TCustomComboBoxEx.CreateWnd
 0001:0009E0B8       ComCtrls.TCustomComboBoxEx.Destroy
 0001:0009EA34       ComCtrls.TCustomComboBoxEx.DestroyWnd
 0001:0009EAA0       ComCtrls.TCustomComboBoxEx.Focused
 0001:0009E8A4       ComCtrls.TCustomComboBoxEx.GetActionLinkClass
 0001:0009EA24       ComCtrls.TCustomComboBoxEx.GetDropDownCount
 0001:0009E808       ComCtrls.TCustomComboBoxEx.GetItemCount
 0001:0009EA2C       ComCtrls.TCustomComboBoxEx.GetItemHt
 0001:0009E814       ComCtrls.TCustomComboBoxEx.GetItemsClass
 0001:0009E81C       ComCtrls.TCustomComboBoxEx.GetSelText
 0001:0009E2A8       ComCtrls.TCustomComboBoxEx.ImageListChange
 0001:0009E910       ComCtrls.TCustomComboBoxEx.IsItemsExStored
 0001:0009E320       ComCtrls.TCustomComboBoxEx.Notification
 0001:0009EBFC       ComCtrls.TCustomComboBoxEx.SetAutoCompleteOptions
 0001:0009E9AC       ComCtrls.TCustomComboBoxEx.SetDropDownCount
 0001:0009E214       ComCtrls.TCustomComboBoxEx.SetImages
 0001:0009E894       ComCtrls.TCustomComboBoxEx.SetItemsEx
 0001:0009E9EC       ComCtrls.TCustomComboBoxEx.SetSelText
 0001:0009E350       ComCtrls.TCustomComboBoxEx.SetStyle
 0001:0009E8AC       ComCtrls.TCustomComboBoxEx.SetStyleEx
 0001:0009EADC       ComCtrls.TCustomComboBoxEx.UpdateAutoComplete
 0001:0009EC24       ComCtrls.TCustomComboBoxEx.WMHelp
 0001:0009E424       ComCtrls.TCustomComboBoxEx.WMLButtonDown
 0001:0009E2D4       ComCtrls.TCustomComboBoxEx.WndProc
 0001:0009715C       ComCtrls.TCustomListView.ActionChange
 0001:00094BF8       ComCtrls.TCustomListView.AddItem
 0001:00095250       ComCtrls.TCustomListView.AlphaSort
 0001:00096DC4       ComCtrls.TCustomListView.AreItemsStored
 0001:00095AD0       ComCtrls.TCustomListView.Arrange
 0001:00094C60       ComCtrls.TCustomListView.CanChange
 0001:00094D18       ComCtrls.TCustomListView.CanEdit
 0001:0009662C       ComCtrls.TCustomListView.CanvasChanged
 0001:00094CA8       ComCtrls.TCustomListView.Change
 0001:00094B18       ComCtrls.TCustomListView.ChangeScale
 0001:000970FC       ComCtrls.TCustomListView.Clear
 0001:00096F5C       ComCtrls.TCustomListView.ClearSelection
 0001:00093458       ComCtrls.TCustomListView.CMColorChanged
 0001:0009347C       ComCtrls.TCustomListView.CMCtl3DChanged
 0001:00095020       ComCtrls.TCustomListView.CMDrag
 0001:00093748       ComCtrls.TCustomListView.CMFontChanged
 0001:00096AFC       ComCtrls.TCustomListView.CMHintShow
 0001:000964F8       ComCtrls.TCustomListView.CNDrawItem
 0001:00093C08       ComCtrls.TCustomListView.CNNotify
 0001:00094B88       ComCtrls.TCustomListView.ColClick
 0001:00094BA8       ComCtrls.TCustomListView.ColRightClick
 0001:00093730       ComCtrls.TCustomListView.ColumnsShowing
 0001:00096F98       ComCtrls.TCustomListView.CopySelection
 0001:00091FCC       ComCtrls.TCustomListView.Create
 0001:000939B8       ComCtrls.TCustomListView.CreateListItem
 0001:000939F0       ComCtrls.TCustomListView.CreateListItems
 0001:00092320       ComCtrls.TCustomListView.CreateParams
 0001:00092500       ComCtrls.TCustomListView.CreateWnd
 0001:00096748       ComCtrls.TCustomListView.CustomDraw
 0001:000967A0       ComCtrls.TCustomListView.CustomDrawItem
 0001:00096814       ComCtrls.TCustomListView.CustomDrawSubItem
 0001:0009520C       ComCtrls.TCustomListView.CustomSort
 0001:00094CE0       ComCtrls.TCustomListView.Delete
 0001:0009700C       ComCtrls.TCustomListView.DeleteSelected
 0001:00092208       ComCtrls.TCustomListView.Destroy
 0001:000927FC       ComCtrls.TCustomListView.DestroyWnd
 0001:000962D0       ComCtrls.TCustomListView.DoAutoSize
 0001:00095154       ComCtrls.TCustomListView.DoDragOver
 0001:00094FF4       ComCtrls.TCustomListView.DoEndDrag
 0001:00094E94       ComCtrls.TCustomListView.DoGesture
 0001:00096C24       ComCtrls.TCustomListView.DoInfoTip
 0001:00094F14       ComCtrls.TCustomListView.DoStartDrag
 0001:0009688C       ComCtrls.TCustomListView.DrawItem
 0001:00096948       ComCtrls.TCustomListView.DrawWorkAreas
 0001:00094D44       ComCtrls.TCustomListView.Edit
 0001:00092DB4       ComCtrls.TCustomListView.EditWndProc
 0001:000955A4       ComCtrls.TCustomListView.FindCaption
 0001:00095674       ComCtrls.TCustomListView.FindData
 0001:00097154       ComCtrls.TCustomListView.GetActionLinkClass
 0001:00095348       ComCtrls.TCustomListView.GetBoundingRect
 0001:00095598       ComCtrls.TCustomListView.GetColumnFromIndex
 0001:00096E44       ComCtrls.TCustomListView.GetColumnFromTag
 0001:000970B4       ComCtrls.TCustomListView.GetCount
 0001:00094DF4       ComCtrls.TCustomListView.GetDragImages
 0001:00095840       ComCtrls.TCustomListView.GetDropTarget
 0001:000958AC       ComCtrls.TCustomListView.GetFocused
 0001:00095714       ComCtrls.TCustomListView.GetHitTestInfoAt
 0001:00096CC0       ComCtrls.TCustomListView.GetHoverTime
 0001:00095908       ComCtrls.TCustomListView.GetImageIndex
 0001:00093A4C       ComCtrls.TCustomListView.GetItem
 0001:00095A68       ComCtrls.TCustomListView.GetItemAt
 0001:000938BC       ComCtrls.TCustomListView.GetItemIndex
 0001:000959FC       ComCtrls.TCustomListView.GetNearestItem
 0001:00095928       ComCtrls.TCustomListView.GetNextItem
 0001:00096498       ComCtrls.TCustomListView.GetSearchString
 0001:00093B80       ComCtrls.TCustomListView.GetSelCount
 0001:000957C0       ComCtrls.TCustomListView.GetSelected
 0001:00096904       ComCtrls.TCustomListView.GetSubItemImage
 0001:00095308       ComCtrls.TCustomListView.GetTopItem
 0001:000952EC       ComCtrls.TCustomListView.GetViewOrigin
 0001:000952C4       ComCtrls.TCustomListView.GetVisibleRowCount
 0001:00092BF4       ComCtrls.TCustomListView.HeaderWndProc
 0001:000928F4       ComCtrls.TCustomListView.ImageListChange
 0001:00094BD8       ComCtrls.TCustomListView.InsertItem
 0001:00096634       ComCtrls.TCustomListView.IsCustomDrawn
 0001:00094DC4       ComCtrls.TCustomListView.IsEditing
 0001:0009297C       ComCtrls.TCustomListView.Loaded
 0001:00096DFC       ComCtrls.TCustomListView.MouseUp
 0001:000929BC       ComCtrls.TCustomListView.Notification
 0001:000938E4       ComCtrls.TCustomListView.OwnerDataFetch
 0001:0009390C       ComCtrls.TCustomListView.OwnerDataFind
 0001:00093958       ComCtrls.TCustomListView.OwnerDataHint
 0001:00093980       ComCtrls.TCustomListView.OwnerDataStateChange
 0001:00092F6C       ComCtrls.TCustomListView.ResetExStyles
 0001:00093074       ComCtrls.TCustomListView.RestoreChecks
 0001:00096D50       ComCtrls.TCustomListView.RestoreIndents
 0001:00093100       ComCtrls.TCustomListView.SaveChecks
 0001:00096CF0       ComCtrls.TCustomListView.SaveIndents
 0001:00095364       ComCtrls.TCustomListView.Scroll
 0001:000970C0       ComCtrls.TCustomListView.SelectAll
 0001:00093420       ComCtrls.TCustomListView.SetAllocBy
 0001:00093310       ComCtrls.TCustomListView.SetBorderStyle
 0001:00093184       ComCtrls.TCustomListView.SetCheckboxes
 0001:00093324       ComCtrls.TCustomListView.SetColumnClick
 0001:00093394       ComCtrls.TCustomListView.SetColumnHeaders
 0001:00095868       ComCtrls.TCustomListView.SetDropTarget
 0001:000932E8       ComCtrls.TCustomListView.SetFlatScrollBars
 0001:000958C4       ComCtrls.TCustomListView.SetFocused
 0001:000932FC       ComCtrls.TCustomListView.SetFullDrag
 0001:00093244       ComCtrls.TCustomListView.SetGridLines
 0001:00095384       ComCtrls.TCustomListView.SetGroupHeaderImages
 0001:00096C80       ComCtrls.TCustomListView.SetGroupView
 0001:00093788       ComCtrls.TCustomListView.SetHideSelection
 0001:00093258       ComCtrls.TCustomListView.SetHotTrack
 0001:0009326C       ComCtrls.TCustomListView.SetHotTrackStyles
 0001:00096C44       ComCtrls.TCustomListView.SetHoverTime
 0001:000937B0       ComCtrls.TCustomListView.SetIconOptions
 0001:000928B0       ComCtrls.TCustomListView.SetImageList
 0001:00093338       ComCtrls.TCustomListView.SetItemIndex
 0001:000951E0       ComCtrls.TCustomListView.SetItems
 0001:00095400       ComCtrls.TCustomListView.SetLargeImages
 0001:000951EC       ComCtrls.TCustomListView.SetListColumns
 0001:000951FC       ComCtrls.TCustomListView.SetListGroups
 0001:00093380       ComCtrls.TCustomListView.SetMultiSelect
 0001:00093294       ComCtrls.TCustomListView.SetOwnerData
 0001:000932C0       ComCtrls.TCustomListView.SetOwnerDraw
 0001:0009379C       ComCtrls.TCustomListView.SetReadOnly
 0001:000932D4       ComCtrls.TCustomListView.SetRowSelect
 0001:000957D8       ComCtrls.TCustomListView.SetSelected
 0001:00096AE4       ComCtrls.TCustomListView.SetShowWorkAreas
 0001:00095474       ComCtrls.TCustomListView.SetSmallImages
 0001:00095288       ComCtrls.TCustomListView.SetSortType
 0001:000954F0       ComCtrls.TCustomListView.SetStateImages
 0001:000933D4       ComCtrls.TCustomListView.SetTextBkColor
 0001:000933A8       ComCtrls.TCustomListView.SetTextColor
 0001:000937E0       ComCtrls.TCustomListView.SetViewStyle
 0001:000928E0       ComCtrls.TCustomListView.StoreGroups
 0001:00095AF8       ComCtrls.TCustomListView.StringWidth
 0001:00095FD0       ComCtrls.TCustomListView.UpdateColumn
 0001:00095B5C       ComCtrls.TCustomListView.UpdateColumns
 0001:00095CDC       ComCtrls.TCustomListView.UpdateGroup
 0001:00095BD4       ComCtrls.TCustomListView.UpdateGroups
 0001:00092F4C       ComCtrls.TCustomListView.UpdateItems
 0001:0009373C       ComCtrls.TCustomListView.ValidHeaderHandle
 0001:00096E80       ComCtrls.TCustomListView.WMContextMenu
 0001:00096F08       ComCtrls.TCustomListView.WMCtlColorEdit
 0001:0009613C       ComCtrls.TCustomListView.WMLButtonDown
 0001:000934A0       ComCtrls.TCustomListView.WMNotify
 0001:00096ABC       ComCtrls.TCustomListView.WMPaint
 0001:0009386C       ComCtrls.TCustomListView.WMParentNotify
[...]
   897 0001:000FE640   898 0001:000FE654   899 0001:000FE662   900 0001:000FE678
   902 0001:000FE67C   903 0001:000FE686   900 0001:000FE68F   906 0001:000FE6A0
   909 0001:000FE6BC   919 0001:000FE6C0   920 0001:000FE6CC   921 0001:000FE6E0
   922 0001:000FE6F8   923 0001:000FE70C   924 0001:000FE724   925 0001:000FE738
   926 0001:000FE750   927 0001:000FE756   928 0001:000FE78B   929 0001:000FE7CC
   930 0001:000FE7F1   933 0001:000FE80A   935 0001:000FE810   936 0001:000FE821
   937 0001:000FE82A   939 0001:000FE85C   942 0001:000FE87B   945 0001:000FE889
   947 0001:000FE890   949 0001:000FE8AB   951 0001:000FE8C1   952 0001:000FE8DE
   953 0001:000FE904   954 0001:000FE92A   955 0001:000FE94E   956 0001:000FE975
   958 0001:000FE9DC   960 0001:000FE9E2   961 0001:000FEA05   964 0001:000FEA12
   965 0001:000FEA25   967 0001:000FEA37   969 0001:000FEA7C   971 0001:000FEA8D
   972 0001:000FEA94   977 0001:000FEAA1   981 0001:000FEAB4   983 0001:000FEACA
   985 0001:000FEAFF   986 0001:000FEB04   987 0001:000FEB13   985 0001:000FEB14
   990 0001:000FEB1E   991 0001:000FEB50   992 0001:000FEB55   993 0001:000FEB64
   991 0001:000FEB65   995 0001:000FEB6F   996 0001:000FEBA0  1001 0001:000FEC15
  1004 0001:000FEC1C  1008 0001:000FEC22  1009 0001:000FEC2C  1011 0001:000FEC38
  1014 0001:000FECB4  1015 0001:000FECB7  1016 0001:000FECC4  1017 0001:000FECCF
  1018 0001:000FECDC  1019 0001:000FECE9  1020 0001:000FECF6  1026 0001:000FECF8
  1027 0001:000FED1D  1028 0001:000FED35  1029 0001:000FED4B  1030 0001:000FED68
  1031 0001:000FED86  1032 0001:000FED9B  1033 0001:000FEDB0  1037 0001:000FEDE7
  1039 0001:000FEDFC  1040 0001:000FEE12  1042 0001:000FEE16  1043 0001:000FEE1F
  1040 0001:000FEE28  1046 0001:000FEE2C  1047 0001:000FEE2E  1053 0001:000FEF40
  1054 0001:000FEF73  1057 0001:000FEF7D  1058 0001:000FEFA5  1060 0001:000FEFC0
  1061 0001:000FEFCB  1063 0001:000FEFDD  1064 0001:000FF008  1061 0001:000FF009
  1065 0001:000FF00C  1068 0001:000FF060  1069 0001:000FF074  1070 0001:000FF085
  1071 0001:000FF090  1072 0001:000FF09F  1075 0001:000FF0B8  1076 0001:000FF0BE
  1078 0001:000FF0C2  1080 0001:000FF0C7  1081 0001:000FF0D0  1083 0001:000FF0D9
  1084 0001:000FF0DE  1086 0001:000FF0E2  1076 0001:000FF0EB  1088 0001:000FF0EF
  1091 0001:000FF0F4  1092 0001:000FF114  1093 0001:000FF122  1095 0001:000FF12B
  1096 0001:000FF132  1097 0001:000FF13B  1100 0001:000FF147  1101 0001:000FF150
  1108 0001:000FF174  1109 0001:000FF19A  1110 0001:000FF1AB  1111 0001:000FF1C6
  1112 0001:000FF1CB  1113 0001:000FF1D1  1114 0001:000FF1D6  1116 0001:000FF1DF
  1117 0001:000FF1E9  1118 0001:000FF201  1119 0001:000FF213  1121 0001:000FF22D
  1122 0001:000FF23A  1123 0001:000FF24C  1125 0001:000FF263  1126 0001:000FF270
  1127 0001:000FF280  1128 0001:000FF292  1130 0001:000FF2BC  1132 0001:000FF2D2
  1133 0001:000FF2E2  1134 0001:000FF2EF  1135 0001:000FF2FF  1136 0001:000FF311
  1137 0001:000FF32B  1140 0001:000FF343  1141 0001:000FF34E  1143 0001:000FF354
  1144 0001:000FF361  1145 0001:000FF36E  1146 0001:000FF380  1147 0001:000FF390
  1148 0001:000FF3A2  1151 0001:000FF3B0  1153 0001:000FF3C6  1154 0001:000FF3D3
  1155 0001:000FF3E5  1156 0001:000FF3F5  1157 0001:000FF407  1160 0001:000FF421
  1163 0001:000FF4DC  1164 0001:000FF4DF  1165 0001:000FF4ED  1168 0001:000FF4F0
  1169 0001:000FF4F3  1171 0001:000FF4FD  1172 0001:000FF502  1173 0001:000FF50A
  1175 0001:000FF511  1181 0001:000FF514  1182 0001:000FF532  1183 0001:000FF543
  1184 0001:000FF54A  1186 0001:000FF554  1188 0001:000FF569  1190 0001:000FF572
  1191 0001:000FF580  1192 0001:000FF598  1196 0001:000FF5A8  1197 0001:000FF5B4
  1199 0001:000FF5C4  1201 0001:000FF5DC  1202 0001:000FF5EB  1203 0001:000FF5FA
  1204 0001:000FF609  1205 0001:000FF618  1206 0001:000FF627  1209 0001:000FF636
  1211 0001:000FF656  1212 0001:000FF66C  1213 0001:000FF675  1214 0001:000FF67E
  1209 0001:000FF681  1215 0001:000FF684  1216 0001:000FF68B  1219 0001:000FF6B0
  1220 0001:000FF6B6  1221 0001:000FF6C3  1222 0001:000FF6D0  1223 0001:000FF6DD
  1224 0001:000FF6EA  1225 0001:000FF6F7  1226 0001:000FF704  1227 0001:000FF711
  1230 0001:000FF714  1232 0001:000FF718  1233 0001:000FF72A  1235 0001:000FF731
  1236 0001:000FF73B  1237 0001:000FF742  1238 0001:000FF749  1239 0001:000FF75A
  1240 0001:000FF763  1241 0001:000FF76A  1242 0001:000FF780  1243 0001:000FF78C
  1244 0001:000FF799  1245 0001:000FF7AA  1256 0001:000FF7B1  1257 0001:000FF7BE
  1258 0001:000FF7CB  1261 0001:000FF7D8  1262 0001:000FF7E4  1263 0001:000FF7EB
  1265 0001:000FF800  1266 0001:000FF80C  1267 0001:000FF813  1270 0001:000FF818
  1271 0001:000FF81B  1272 0001:000FF82E  1273 0001:000FF835  1274 0001:000FF83C
  1275 0001:000FF845  1276 0001:000FF850  1278 0001:000FF858  1286 0001:000FF85C
  1287 0001:000FF861  1290 0001:000FF864  1291 0001:000FF86A  1294 0001:000FF873
  1295 0001:000FF87A  1296 0001:000FF890  1301 0001:000FF894  1302 0001:000FF89C
  1304 0001:000FF8AF  1305 0001:000FF8BC  1307 0001:000FF8D7  1309 0001:000FF8EF
  1310 0001:000FF90B  1312 0001:000FF90D  1305 0001:000FF90E  1313 0001:000FF911
  1315 0001:000FF91A  1318 0001:000FF920  1319 0001:000FF923  1321 0001:000FF932
  1323 0001:000FF94B  1326 0001:000FF950  1327 0001:000FF953  1328 0001:000FF959
  1330 0001:000FF960  1331 0001:000FF967  1334 0001:000FF96C  1335 0001:000FF98A
  1336 0001:000FF994  1337 0001:000FF996  1340 0001:000FF9BC  1341 0001:000FF9DA
  1342 0001:000FF9E4  1343 0001:000FF9E6  1351 0001:000FFA0C  1352 0001:000FFA23
  1354 0001:000FFA27  1355 0001:000FFA37  1357 0001:000FFA49  1358 0001:000FFA52
  1360 0001:000FFA56  1361 0001:000FFA62  1358 0001:000FFA6B  1365 0001:000FFA6F
  1366 0001:000FFA94  1367 0001:000FFA9E  1368 0001:000FFAB2  1369 0001:000FFAC0
  1371 0001:000FFAD6  1373 0001:000FFAF2  1374 0001:000FFAFA  1377 0001:000FFB00
  1378 0001:000FFB06  1380 0001:000FFB1B  1381 0001:000FFB2F  1382 0001:000FFB38
  1384 0001:000FFB3D  1387 0001:000FFB40  1388 0001:000FFB43  1389 0001:000FFB63
  1390 0001:000FFB6C  1393 0001:000FFB70  1394 0001:000FFB73  1395 0001:000FFB93
  1396 0001:000FFB9C  1402 0001:000FFBA0  1404 0001:000FFBA5  1407 0001:000FFBC7
  1409 0001:000FFBE2  1410 0001:000FFBF8  1411 0001:000FFC03  1407 0001:000FFC04
  1412 0001:000FFC07  1413 0001:000FFC10  1417 0001:000FFC14  1418 0001:000FFC19
  1422 0001:000FFC1C  1423 0001:000FFC21  1426 0001:000FFC24  1427 0001:000FFC27
  1429 0001:000FFC2D  1431 0001:000FFC39  1432 0001:000FFC40  1435 0001:000FFC44
  1436 0001:000FFC48  1438 0001:000FFC4E  1439 0001:000FFC5C  1440 0001:000FFC6B
  1441 0001:000FFC7A  1444 0001:000FFC80  1447 0001:000FFC97  1450 0001:000FFC9C
  1452 0001:000FFC9F  1453 0001:000FFCB6  1454 0001:000FFCC0  1459 0001:000FFCC4
  1460 0001:000FFCDB  1465 0001:000FFCDC  1466 0001:000FFCE1  1467 0001:000FFCE3
  1469 0001:000FFCEE  1470 0001:000FFCF7  1472 0001:000FFCFB  1473 0001:000FFD04
  1470 0001:000FFD0F  1476 0001:000FFD13  1481 0001:000FFD1C  1482 0001:000FFD23
  1483 0001:000FFD30  1485 0001:000FFD39  1486 0001:000FFD42  1488 0001:000FFD46
  1489 0001:000FFD4F  1486 0001:000FFD5A  1491 0001:000FFD5E  1496 0001:000FFD64
  1498 0001:000FFD6C  1501 0001:000FFD88  1502 0001:000FFD9C  1503 0001:000FFDAA
  1504 0001:000FFDC2  1506 0001:000FFDC6  1507 0001:000FFDCF  1508 0001:000FFDD9
  1511 0001:000FFDF0  1513 0001:000FFE0C  1517 0001:000FFE10  1518 0001:000FFE26
  1521 0001:000FFE28  1522 0001:000FFE2C  1523 0001:000FFE37  1524 0001:000FFE46
  1525 0001:000FFE5D  1526 0001:000FFE72  1527 0001:000FFE8E  1530 0001:000FFE94
  1531 0001:000FFEB7  1533 0001:000FFEC1  1536 0001:000FFECD  1537 0001:000FFEED
  1538 0001:000FFEFB  1541 0001:000FFF00  1542 0001:000FFF0A  1543 0001:000FFF18
  1544 0001:000FFF28  1546 0001:000FFF38  1548 0001:000FFF48  1549 0001:000FFF52
  1550 0001:000FFF5A  1551 0001:000FFF62  1552 0001:000FFF79  1553 0001:000FFF87
  1554 0001:000FFF9B  1555 0001:000FFFB4  1556 0001:000FFFC4  1557 0001:000FFFD4
  1559 0001:000FFFE4  1561 0001:000FFFFB  1562 0001:00100012  1563 0001:00100029
  1564 0001:00100037  1567 0001:00100057  1568 0001:00100061  1570 0001:00100073
  1573 0001:00100150  1574 0001:00100153  1577 0001:0010015C  1578 0001:00100163
  1579 0001:00100170  1582 0001:00100174  1583 0001:00100177  1584 0001:00100181
  1585 0001:00100186  1586 0001:00100190  1587 0001:00100197  1591 0001:0010019C
  1592 0001:001001A2  1593 0001:001001AE  1597 0001:001001B0  1598 0001:001001B6
  1599 0001:001001C2  1602 0001:001001C4  1603 0001:001001C8  1605 0001:001001CE
  1606 0001:001001DC  1607 0001:001001EB  1608 0001:001001F1  1610 0001:001001FE
  1614 0001:00100204  1615 0001:00100208  1617 0001:0010020E  1618 0001:0010021C
  1619 0001:00100222  1621 0001:0010022F  1625 0001:00100234  1626 0001:00100238
  1628 0001:0010023E  1629 0001:0010024C  1630 0001:00100252  1632 0001:0010025F
  1636 0001:00100264  1637 0001:0010026A  1638 0001:00100276  1641 0001:00100278
  1642 0001:0010027B  1643 0001:0010028C  1644 0001:0010029D  1645 0001:001002AE
  1648 0001:001002B0  1649 0001:001002C6  1650 0001:001002CF  1651 0001:001002F3
  1655 0001:00100314  1656 0001:0010031B  1663 0001:0010031C  1664 0001:00100323
  1665 0001:00100329  1668 0001:00100349  1669 0001:0010035D  1671 0001:0010036F
  1673 0001:0010037A  1675 0001:00100383  1680 0001:0010038C  1681 0001:001003A5
  1682 0001:001003B1  1684 0001:001003BD  1686 0001:001003CB  1689 0001:001003E3
  1693 0001:001003F1  1695 0001:001003FD  1698 0001:00100420  1699 0001:00100423
  1700 0001:0010042E  1701 0001:00100439  1705 0001:0010043C  1706 0001:00100442
  1707 0001:0010044E  1710 0001:00100450  1711 0001:00100466  1712 0001:00100472
  1714 0001:00100497  1715 0001:001004A7  1718 0001:001004CC  1719 0001:001004EA
  1720 0001:00100506  1721 0001:00100514  1724 0001:00100547  1726 0001:00100557
  1729 0001:001005D8  1730 0001:001005F8  1731 0001:00100604  1733 0001:00100628
  1734 0001:00100644  1735 0001:00100652  1737 0001:0010067C  1739 0001:0010068C
  1742 0001:00100714  1743 0001:00100717  1744 0001:00100749  1747 0001:0010074C
  1748 0001:0010074F  1749 0001:0010076A  1752 0001:0010076C  1753 0001:0010076F
  1754 0001:00100789  1755 0001:0010079F  1756 0001:001007A8  1759 0001:001007AC
  1760 0001:001007AF  1761 0001:001007C9  1762 0001:001007D2  1766 0001:001007D4
  1767 0001:001007DE  1768 0001:001007E5  1772 0001:001007E8  1773 0001:0010080B
  1776 0001:0010080C  1777 0001:00100836  1778 0001:0010084B  1780 0001:00100877
  1782 0001:0010088A  1783 0001:00100898  1786 0001:001008D4  1787 0001:001008FE
  1788 0001:00100913  1790 0001:0010093F  1792 0001:00100952  1793 0001:00100960
  1797 0001:0010099C  1798 0001:001009AD  1802 0001:001009B0  1803 0001:001009B3
  1804 0001:001009C7  1807 0001:001009CC  1808 0001:001009CF  1810 0001:001009D3
  1812 0001:001009E0  1816 0001:001009E4  1817 0001:001009FD  1819 0001:00100A49
  1822 0001:00100A6C  1823 0001:00100A72  1824 0001:00100A81  1826 0001:00100A8B
  1827 0001:00100AA1  1833 0001:00100AA4  1834 0001:00100ABD  1835 0001:00100AC8
  1836 0001:00100AD0  1838 0001:00100AE2  1840 0001:00100AEF  1842 0001:00100AF3
  1843 0001:00100AFF  1844 0001:00100B1D  1840 0001:00100B26  1846 0001:00100B2A
  1849 0001:00100B68  1850 0001:00100B6B  1851 0001:00100B72  1852 0001:00100B79
  1853 0001:00100B89  1854 0001:00100B99  1858 0001:00100BA6  1859 0001:00100BB1
  1861 0001:00100BB9  1866 0001:00100BBC  1867 0001:00100BD2  1868 0001:00100BDC
  1869 0001:00100BFE  1874 0001:00100C20  1875 0001:00100C3F  1876 0001:00100C54
  1879 0001:00100C62  1880 0001:00100C6D  1882 0001:00100C85  1885 0001:00100C95
  1888 0001:00100CB8  1889 0001:00100CCE  1890 0001:00100CE0  1893 0001:00100D04
  1894 0001:00100D18  1895 0001:00100D21  1898 0001:00100D3C  1899 0001:00100D4D
  1905 0001:00100D64  1921 0001:00100D76  1923 0001:00100D8F  1924 0001:00100DA0
  1925 0001:00100DAF  1927 0001:00100DBC  1933 0001:00100DC4  1934 0001:00100DC8
  1936 0001:00100DD7  1937 0001:00100DE9  1939 0001:00100DED  1942 0001:00100DFA
  1937 0001:00100E03  1945 0001:00100E07  1950 0001:00100E0C  1951 0001:00100E26
  1952 0001:00100E32  1954 0001:00100E4A  1955 0001:00100E4C  1958 0001:00100E57
  1959 0001:00100E59  1965 0001:00100E80  1966 0001:00100E84  1968 0001:00100E93
  1969 0001:00100EA5  1971 0001:00100EA9  1974 0001:00100EB6  1969 0001:00100EBF
  1977 0001:00100EC3  1980 0001:00100EC8  1981 0001:00100ECE  1982 0001:00100ED7
  1983 0001:00100EE0  1986 0001:00100EE4  1989 0001:00100EE7  1990 0001:00100F04
  1991 0001:00100F21  1997 0001:00100F28  2003 0001:00100F3F  2004 0001:00100F52
  2008 0001:00100F56  2009 0001:00100F62  2013 0001:00100F7C  2015 0001:00100F86
  2004 0001:00100F8F  2017 0001:00100F93  2039 0001:00101070  2040 0001:00101089
  2042 0001:0010109C  2043 0001:001010A9  2045 0001:001010B1  2046 0001:001010BD
  2048 0001:001010CD  2049 0001:001010D9  2051 0001:001010EB  2052 0001:001010FB
  2055 0001:0010111F  2056 0001:0010112E  2058 0001:00101140  2059 0001:00101150
  2061 0001:00101177  2062 0001:00101195  2064 0001:001011A7  2066 0001:001011B7
  2067 0001:001011D5  2069 0001:001011E7  2070 0001:001011F7  2073 0001:0010122D
  2074 0001:0010125D  2075 0001:00101273  2078 0001:0010129C  2080 0001:001012A4
  2083 0001:001015DC  2084 0001:001015DF  2085 0001:001015E8  2086 0001:001015F1
  2089 0001:001015F4  2090 0001:001015F7  2091 0001:00101600  2092 0001:00101609
  2098 0001:0010160C  2099 0001:00101615  2104 0001:00101631  2105 0001:0010163C
  2107 0001:00101647  2119 0001:0010169C  2120 0001:001016CE  2121 0001:001016D3
  2122 0001:001016E2  2123 0001:001016E8  2124 0001:001016F2  2125 0001:001016F8
  2127 0001:00101707  2128 0001:00101714  2129 0001:0010171E  2130 0001:0010172D
  2131 0001:00101731  2142 0001:00101782  2144 0001:001017A8  2145 0001:001017EA
  2146 0001:001017F6  2147 0001:0010180C  2153 0001:00101858  2160 0001:001018A0
  2161 0001:001018CA  2162 0001:001018D4  2167 0001:00101922  2171 0001:00101948
  2172 0001:0010195A  2173 0001:00101972  2177 0001:001019D4  2178 0001:001019E6
  2179 0001:001019FC  2183 0001:00101A24  2184 0001:00101A36  2185 0001:00101A4C
  2189 0001:00101A88  2190 0001:00101A9A  2191 0001:00101AB0  2195 0001:00101AD0
  2196 0001:00101AE2  2198 0001:00101B02  2202 0001:00101B0C  2203 0001:00101B1E
  2205 0001:00101B3E  2209 0001:00101B48  2210 0001:00101B5A  2212 0001:00101B74
  2216 0001:00101B7C  2217 0001:00101B8E  2218 0001:00101BA8  2222 0001:00101BB0
  2223 0001:00101BC2  2225 0001:00101BE2  2232 0001:00101BEC  2233 0001:00101C03
  2235 0001:00101C12  2236 0001:00101C1F  2238 0001:00101C23  2239 0001:00101C2F
  2241 0001:00101C44  2243 0001:00101C4C  2249 0001:00101C70  2250 0001:00101C89
  2251 0001:00101C93  2252 0001:00101CA2  2253 0001:00101CA7  2254 0001:00101CB8
  2257 0001:00101CEC  2258 0001:00101D02  2259 0001:00101D20  2262 0001:00101D98
  2263 0001:00101DAE  2264 0001:00101DCC  2267 0001:00101E44  2268 0001:00101E5A
  2269 0001:00101E78  2273 0001:00101ED8  2274 0001:00101EEE  2275 0001:00101F0C
  2279 0001:00101F84  2280 0001:00101F9A  2281 0001:00101FB8  2284 0001:00102030
  2285 0001:00102033  2286 0001:0010203C  2287 0001:00102045  2292 0001:00102048
  2293 0001:0010204E  2294 0001:0010205A  2299 0001:0010205C  2301 0001:00102062
  2308 0001:0010206E  2310 0001:00102076

Line numbers for TextTestRunner(TextTestRunner.pas) segment .text

   111 0001:00102790   113 0001:001027A1   117 0001:001027B8   118 0001:001027D0
   122 0001:001027D4   123 0001:001027EC   129 0001:001027F0   130 0001:00102815
   133 0001:0010284F   139 0001:00102878   140 0001:001028A0   141 0001:001028A9
   142 0001:001028B8   143 0001:001028C2   145 0001:001028FB   147 0001:00102932
   148 0001:00102949   150 0001:00102955   156 0001:00102A08   157 0001:00102A38
   158 0001:00102A42   159 0001:00102A59   160 0001:00102A65   168 0001:00102AF9
   158 0001:00102AFA   169 0001:00102B03   175 0001:00102BAC   176 0001:00102BDC
   177 0001:00102BE6   178 0001:00102BFD   179 0001:00102C09   187 0001:00102C9D
   177 0001:00102C9E   188 0001:00102CA7   194 0001:00102D50   195 0001:00102D78
   196 0001:00102D81   197 0001:00102D90   198 0001:00102D9A   200 0001:00102DD3
   202 0001:00102E0A   203 0001:00102E21   205 0001:00102E2D   211 0001:00102EE8
   212 0001:00102F0A   213 0001:00102F13   215 0001:00102F1E   216 0001:00102F2A
   220 0001:00102F5A   221 0001:00102F66   222 0001:00102F7E   223 0001:00102F96
   227 0001:00102FE0   230 0001:00103100   231 0001:00103111   232 0001:00103129
   235 0001:00103140   237 0001:00103151   240 0001:00103168   241 0001:00103193
   242 0001:001031BD   244 0001:001031E1   245 0001:001031EB   248 0001:0010322C
   249 0001:0010322F   250 0001:0010323E   251 0001:00103257   252 0001:00103260
   257 0001:00103290   258 0001:001032B2   259 0001:001032BB   260 0001:001032C5
   261 0001:001032D4   262 0001:001032EC   263 0001:00103345   264 0001:00103368
   265 0001:00103377   268 0001:001033E0   269 0001:00103404   270 0001:0010342A
   272 0001:00103434   273 0001:00103442   275 0001:0010345B   276 0001:00103479
   281 0001:00103480   282 0001:0010348C   287 0001:001034A7   290 0001:00103514
   291 0001:0010352D   292 0001:00103543   295 0001:00103568   296 0001:0010358C
   297 0001:001035B2   299 0001:001035BC   300 0001:001035CA   302 0001:001035E3
   303 0001:00103601   308 0001:00103608   309 0001:00103614   314 0001:0010362F
   317 0001:0010369C   318 0001:001036B2   319 0001:001036C6   323 0001:001036EC
   324 0001:00103716   325 0001:0010375F   328 0001:001037B0   329 0001:001037DA
   330 0001:00103823   333 0001:00103874   334 0001:00103892   335 0001:0010389C
   338 0001:001038C0   339 0001:001038D1   342 0001:001038E8   343 0001:001038F9

Line numbers for TextTestRunner(TextTestRunner.pas) segment .itext

   345 0002:00000C7C

Line numbers for UModelo(..\WebBroker\UModelo.pas) segment .text

    34 0001:00103C2C    35 0001:00103C2F    36 0001:00103C3B    41 0001:00103C40
    42 0001:00103C5E    43 0001:00103C6D    45 0001:00103C7D    46 0001:00103C8C
    48 0001:00103C9C    49 0001:00103C9E    52 0001:00103D13

Line numbers for UParcelasMaximasException(..\WebBroker\UParcelasMaximasException.pas) segment .text

    16 0001:00000000

Line numbers for UValorMaximoEstagiarioException(..\WebBroker\UValorMaximoEstagiarioException.pas) segment .text

    15 0001:00000000

Line numbers for UDMSimulaCredito(..\WebBroker\UDMSimulaCredito.pas) segment .text

    29 0001:00103F34    30 0001:00103F50    31 0001:00103F64    34 0001:00103F7C
    36 0001:00103FBA    38 0001:001040EF

Line numbers for UTestDMSimulaCredito(UTestDMSimulaCredito.pas) segment .text

    28 0001:0010443C    29 0001:0010443F    30 0001:00104450    33 0001:00104454
    34 0001:00104457    35 0001:0010445F    36 0001:00104464    41 0001:00104468
    42 0001:00104487    43 0001:00104495    45 0001:001044C1    47 0001:001044F1
    49 0001:00104508    53 0001:001046B4    54 0001:001046CC    55 0001:001046DA
    56 0001:00104703    57 0001:0010472F    60 0001:00104734

Line numbers for UTestDMSimulaCredito(UTestDMSimulaCredito.pas) segment .itext

    62 0002:00000C84    64 0002:00000CA0    65 0002:00000CB5

Line numbers for SimuladorCreditoWebTests(SimuladorCreditoWebTests.dpr) segment .itext

    30 0002:00000CD8    31 0002:00000CE8    32 0002:00000CF4    33 0002:00000CFE
    34 0002:00000D05    36 0002:00000D0C    37 0002:00000D11

Bound resource files

c:\codegear\rad studio\7.0\lib\character.res
c:\codegear\rad studio\7.0\lib\Controls.res
c:\codegear\rad studio\7.0\lib\Buttons.res
c:\codegear\rad studio\7.0\Source\DUnit\src\GUITestRunner.DFM
UDMSimulaCredito.dfm
SimuladorCreditoWebTests.RES
SimuladorCreditoWebTests.drf


Program entry point at 0002:00000CD8
